172.31.73.27 - - [07/Mar/2019:00:14:46 -0500] "GET /phpma/index.php HTTP/1.1" 404 1093 "-" "Mozilla/5.0 (X11; Linux x86_64; rv:28.0) Gecko/20100101 Firefox/28.0" "119.29.238.64"
172.31.67.77 - - [07/Mar/2019:00:14:48 -0500] "GET /optportal/services/getCompany_OptionByCompanyAndOptName.json?companyId=3296&name=CATALOG_BATCH_IMAGE_PULL_FROM_URL_CASE HTTP/1.1" 200 1407 "-" "-" "142.93.194.203, 162.158.62.57"
172.31.67.77 - - [07/Mar/2019:00:14:48 -0500] "GET /optportal/services/article.json?login=annlouisejewellers&company=3373&articleId=12998 HTTP/1.1" 200 1654 "-" "Rendr RestAdapter; Node.js" "96.52.67.136, ::ffff:108.162.245.118,142.93.117.156, 162.158.63.176"
172.31.73.27 - - [07/Mar/2019:00:14:49 -0500] "GET /optportal/services/brand/items.json?login=annlouisejewellers&company=3373&catalog_type=standard&prodPerPage=12&priceOption=retail&range=0-0&appType=1&catalog_version=3&purpose=POS&keysearchtype=style_hash&category_ids=7%2B7&cat_id=&page=2 HTTP/1.1" 200 3255 "-" "Rendr RestAdapter; Node.js" "96.52.67.136, ::ffff:162.158.106.78,142.93.117.156, 162.158.62.10"
172.31.73.27 - - [07/Mar/2019:00:14:49 -0500] "GET /optportal/services/getBrowseBy.json?login=annlouisejewellers&company=3373&catalog_type=standard&abc=true&dataFlag=true&category_ids=7&cat_id=7 HTTP/1.1" 200 617 "-" "Rendr RestAdapter; Node.js" "96.52.67.136, ::ffff:108.162.246.149,142.93.117.156, 162.158.62.212"
172.31.73.27 - - [07/Mar/2019:00:14:50 -0500] "GET /phpMyAbmin/index.php HTTP/1.1" 404 1098 "-" "Mozilla/5.0 (X11; Linux x86_64; rv:28.0) Gecko/20100101 Firefox/28.0" "119.29.238.64"
172.31.67.77 - - [07/Mar/2019:00:14:51 -0500] "GET /optportal/services/getCompany_OptionByCompanyAndOptName.json?companyId=3296&name=CATALOG_BATCH_IMAGE_PULL_FROM_URL_CASE HTTP/1.1" 200 1407 "-" "-" "167.99.225.172, 162.158.62.79"
172.31.73.27 - - [07/Mar/2019:00:14:51 -0500] "GET /phpMyAdmin__/index.php HTTP/1.1" 404 1100 "-" "Mozilla/5.0 (X11; Linux x86_64; rv:28.0) Gecko/20100101 Firefox/28.0" "119.29.238.64"
172.31.73.27 - - [07/Mar/2019:00:14:54 -0500] "GET /v/index.php HTTP/1.1" 404 1089 "-" "Mozilla/5.0 (X11; Linux x86_64; rv:28.0) Gecko/20100101 Firefox/28.0" "119.29.238.64"
172.31.73.27 - - [07/Mar/2019:00:14:54 -0500] "GET /phpmyadm1n/index.php HTTP/1.1" 404 1098 "-" "Mozilla/5.0 (X11; Linux x86_64; rv:28.0) Gecko/20100101 Firefox/28.0" "119.29.238.64"
172.31.73.27 - - [07/Mar/2019:00:14:57 -0500] "GET /optportal/services/getCompany_OptionByCompanyAndOptName.json?companyId=3296&name=CATALOG_BATCH_IMAGE_PULL_FROM_URL_CASE HTTP/1.1" 200 1407 "-" "-" "142.93.194.203, 162.158.62.48"
172.31.73.27 - - [07/Mar/2019:00:14:58 -0500] "GET /shaAdmin/index.php HTTP/1.1" 404 1096 "-" "Mozilla/5.0 (X11; Linux x86_64; rv:28.0) Gecko/20100101 Firefox/28.0" "119.29.238.64"
172.31.67.77 - - [07/Mar/2019:00:14:58 -0500] "GET /optportal/services/getBrowseBy.json?login=annlouisejewellers&company=3373&catalog_type=standard&abc=true&dataFlag=true&category_ids=7&cat_id=7 HTTP/1.1" 200 617 "-" "Rendr RestAdapter; Node.js" "96.52.67.136, ::ffff:108.162.246.149,142.93.117.156, 108.162.219.56"
172.31.73.27 - - [07/Mar/2019:00:14:59 -0500] "GET /optportal/services/brand/items.json?login=annlouisejewellers&company=3373&catalog_type=standard&prodPerPage=12&priceOption=retail&range=0-0&appType=1&catalog_version=3&purpose=POS&keysearchtype=style_hash&category_ids=7%2B7&cat_id=&page=3 HTTP/1.1" 200 3325 "-" "Rendr RestAdapter; Node.js" "96.52.67.136, ::ffff:108.162.246.149,142.93.117.156, 162.158.63.129"
172.31.73.27 - - [07/Mar/2019:00:15:00 -0500] "GET /optportal/services/getCompany_OptionByCompanyAndOptName.json?companyId=3296&name=CATALOG_BATCH_IMAGE_PULL_FROM_URL_CASE HTTP/1.1" 200 1407 "-" "-" "167.99.225.172, 173.245.52.120"
172.31.73.27 - - [07/Mar/2019:00:15:01 -0500] "GET /phpMyAdmion/index.php HTTP/1.1" 404 1099 "-" "Mozilla/5.0 (X11; Linux x86_64; rv:28.0) Gecko/20100101 Firefox/28.0" "119.29.238.64"
172.31.67.77 - - [07/Mar/2019:00:15:03 -0500] "GET /optportal/services/getCompany_OptionByCompanyAndOptName.json?companyId=3296&name=CATALOG_BATCH_IMAGE_PULL_FROM_URL_CASE HTTP/1.1" 200 1407 "-" "-" "167.99.225.172, 162.158.62.157"
172.31.73.27 - - [07/Mar/2019:00:15:03 -0500] "GET /optportal/services/getCompany_OptionByCompanyAndOptName.json?companyId=3296&name=CATALOG_BATCH_IMAGE_PULL_FROM_URL_CASE HTTP/1.1" 200 1407 "-" "-" "142.93.194.203, 162.158.63.237"
172.31.73.27 - - [07/Mar/2019:00:15:06 -0500] "GET /pwd/index.php HTTP/1.1" 404 1091 "-" "Mozilla/5.0 (X11; Linux x86_64; rv:28.0) Gecko/20100101 Firefox/28.0" "119.29.238.64"
172.31.73.27 - - [07/Mar/2019:00:15:06 -0500] "GET /optportal/services/catalog/getsimilaritems.json?login=annlouisejewellers&prodPerPage=12&page=1&multipleCategories=true&base_page_slug=watches&parent_cat_id=7&product_id=695569 HTTP/1.1" 200 64362 "-" "Rendr RestAdapter; Node.js" "96.52.67.136, ::ffff:108.162.246.149,142.93.117.156, 162.158.62.212"
172.31.67.77 - - [07/Mar/2019:00:15:07 -0500] "GET /optportal/services/newproduct.json?product=695569&login=annlouisejewellers&comp=3373&catalog_type=standard&purpose=POS&base_page_slug=watches&parent_cat_id=7 HTTP/1.1" 200 67755 "-" "Rendr RestAdapter; Node.js" "96.52.67.136, ::ffff:108.162.246.149,142.93.117.156, 162.158.62.211"
172.31.67.77 - - [07/Mar/2019:00:15:09 -0500] "GET /optportal/services/getCompany_OptionByCompanyAndOptName.json?companyId=3296&name=CATALOG_BATCH_IMAGE_PULL_FROM_URL_CASE HTTP/1.1" 200 1407 "-" "-" "142.93.194.203, 108.162.219.50"
172.31.73.27 - - [07/Mar/2019:00:15:09 -0500] "GET /phpMydmin/index.php HTTP/1.1" 404 1097 "-" "Mozilla/5.0 (X11; Linux x86_64; rv:28.0) Gecko/20100101 Firefox/28.0" "119.29.238.64"
172.31.73.27 - - [07/Mar/2019:00:15:10 -0500] "GET /shopdb/index.php HTTP/1.1" 404 1094 "-" "Mozilla/5.0 (X11; Linux x86_64; rv:28.0) Gecko/20100101 Firefox/28.0" "119.29.238.64"
172.31.73.27 - - [07/Mar/2019:00:15:12 -0500] "GET /optportal/services/getCompany_OptionByCompanyAndOptName.json?companyId=3296&name=CATALOG_BATCH_IMAGE_PULL_FROM_URL_CASE HTTP/1.1" 200 1407 "-" "-" "142.93.194.203, 162.158.62.206"
172.31.73.27 - - [07/Mar/2019:00:15:12 -0500] "GET /optportal/login.jsp HTTP/1.1" 200 11553 "-" "ELB-HealthChecker/1.0" "-"
172.31.67.77 - - [07/Mar/2019:00:15:12 -0500] "GET /optportal/login.jsp HTTP/1.1" 200 11553 "-" "ELB-HealthChecker/1.0" "-"
172.31.73.27 - - [07/Mar/2019:00:15:14 -0500] "GET /phpmy/index.php HTTP/1.1" 404 1093 "-" "Mozilla/5.0 (X11; Linux x86_64; rv:28.0) Gecko/20100101 Firefox/28.0" "119.29.238.64"
172.31.73.27 - - [07/Mar/2019:00:15:15 -0500] "GET /optportal/services/getCompany_OptionByCompanyAndOptName.json?companyId=3296&name=CATALOG_BATCH_IMAGE_PULL_FROM_URL_CASE HTTP/1.1" 200 1407 "-" "-" "167.99.225.172, 162.158.63.33"
172.31.67.77 - - [07/Mar/2019:00:15:18 -0500] "GET /optportal/services/getCompany_OptionByCompanyAndOptName.json?companyId=3296&name=CATALOG_BATCH_IMAGE_PULL_FROM_URL_CASE HTTP/1.1" 200 1407 "-" "-" "167.99.225.172, 108.162.219.176"
172.31.73.27 - - [07/Mar/2019:00:15:18 -0500] "GET /mysql/sqlmanager/index.php HTTP/1.1" 404 1108 "-" "Mozilla/5.0 (X11; Linux x86_64; rv:28.0) Gecko/20100101 Firefox/28.0" "119.29.238.64"
172.31.67.77 - - [07/Mar/2019:00:15:21 -0500] "GET /optportal/services/getCompany_OptionByCompanyAndOptName.json?companyId=3296&name=CATALOG_BATCH_IMAGE_PULL_FROM_URL_CASE HTTP/1.1" 200 1407 "-" "-" "167.99.225.172, 108.162.219.56"
172.31.73.27 - - [07/Mar/2019:00:15:21 -0500] "GET /wp-content/plugins/portable-phpmyadmin/wp-pma-mod/index.php HTTP/1.1" 404 1149 "-" "Mozilla/5.0 (X11; Linux x86_64; rv:28.0) Gecko/20100101 Firefox/28.0" "119.29.238.64"
172.31.73.27 - - [07/Mar/2019:00:15:24 -0500] "GET /optportal/services/getCompany_OptionByCompanyAndOptName.json?companyId=3296&name=CATALOG_BATCH_IMAGE_PULL_FROM_URL_CASE HTTP/1.1" 200 1407 "-" "-" "167.99.225.172, 173.245.52.90"
172.31.73.27 - - [07/Mar/2019:00:15:27 -0500] "GET /optportal/services/getCompany_OptionByCompanyAndOptName.json?companyId=3296&name=CATALOG_BATCH_IMAGE_PULL_FROM_URL_CASE HTTP/1.1" 200 1407 "-" "-" "167.99.225.172, 162.158.63.225"
172.31.67.77 - - [07/Mar/2019:00:15:30 -0500] "GET /optportal/services/getCompany_OptionByCompanyAndOptName.json?companyId=3296&name=CATALOG_BATCH_IMAGE_PULL_FROM_URL_CASE HTTP/1.1" 200 1407 "-" "-" "167.99.225.172, 162.158.62.157"
172.31.67.77 - - [07/Mar/2019:00:15:33 -0500] "GET /optportal/services/getCompany_OptionByCompanyAndOptName.json?companyId=3296&name=CATALOG_BATCH_IMAGE_PULL_FROM_URL_CASE HTTP/1.1" 200 1407 "-" "-" "167.99.225.172, 108.162.219.176"
172.31.73.27 - - [07/Mar/2019:00:15:36 -0500] "GET /optportal/services/getCompany_OptionByCompanyAndOptName.json?companyId=3296&name=CATALOG_BATCH_IMAGE_PULL_FROM_URL_CASE HTTP/1.1" 200 1407 "-" "-" "142.93.194.203, 162.158.62.48"
172.31.67.77 - - [07/Mar/2019:00:15:39 -0500] "GET /optportal/services/getCompany_OptionByCompanyAndOptName.json?companyId=3296&name=CATALOG_BATCH_IMAGE_PULL_FROM_URL_CASE HTTP/1.1" 200 1407 "-" "-" "142.93.194.203, 108.162.219.74"
172.31.67.77 - - [07/Mar/2019:00:15:42 -0500] "GET /optportal/services/getCompany_OptionByCompanyAndOptName.json?companyId=3296&name=CATALOG_BATCH_IMAGE_PULL_FROM_URL_CASE HTTP/1.1" 200 1407 "-" "-" "142.93.194.203, 162.158.63.242"
172.31.73.27 - - [07/Mar/2019:00:15:42 -0500] "GET /optportal/login.jsp HTTP/1.1" 200 11553 "-" "ELB-HealthChecker/1.0" "-"
172.31.67.77 - - [07/Mar/2019:00:15:42 -0500] "GET /optportal/login.jsp HTTP/1.1" 200 11553 "-" "ELB-HealthChecker/1.0" "-"
172.31.73.27 - - [07/Mar/2019:00:15:45 -0500] "GET /optportal/services/getCompany_OptionByCompanyAndOptName.json?companyId=3296&name=CATALOG_BATCH_IMAGE_PULL_FROM_URL_CASE HTTP/1.1" 200 1407 "-" "-" "167.99.225.172, 162.158.63.207"
172.31.73.27 - - [07/Mar/2019:00:15:48 -0500] "GET /optportal/services/getCompany_OptionByCompanyAndOptName.json?companyId=3296&name=CATALOG_BATCH_IMAGE_PULL_FROM_URL_CASE HTTP/1.1" 200 1407 "-" "-" "142.93.194.203, 162.158.62.48"
172.31.67.77 - - [07/Mar/2019:00:15:51 -0500] "GET /optportal/services/getCompany_OptionByCompanyAndOptName.json?companyId=3296&name=CATALOG_BATCH_IMAGE_PULL_FROM_URL_CASE HTTP/1.1" 200 1407 "-" "-" "167.99.225.172, 108.162.219.176"
172.31.73.27 - - [07/Mar/2019:00:15:54 -0500] "GET /optportal/services/getCompany_OptionByCompanyAndOptName.json?companyId=3296&name=CATALOG_BATCH_IMAGE_PULL_FROM_URL_CASE HTTP/1.1" 200 1407 "-" "-" "142.93.194.203, 162.158.62.10"
172.31.73.27 - - [07/Mar/2019:00:15:57 -0500] "GET /optportal/services/getCompany_OptionByCompanyAndOptName.json?companyId=3296&name=CATALOG_BATCH_IMAGE_PULL_FROM_URL_CASE HTTP/1.1" 200 1407 "-" "-" "142.93.194.203, 162.158.62.10"
172.31.67.77 - - [07/Mar/2019:00:16:00 -0500] "GET /optportal/services/getCompany_OptionByCompanyAndOptName.json?companyId=3296&name=CATALOG_BATCH_IMAGE_PULL_FROM_URL_CASE HTTP/1.1" 200 1407 "-" "-" "167.99.225.172, 108.162.219.182"
172.31.73.27 - - [07/Mar/2019:00:16:03 -0500] "GET /optportal/services/getCompany_OptionByCompanyAndOptName.json?companyId=3296&name=CATALOG_BATCH_IMAGE_PULL_FROM_URL_CASE HTTP/1.1" 200 1407 "-" "-" "142.93.194.203, 108.162.219.213"
172.31.67.77 - - [07/Mar/2019:00:16:06 -0500] "GET /optportal/services/getCompany_OptionByCompanyAndOptName.json?companyId=3296&name=CATALOG_BATCH_IMAGE_PULL_FROM_URL_CASE HTTP/1.1" 200 1407 "-" "-" "167.99.225.172, 162.158.63.104"
172.31.73.27 - - [07/Mar/2019:00:16:09 -0500] "GET /optportal/services/getCompany_OptionByCompanyAndOptName.json?companyId=3296&name=CATALOG_BATCH_IMAGE_PULL_FROM_URL_CASE HTTP/1.1" 200 1407 "-" "-" "142.93.194.203, 162.158.63.189"
172.31.67.77 - - [07/Mar/2019:00:16:12 -0500] "GET /optportal/services/getCompany_OptionByCompanyAndOptName.json?companyId=3296&name=CATALOG_BATCH_IMAGE_PULL_FROM_URL_CASE HTTP/1.1" 200 1407 "-" "-" "167.99.225.172, 162.158.63.98"
172.31.73.27 - - [07/Mar/2019:00:16:12 -0500] "GET /optportal/login.jsp HTTP/1.1" 200 11553 "-" "ELB-HealthChecker/1.0" "-"
172.31.67.77 - - [07/Mar/2019:00:16:12 -0500] "GET /optportal/login.jsp HTTP/1.1" 200 11553 "-" "ELB-HealthChecker/1.0" "-"
172.31.73.27 - - [07/Mar/2019:00:16:15 -0500] "GET /optportal/services/getCompany_OptionByCompanyAndOptName.json?companyId=3296&name=CATALOG_BATCH_IMAGE_PULL_FROM_URL_CASE HTTP/1.1" 200 1407 "-" "-" "142.93.194.203, 108.162.219.51"
172.31.67.77 - - [07/Mar/2019:00:16:20 -0500] "GET /optportal/services/getCompany_OptionByCompanyAndOptName.json?companyId=3296&name=CATALOG_BATCH_IMAGE_PULL_FROM_URL_CASE HTTP/1.1" 200 1407 "-" "-" "142.93.194.203, 108.162.219.248"
172.31.73.27 - - [07/Mar/2019:00:16:21 -0500] "GET /optportal/services/getCompany_OptionByCompanyAndOptName.json?companyId=3296&name=CATALOG_BATCH_IMAGE_PULL_FROM_URL_CASE HTTP/1.1" 200 1407 "-" "-" "142.93.194.203, 162.158.63.219"
172.31.67.77 - - [07/Mar/2019:00:16:24 -0500] "GET /optportal/services/getCompany_OptionByCompanyAndOptName.json?companyId=3296&name=CATALOG_BATCH_IMAGE_PULL_FROM_URL_CASE HTTP/1.1" 200 1407 "-" "-" "167.99.225.172, 162.158.62.145"
172.31.73.27 - - [07/Mar/2019:00:16:27 -0500] "GET /optportal/services/getCompany_OptionByCompanyAndOptName.json?companyId=3296&name=CATALOG_BATCH_IMAGE_PULL_FROM_URL_CASE HTTP/1.1" 200 1407 "-" "-" "142.93.194.203, 162.158.63.237"
172.31.67.77 - - [07/Mar/2019:00:16:30 -0500] "GET /optportal/services/getCompany_OptionByCompanyAndOptName.json?companyId=3296&name=CATALOG_BATCH_IMAGE_PULL_FROM_URL_CASE HTTP/1.1" 200 1407 "-" "-" "167.99.225.172, 162.158.62.157"
172.31.73.27 - - [07/Mar/2019:00:16:32 -0500] "GET /optportal/services/newproduct.json?product=695572&login=arnikjewellers&comp=3373&catalog_type=standard&purpose=POS&base_page_slug=watches&parent_cat_id=7 HTTP/1.1" 200 68278 "-" "Rendr RestAdapter; Node.js" "142.93.117.156, 173.245.52.150"
172.31.67.77 - - [07/Mar/2019:00:16:36 -0500] "GET /optportal/services/getCompany_OptionByCompanyAndOptName.json?companyId=3296&name=CATALOG_BATCH_IMAGE_PULL_FROM_URL_CASE HTTP/1.1" 200 1407 "-" "-" "167.99.225.172, 162.158.63.176"
172.31.73.27 - - [07/Mar/2019:00:16:39 -0500] "GET /optportal/services/getCompany_OptionByCompanyAndOptName.json?companyId=3296&name=CATALOG_BATCH_IMAGE_PULL_FROM_URL_CASE HTTP/1.1" 200 1407 "-" "-" "167.99.225.172, 162.158.62.10"
172.31.73.27 - - [07/Mar/2019:00:16:42 -0500] "GET /optportal/services/getCompany_OptionByCompanyAndOptName.json?companyId=3296&name=CATALOG_BATCH_IMAGE_PULL_FROM_URL_CASE HTTP/1.1" 200 1407 "-" "-" "167.99.225.172, 173.245.52.120"
172.31.67.77 - - [07/Mar/2019:00:16:42 -0500] "GET /optportal/services/getCompany_OptionByCompanyAndOptName.json?companyId=3296&name=CATALOG_BATCH_IMAGE_PULL_FROM_URL_CASE HTTP/1.1" 200 1407 "-" "-" "142.93.194.203, 173.245.52.173"
172.31.73.27 - - [07/Mar/2019:00:16:42 -0500] "GET /optportal/login.jsp HTTP/1.1" 200 11553 "-" "ELB-HealthChecker/1.0" "-"
172.31.67.77 - - [07/Mar/2019:00:16:42 -0500] "GET /optportal/login.jsp HTTP/1.1" 200 11553 "-" "ELB-HealthChecker/1.0" "-"
172.31.73.27 - - [07/Mar/2019:00:16:48 -0500] "GET /optportal/services/getCompany_OptionByCompanyAndOptName.json?companyId=3296&name=CATALOG_BATCH_IMAGE_PULL_FROM_URL_CASE HTTP/1.1" 200 1407 "-" "-" "167.99.225.172, 162.158.62.212"
172.31.67.77 - - [07/Mar/2019:00:16:51 -0500] "GET /optportal/services/getCompany_OptionByCompanyAndOptName.json?companyId=3296&name=CATALOG_BATCH_IMAGE_PULL_FROM_URL_CASE HTTP/1.1" 200 1407 "-" "-" "167.99.225.172, 162.158.62.63"
172.31.73.27 - - [07/Mar/2019:00:16:51 -0500] "GET /optportal/services/getCompany_OptionByCompanyAndOptName.json?companyId=3296&name=CATALOG_BATCH_IMAGE_PULL_FROM_URL_CASE HTTP/1.1" 200 1407 "-" "-" "142.93.194.203, 162.158.63.147"
172.31.73.27 - - [07/Mar/2019:00:16:57 -0500] "GET /optportal/services/getCompany_OptionByCompanyAndOptName.json?companyId=3296&name=CATALOG_BATCH_IMAGE_PULL_FROM_URL_CASE HTTP/1.1" 200 1407 "-" "-" "167.99.225.172, 162.158.63.33"
172.31.67.77 - - [07/Mar/2019:00:16:57 -0500] "GET /optportal/services/getCompany_OptionByCompanyAndOptName.json?companyId=3296&name=CATALOG_BATCH_IMAGE_PULL_FROM_URL_CASE HTTP/1.1" 200 1407 "-" "-" "142.93.194.203, 108.162.219.248"
172.31.67.77 - - [07/Mar/2019:00:17:03 -0500] "GET /optportal/services/getCompany_OptionByCompanyAndOptName.json?companyId=3296&name=CATALOG_BATCH_IMAGE_PULL_FROM_URL_CASE HTTP/1.1" 200 1407 "-" "-" "167.99.225.172, 162.158.63.104"
172.31.73.27 - - [07/Mar/2019:00:17:06 -0500] "GET /optportal/services/getCompany_OptionByCompanyAndOptName.json?companyId=3296&name=CATALOG_BATCH_IMAGE_PULL_FROM_URL_CASE HTTP/1.1" 200 1407 "-" "-" "167.99.225.172, 162.158.63.129"
172.31.73.27 - - [07/Mar/2019:00:17:09 -0500] "GET /optportal/services/getCompany_OptionByCompanyAndOptName.json?companyId=3296&name=CATALOG_BATCH_IMAGE_PULL_FROM_URL_CASE HTTP/1.1" 200 1407 "-" "-" "167.99.225.172, 162.158.63.207"
172.31.67.77 - - [07/Mar/2019:00:17:12 -0500] "GET /optportal/services/getCompany_OptionByCompanyAndOptName.json?companyId=3296&name=CATALOG_BATCH_IMAGE_PULL_FROM_URL_CASE HTTP/1.1" 200 1407 "-" "-" "167.99.225.172, 162.158.63.104"
172.31.73.27 - - [07/Mar/2019:00:17:12 -0500] "GET /optportal/services/getCompany_OptionByCompanyAndOptName.json?companyId=3296&name=CATALOG_BATCH_IMAGE_PULL_FROM_URL_CASE HTTP/1.1" 200 1407 "-" "-" "142.93.194.203, 108.162.219.51"
172.31.73.27 - - [07/Mar/2019:00:17:12 -0500] "GET /optportal/login.jsp HTTP/1.1" 200 11553 "-" "ELB-HealthChecker/1.0" "-"
172.31.67.77 - - [07/Mar/2019:00:17:12 -0500] "GET /optportal/login.jsp HTTP/1.1" 200 11553 "-" "ELB-HealthChecker/1.0" "-"
172.31.73.27 - - [07/Mar/2019:00:17:18 -0500] "GET /optportal/services/getCompany_OptionByCompanyAndOptName.json?companyId=3296&name=CATALOG_BATCH_IMAGE_PULL_FROM_URL_CASE HTTP/1.1" 200 1407 "-" "-" "167.99.225.172, 173.245.52.120"
172.31.67.77 - - [07/Mar/2019:00:17:18 -0500] "GET /optportal/services/getCompany_OptionByCompanyAndOptName.json?companyId=3296&name=CATALOG_BATCH_IMAGE_PULL_FROM_URL_CASE HTTP/1.1" 200 1407 "-" "-" "142.93.194.203, 108.162.219.182"
172.31.73.27 - - [07/Mar/2019:00:17:24 -0500] "GET /optportal/services/getCompany_OptionByCompanyAndOptName.json?companyId=3296&name=CATALOG_BATCH_IMAGE_PULL_FROM_URL_CASE HTTP/1.1" 200 1407 "-" "-" "167.99.225.172, 173.245.52.150"
172.31.67.77 - - [07/Mar/2019:00:17:25 -0500] "GET /optportal/services/verifyABCInfo.json?login=bernierobbins&company=251 HTTP/1.1" 200 1748 "-" "-" "142.93.117.156, 162.158.62.157"
172.31.73.27 - - [07/Mar/2019:00:17:26 -0500] "GET /optportal/services/newproduct.json?product=693004&login=bernierobbins&comp=251&catalog_type=standard&purpose=POS&base_page_slug=jewelry&parent_cat_id=3630 HTTP/1.1" 200 24072 "-" "Rendr RestAdapter; Node.js" "142.93.117.156, 173.245.52.150"
172.31.73.27 - - [07/Mar/2019:00:17:27 -0500] "GET /optportal/services/getCompany_OptionByCompanyAndOptName.json?companyId=3296&name=CATALOG_BATCH_IMAGE_PULL_FROM_URL_CASE HTTP/1.1" 200 1407 "-" "-" "142.93.194.203, 162.158.63.189"
172.31.67.77 - - [07/Mar/2019:00:17:30 -0500] "GET /optportal/services/getCompany_OptionByCompanyAndOptName.json?companyId=3296&name=CATALOG_BATCH_IMAGE_PULL_FROM_URL_CASE HTTP/1.1" 200 1407 "-" "-" "142.93.194.203, 108.162.219.212"
172.31.67.77 - - [07/Mar/2019:00:17:36 -0500] "GET /optportal/services/getCompany_OptionByCompanyAndOptName.json?companyId=3296&name=CATALOG_BATCH_IMAGE_PULL_FROM_URL_CASE HTTP/1.1" 200 1407 "-" "-" "167.99.225.172, 108.162.219.176"
172.31.67.77 - - [07/Mar/2019:00:17:39 -0500] "GET /optportal/services/getCompany_OptionByCompanyAndOptName.json?companyId=3296&name=CATALOG_BATCH_IMAGE_PULL_FROM_URL_CASE HTTP/1.1" 200 1407 "-" "-" "167.99.225.172, 162.158.63.104"
172.31.73.27 - - [07/Mar/2019:00:17:39 -0500] "GET /optportal/services/getCompany_OptionByCompanyAndOptName.json?companyId=3296&name=CATALOG_BATCH_IMAGE_PULL_FROM_URL_CASE HTTP/1.1" 200 1407 "-" "-" "142.93.194.203, 173.245.52.108"
172.31.73.27 - - [07/Mar/2019:00:17:42 -0500] "GET /optportal/login.jsp HTTP/1.1" 200 11560 "-" "ELB-HealthChecker/1.0" "-"
172.31.67.77 - - [07/Mar/2019:00:17:42 -0500] "GET /optportal/login.jsp HTTP/1.1" 200 11553 "-" "ELB-HealthChecker/1.0" "-"
172.31.73.27 - - [07/Mar/2019:00:17:45 -0500] "GET /optportal/services/getCompany_OptionByCompanyAndOptName.json?companyId=3296&name=CATALOG_BATCH_IMAGE_PULL_FROM_URL_CASE HTTP/1.1" 200 1407 "-" "-" "167.99.225.172, 108.162.219.243"
172.31.67.77 - - [07/Mar/2019:00:17:45 -0500] "GET /optportal/services/getCompany_OptionByCompanyAndOptName.json?companyId=3296&name=CATALOG_BATCH_IMAGE_PULL_FROM_URL_CASE HTTP/1.1" 200 1407 "-" "-" "142.93.194.203, 108.162.219.212"
172.31.67.77 - - [07/Mar/2019:00:17:48 -0500] "GET /optportal/services/getCompany_OptionByCompanyAndOptName.json?companyId=3296&name=CATALOG_BATCH_IMAGE_PULL_FROM_URL_CASE HTTP/1.1" 200 1407 "-" "-" "142.93.194.203, 108.162.219.74"
172.31.73.27 - - [07/Mar/2019:00:17:54 -0500] "GET /optportal/services/getCompany_OptionByCompanyAndOptName.json?companyId=3296&name=CATALOG_BATCH_IMAGE_PULL_FROM_URL_CASE HTTP/1.1" 200 1407 "-" "-" "167.99.225.172, 173.245.52.180"
172.31.67.77 - - [07/Mar/2019:00:17:57 -0500] "GET /optportal/services/getCompany_OptionByCompanyAndOptName.json?companyId=3296&name=CATALOG_BATCH_IMAGE_PULL_FROM_URL_CASE HTTP/1.1" 200 1407 "-" "-" "167.99.225.172, 162.158.63.176"
172.31.73.27 - - [07/Mar/2019:00:17:57 -0500] "GET /optportal/services/getCompany_OptionByCompanyAndOptName.json?companyId=3296&name=CATALOG_BATCH_IMAGE_PULL_FROM_URL_CASE HTTP/1.1" 200 1407 "-" "-" "142.93.194.203, 108.162.219.213"
172.31.73.27 - - [07/Mar/2019:00:18:00 -0500] "GET /optportal/services/getCompany_OptionByCompanyAndOptName.json?companyId=3296&name=CATALOG_BATCH_IMAGE_PULL_FROM_URL_CASE HTTP/1.1" 200 1407 "-" "-" "142.93.194.203, 162.158.63.237"
172.31.67.77 - - [07/Mar/2019:00:18:04 -0500] "GET /wp-login.php HTTP/1.1" 404 485 "-" "Mozilla/5.0 (Windows NT 6.1; WOW64; rv:40.0) Gecko/20100101 Firefox/40.1" "49.147.130.183, 162.158.230.200"
172.31.73.27 - - [07/Mar/2019:00:18:06 -0500] "GET /optportal/services/getCompany_OptionByCompanyAndOptName.json?companyId=3296&name=CATALOG_BATCH_IMAGE_PULL_FROM_URL_CASE HTTP/1.1" 200 1407 "-" "-" "167.99.225.172, 173.245.52.150"
172.31.67.77 - - [07/Mar/2019:00:18:09 -0500] "GET /optportal/services/getCompany_OptionByCompanyAndOptName.json?companyId=3296&name=CATALOG_BATCH_IMAGE_PULL_FROM_URL_CASE HTTP/1.1" 200 1407 "-" "-" "167.99.225.172, 108.162.219.182"
172.31.73.27 - - [07/Mar/2019:00:18:12 -0500] "GET /optportal/services/getCompany_OptionByCompanyAndOptName.json?companyId=3296&name=CATALOG_BATCH_IMAGE_PULL_FROM_URL_CASE HTTP/1.1" 200 1407 "-" "-" "167.99.225.172, 162.158.63.225"
172.31.73.27 - - [07/Mar/2019:00:18:12 -0500] "GET /optportal/login.jsp HTTP/1.1" 200 11553 "-" "ELB-HealthChecker/1.0" "-"
172.31.67.77 - - [07/Mar/2019:00:18:12 -0500] "GET /optportal/login.jsp HTTP/1.1" 200 11553 "-" "ELB-HealthChecker/1.0" "-"
172.31.67.77 - - [07/Mar/2019:00:18:15 -0500] "GET /optportal/services/getCompany_OptionByCompanyAndOptName.json?companyId=3296&name=CATALOG_BATCH_IMAGE_PULL_FROM_URL_CASE HTTP/1.1" 200 1407 "-" "-" "167.99.225.172, 162.158.62.63"
172.31.67.77 - - [07/Mar/2019:00:18:18 -0500] "GET /optportal/services/getCompany_OptionByCompanyAndOptName.json?companyId=3296&name=CATALOG_BATCH_IMAGE_PULL_FROM_URL_CASE HTTP/1.1" 200 1407 "-" "-" "142.93.194.203, 173.245.52.101"
172.31.67.77 - - [07/Mar/2019:00:18:21 -0500] "GET /optportal/services/getCompany_OptionByCompanyAndOptName.json?companyId=3296&name=CATALOG_BATCH_IMAGE_PULL_FROM_URL_CASE HTTP/1.1" 200 1407 "-" "-" "142.93.194.203, 173.245.52.173"
172.31.67.77 - - [07/Mar/2019:00:18:24 -0500] "GET /optportal/services/getCompany_OptionByCompanyAndOptName.json?companyId=3296&name=CATALOG_BATCH_IMAGE_PULL_FROM_URL_CASE HTTP/1.1" 200 1407 "-" "-" "142.93.194.203, 108.162.219.74"
172.31.67.77 - - [07/Mar/2019:00:18:27 -0500] "GET /optportal/services/getCompany_OptionByCompanyAndOptName.json?companyId=3296&name=CATALOG_BATCH_IMAGE_PULL_FROM_URL_CASE HTTP/1.1" 200 1407 "-" "-" "142.93.194.203, 162.158.63.122"
172.31.73.27 - - [07/Mar/2019:00:18:30 -0500] "GET /optportal/services/getCompany_OptionByCompanyAndOptName.json?companyId=3296&name=CATALOG_BATCH_IMAGE_PULL_FROM_URL_CASE HTTP/1.1" 200 1407 "-" "-" "167.99.225.172, 162.158.63.33"
172.31.73.27 - - [07/Mar/2019:00:18:33 -0500] "GET /optportal/services/getCompany_OptionByCompanyAndOptName.json?companyId=3296&name=CATALOG_BATCH_IMAGE_PULL_FROM_URL_CASE HTTP/1.1" 200 1407 "-" "-" "142.93.194.203, 162.158.63.237"
172.31.67.77 - - [07/Mar/2019:00:18:36 -0500] "GET /optportal/services/getCompany_OptionByCompanyAndOptName.json?companyId=3296&name=CATALOG_BATCH_IMAGE_PULL_FROM_URL_CASE HTTP/1.1" 200 1407 "-" "-" "167.99.225.172, 162.158.63.176"
172.31.67.77 - - [07/Mar/2019:00:18:39 -0500] "GET /optportal/services/getCompany_OptionByCompanyAndOptName.json?companyId=3296&name=CATALOG_BATCH_IMAGE_PULL_FROM_URL_CASE HTTP/1.1" 200 1407 "-" "-" "142.93.194.203, 108.162.219.212"
172.31.73.27 - - [07/Mar/2019:00:18:42 -0500] "GET /optportal/services/getCompany_OptionByCompanyAndOptName.json?companyId=3296&name=CATALOG_BATCH_IMAGE_PULL_FROM_URL_CASE HTTP/1.1" 200 1407 "-" "-" "167.99.225.172, 173.245.52.180"
172.31.73.27 - - [07/Mar/2019:00:18:42 -0500] "GET /optportal/login.jsp HTTP/1.1" 200 11553 "-" "ELB-HealthChecker/1.0" "-"
172.31.67.77 - - [07/Mar/2019:00:18:42 -0500] "GET /optportal/login.jsp HTTP/1.1" 200 11553 "-" "ELB-HealthChecker/1.0" "-"
172.31.67.77 - - [07/Mar/2019:00:18:45 -0500] "GET /optportal/services/getCompany_OptionByCompanyAndOptName.json?companyId=3296&name=CATALOG_BATCH_IMAGE_PULL_FROM_URL_CASE HTTP/1.1" 200 1407 "-" "-" "142.93.194.203, 173.245.52.101"
172.31.73.27 - - [07/Mar/2019:00:18:48 -0500] "GET /optportal/services/getCompany_OptionByCompanyAndOptName.json?companyId=3296&name=CATALOG_BATCH_IMAGE_PULL_FROM_URL_CASE HTTP/1.1" 200 1407 "-" "-" "167.99.225.172, 162.158.63.207"
172.31.67.77 - - [07/Mar/2019:00:18:51 -0500] "GET /optportal/services/getCompany_OptionByCompanyAndOptName.json?companyId=3296&name=CATALOG_BATCH_IMAGE_PULL_FROM_URL_CASE HTTP/1.1" 200 1407 "-" "-" "142.93.194.203, 108.162.219.182"
172.31.73.27 - - [07/Mar/2019:00:18:54 -0500] "GET /optportal/services/getCompany_OptionByCompanyAndOptName.json?companyId=3296&name=CATALOG_BATCH_IMAGE_PULL_FROM_URL_CASE HTTP/1.1" 200 1407 "-" "-" "167.99.225.172, 162.158.62.50"
172.31.67.77 - - [07/Mar/2019:00:18:57 -0500] "GET /optportal/services/getCompany_OptionByCompanyAndOptName.json?companyId=3296&name=CATALOG_BATCH_IMAGE_PULL_FROM_URL_CASE HTTP/1.1" 200 1407 "-" "-" "167.99.225.172, 162.158.62.211"
172.31.73.27 - - [07/Mar/2019:00:19:00 -0500] "GET /optportal/services/getCompany_OptionByCompanyAndOptName.json?companyId=3296&name=CATALOG_BATCH_IMAGE_PULL_FROM_URL_CASE HTTP/1.1" 200 1407 "-" "-" "142.93.194.203, 162.158.63.189"
172.31.67.77 - - [07/Mar/2019:00:19:03 -0500] "GET /optportal/services/getCompany_OptionByCompanyAndOptName.json?companyId=3296&name=CATALOG_BATCH_IMAGE_PULL_FROM_URL_CASE HTTP/1.1" 200 1407 "-" "-" "167.99.225.172, 162.158.62.63"
172.31.67.77 - - [07/Mar/2019:00:19:06 -0500] "GET /optportal/services/getCompany_OptionByCompanyAndOptName.json?companyId=3296&name=CATALOG_BATCH_IMAGE_PULL_FROM_URL_CASE HTTP/1.1" 200 1407 "-" "-" "142.93.194.203, 162.158.62.57"
172.31.73.27 - - [07/Mar/2019:00:19:09 -0500] "GET /optportal/services/getCompany_OptionByCompanyAndOptName.json?companyId=3296&name=CATALOG_BATCH_IMAGE_PULL_FROM_URL_CASE HTTP/1.1" 200 1407 "-" "-" "167.99.225.172, 162.158.63.33"
172.31.67.77 - - [07/Mar/2019:00:19:12 -0500] "GET /optportal/services/getCompany_OptionByCompanyAndOptName.json?companyId=3296&name=CATALOG_BATCH_IMAGE_PULL_FROM_URL_CASE HTTP/1.1" 200 1407 "-" "-" "142.93.194.203, 108.162.219.182"
172.31.73.27 - - [07/Mar/2019:00:19:12 -0500] "GET /optportal/login.jsp HTTP/1.1" 200 11553 "-" "ELB-HealthChecker/1.0" "-"
172.31.67.77 - - [07/Mar/2019:00:19:12 -0500] "GET /optportal/login.jsp HTTP/1.1" 200 11553 "-" "ELB-HealthChecker/1.0" "-"
172.31.73.27 - - [07/Mar/2019:00:19:15 -0500] "GET /optportal/services/getCompany_OptionByCompanyAndOptName.json?companyId=3296&name=CATALOG_BATCH_IMAGE_PULL_FROM_URL_CASE HTTP/1.1" 200 1407 "-" "-" "167.99.225.172, 173.245.52.150"
172.31.67.77 - - [07/Mar/2019:00:19:18 -0500] "GET /optportal/services/getCompany_OptionByCompanyAndOptName.json?companyId=3296&name=CATALOG_BATCH_IMAGE_PULL_FROM_URL_CASE HTTP/1.1" 200 1407 "-" "-" "142.93.194.203, 108.162.219.248"
172.31.73.27 - - [07/Mar/2019:00:19:21 -0500] "GET /optportal/services/getCompany_OptionByCompanyAndOptName.json?companyId=3296&name=CATALOG_BATCH_IMAGE_PULL_FROM_URL_CASE HTTP/1.1" 200 1407 "-" "-" "167.99.225.172, 162.158.62.212"
172.31.67.77 - - [07/Mar/2019:00:19:24 -0500] "GET /optportal/services/getCompany_OptionByCompanyAndOptName.json?companyId=3296&name=CATALOG_BATCH_IMAGE_PULL_FROM_URL_CASE HTTP/1.1" 200 1407 "-" "-" "167.99.225.172, 162.158.63.98"
172.31.73.27 - - [07/Mar/2019:00:19:27 -0500] "GET /optportal/services/getCompany_OptionByCompanyAndOptName.json?companyId=3296&name=CATALOG_BATCH_IMAGE_PULL_FROM_URL_CASE HTTP/1.1" 200 1407 "-" "-" "142.93.194.203, 162.158.62.48"
172.31.67.77 - - [07/Mar/2019:00:19:30 -0500] "GET /optportal/services/getCompany_OptionByCompanyAndOptName.json?companyId=3296&name=CATALOG_BATCH_IMAGE_PULL_FROM_URL_CASE HTTP/1.1" 200 1407 "-" "-" "142.93.194.203, 108.162.219.74"
172.31.67.77 - - [07/Mar/2019:00:19:33 -0500] "GET /optportal/services/getCompany_OptionByCompanyAndOptName.json?companyId=3296&name=CATALOG_BATCH_IMAGE_PULL_FROM_URL_CASE HTTP/1.1" 200 1407 "-" "-" "142.93.194.203, 162.158.62.57"
172.31.73.27 - - [07/Mar/2019:00:19:36 -0500] "GET /optportal/services/getCompany_OptionByCompanyAndOptName.json?companyId=3296&name=CATALOG_BATCH_IMAGE_PULL_FROM_URL_CASE HTTP/1.1" 200 1407 "-" "-" "167.99.225.172, 162.158.62.212"
172.31.73.27 - - [07/Mar/2019:00:19:39 -0500] "GET /optportal/services/getCompany_OptionByCompanyAndOptName.json?companyId=3296&name=CATALOG_BATCH_IMAGE_PULL_FROM_URL_CASE HTTP/1.1" 200 1407 "-" "-" "142.93.194.203, 162.158.63.147"
172.31.67.77 - - [07/Mar/2019:00:19:42 -0500] "GET /optportal/services/getCompany_OptionByCompanyAndOptName.json?companyId=3296&name=CATALOG_BATCH_IMAGE_PULL_FROM_URL_CASE HTTP/1.1" 200 1407 "-" "-" "167.99.225.172, 108.162.219.224"
172.31.73.27 - - [07/Mar/2019:00:19:42 -0500] "GET /optportal/login.jsp HTTP/1.1" 200 11553 "-" "ELB-HealthChecker/1.0" "-"
172.31.67.77 - - [07/Mar/2019:00:19:42 -0500] "GET /optportal/login.jsp HTTP/1.1" 200 11553 "-" "ELB-HealthChecker/1.0" "-"
172.31.73.27 - - [07/Mar/2019:00:19:45 -0500] "GET /optportal/services/getCompany_OptionByCompanyAndOptName.json?companyId=3296&name=CATALOG_BATCH_IMAGE_PULL_FROM_URL_CASE HTTP/1.1" 200 1407 "-" "-" "142.93.194.203, 162.158.63.237"
172.31.67.77 - - [07/Mar/2019:00:19:48 -0500] "GET /optportal/services/getCompany_OptionByCompanyAndOptName.json?companyId=3296&name=CATALOG_BATCH_IMAGE_PULL_FROM_URL_CASE HTTP/1.1" 200 1407 "-" "-" "167.99.225.172, 162.158.62.145"
172.31.73.27 - - [07/Mar/2019:00:19:51 -0500] "GET /optportal/services/getCompany_OptionByCompanyAndOptName.json?companyId=3296&name=CATALOG_BATCH_IMAGE_PULL_FROM_URL_CASE HTTP/1.1" 200 1407 "-" "-" "142.93.194.203, 162.158.63.33"
172.31.67.77 - - [07/Mar/2019:00:19:54 -0500] "GET /optportal/services/getCompany_OptionByCompanyAndOptName.json?companyId=3296&name=CATALOG_BATCH_IMAGE_PULL_FROM_URL_CASE HTTP/1.1" 200 1407 "-" "-" "167.99.225.172, 108.162.219.176"
172.31.67.77 - - [07/Mar/2019:00:19:57 -0500] "GET /optportal/services/getCompany_OptionByCompanyAndOptName.json?companyId=3296&name=CATALOG_BATCH_IMAGE_PULL_FROM_URL_CASE HTTP/1.1" 200 1407 "-" "-" "167.99.225.172, 162.158.62.63"
172.31.67.77 - - [07/Mar/2019:00:20:00 -0500] "GET /optportal/services/getCompany_OptionByCompanyAndOptName.json?companyId=3296&name=CATALOG_BATCH_IMAGE_PULL_FROM_URL_CASE HTTP/1.1" 200 1407 "-" "-" "142.93.194.203, 108.162.219.74"
172.31.73.27 - - [07/Mar/2019:00:20:03 -0500] "GET /optportal/services/getCompany_OptionByCompanyAndOptName.json?companyId=3296&name=CATALOG_BATCH_IMAGE_PULL_FROM_URL_CASE HTTP/1.1" 200 1407 "-" "-" "142.93.194.203, 173.245.52.108"
172.31.67.77 - - [07/Mar/2019:00:20:07 -0500] "GET /optportal/services/articles.json?login=caratco&purpose=browsing&company=229&menuId=30&ssect=399&sect=399&menu=30&section=399 HTTP/1.1" 200 3851 "-" "Rendr RestAdapter; Node.js" "142.93.122.238, 162.158.62.157"
172.31.67.77 - - [07/Mar/2019:00:20:10 -0500] "GET /optportal/services/getCompany_OptionByCompanyAndOptName.json?companyId=3296&name=CATALOG_BATCH_IMAGE_PULL_FROM_URL_CASE HTTP/1.1" 200 1407 "-" "-" "142.93.194.203, 162.158.63.56"
172.31.67.77 - - [07/Mar/2019:00:20:12 -0500] "GET /optportal/services/getCompany_OptionByCompanyAndOptName.json?companyId=3296&name=CATALOG_BATCH_IMAGE_PULL_FROM_URL_CASE HTTP/1.1" 200 1407 "-" "-" "142.93.194.203, 108.162.219.74"
172.31.73.27 - - [07/Mar/2019:00:20:12 -0500] "GET /optportal/login.jsp HTTP/1.1" 200 11553 "-" "ELB-HealthChecker/1.0" "-"
172.31.67.77 - - [07/Mar/2019:00:20:12 -0500] "GET /optportal/login.jsp HTTP/1.1" 200 11553 "-" "ELB-HealthChecker/1.0" "-"
172.31.73.27 - - [07/Mar/2019:00:20:15 -0500] "GET /optportal/services/getCompany_OptionByCompanyAndOptName.json?companyId=3296&name=CATALOG_BATCH_IMAGE_PULL_FROM_URL_CASE HTTP/1.1" 200 1407 "-" "-" "167.99.225.172, 162.158.63.129"
172.31.73.27 - - [07/Mar/2019:00:20:17 -0500] "GET /optportal/services/articles.json?login=leschemins&company=3373&catalog_type=standard&purpose=POS&menuId=30&ssect=399&sect=399&base_page_slug=home HTTP/1.1" 200 3327 "-" "Rendr RestAdapter; Node.js" "142.93.117.156, 162.158.63.33"
172.31.67.77 - - [07/Mar/2019:00:20:18 -0500] "GET /optportal/services/getCompany_OptionByCompanyAndOptName.json?companyId=3296&name=CATALOG_BATCH_IMAGE_PULL_FROM_URL_CASE HTTP/1.1" 200 1407 "-" "-" "167.99.225.172, 108.162.219.56"
172.31.67.77 - - [07/Mar/2019:00:20:21 -0500] "GET /optportal/services/getCompany_OptionByCompanyAndOptName.json?companyId=3296&name=CATALOG_BATCH_IMAGE_PULL_FROM_URL_CASE HTTP/1.1" 200 1407 "-" "-" "142.93.194.203, 162.158.62.57"
172.31.73.27 - - [07/Mar/2019:00:20:26 -0500] "GET /optportal/services/brand/items.json?page=1&login=caratco&company=229&category_ids=&cat_id=&breguetFlag=true&purpose=POS&collection_id_7328=0&catalog_type=standard&prodPerPage=5555&priceOption=retail&range=0-0&coll_subcat=7328_0 HTTP/1.1" 200 19905 "-" "Rendr RestAdapter; Node.js" "172.115.19.56, ::ffff:162.158.59.184,142.93.122.238, 162.158.63.129"
172.31.67.77 - - [07/Mar/2019:00:20:27 -0500] "GET /optportal/services/getCompany_OptionByCompanyAndOptName.json?companyId=3296&name=CATALOG_BATCH_IMAGE_PULL_FROM_URL_CASE HTTP/1.1" 200 1407 "-" "-" "142.93.194.203, 162.158.63.56"
172.31.73.27 - - [07/Mar/2019:00:20:30 -0500] "GET /optportal/services/getCompany_OptionByCompanyAndOptName.json?companyId=3296&name=CATALOG_BATCH_IMAGE_PULL_FROM_URL_CASE HTTP/1.1" 200 1407 "-" "-" "142.93.194.203, 162.158.63.189"
172.31.67.77 - - [07/Mar/2019:00:20:31 -0500] "GET /optportal/services/articles.json?login=caratco&purpose=browsing&company=229&menuId=30&ssect=399&sect=399&menu=30&section=399 HTTP/1.1" 200 3851 "-" "Rendr RestAdapter; Node.js" "172.115.19.56, ::ffff:162.158.59.184,142.93.122.238, 162.158.63.176"
172.31.67.77 - - [07/Mar/2019:00:20:33 -0500] "GET /optportal/services/getCompany_OptionByCompanyAndOptName.json?companyId=3296&name=CATALOG_BATCH_IMAGE_PULL_FROM_URL_CASE HTTP/1.1" 200 1407 "-" "-" "142.93.194.203, 108.162.219.50"
172.31.73.27 - - [07/Mar/2019:00:20:36 -0500] "GET /optportal/services/getCompany_OptionByCompanyAndOptName.json?companyId=3296&name=CATALOG_BATCH_IMAGE_PULL_FROM_URL_CASE HTTP/1.1" 200 1407 "-" "-" "142.93.194.203, 173.245.52.108"
172.31.67.77 - - [07/Mar/2019:00:20:42 -0500] "GET /optportal/services/getCompany_OptionByCompanyAndOptName.json?companyId=3296&name=CATALOG_BATCH_IMAGE_PULL_FROM_URL_CASE HTTP/1.1" 200 1407 "-" "-" "167.99.225.172, 108.162.219.176"
172.31.73.27 - - [07/Mar/2019:00:20:42 -0500] "GET /optportal/login.jsp HTTP/1.1" 200 11553 "-" "ELB-HealthChecker/1.0" "-"
172.31.67.77 - - [07/Mar/2019:00:20:42 -0500] "GET /optportal/login.jsp HTTP/1.1" 200 11553 "-" "ELB-HealthChecker/1.0" "-"
172.31.67.77 - - [07/Mar/2019:00:20:45 -0500] "GET /optportal/services/getCompany_OptionByCompanyAndOptName.json?companyId=3296&name=CATALOG_BATCH_IMAGE_PULL_FROM_URL_CASE HTTP/1.1" 200 1407 "-" "-" "167.99.225.172, 108.162.219.56"
172.31.73.27 - - [07/Mar/2019:00:20:48 -0500] "GET /optportal/services/getCompany_OptionByCompanyAndOptName.json?companyId=3296&name=CATALOG_BATCH_IMAGE_PULL_FROM_URL_CASE HTTP/1.1" 200 1407 "-" "-" "167.99.225.172, 173.245.52.180"
172.31.67.77 - - [07/Mar/2019:00:20:51 -0500] "GET /optportal/services/getCompany_OptionByCompanyAndOptName.json?companyId=3296&name=CATALOG_BATCH_IMAGE_PULL_FROM_URL_CASE HTTP/1.1" 200 1407 "-" "-" "167.99.225.172, 162.158.62.157"
172.31.73.27 - - [07/Mar/2019:00:20:51 -0500] "GET /optportal/services/getCompany_OptionByCompanyAndOptName.json?companyId=3296&name=CATALOG_BATCH_IMAGE_PULL_FROM_URL_CASE HTTP/1.1" 200 1407 "-" "-" "142.93.194.203, 162.158.63.189"
172.31.67.77 - - [07/Mar/2019:00:20:57 -0500] "GET /optportal/services/getCompany_OptionByCompanyAndOptName.json?companyId=3296&name=CATALOG_BATCH_IMAGE_PULL_FROM_URL_CASE HTTP/1.1" 200 1407 "-" "-" "167.99.225.172, 162.158.63.176"
172.31.67.77 - - [07/Mar/2019:00:21:00 -0500] "GET /optportal/services/getCompany_OptionByCompanyAndOptName.json?companyId=3296&name=CATALOG_BATCH_IMAGE_PULL_FROM_URL_CASE HTTP/1.1" 200 1407 "-" "-" "167.99.225.172, 108.162.219.224"
172.31.73.27 - - [07/Mar/2019:00:21:00 -0500] "GET /optportal/services/getCompany_OptionByCompanyAndOptName.json?companyId=3296&name=CATALOG_BATCH_IMAGE_PULL_FROM_URL_CASE HTTP/1.1" 200 1407 "-" "-" "142.93.194.203, 162.158.62.10"
172.31.73.27 - - [07/Mar/2019:00:21:03 -0500] "GET /optportal/services/getCompany_OptionByCompanyAndOptName.json?companyId=3296&name=CATALOG_BATCH_IMAGE_PULL_FROM_URL_CASE HTTP/1.1" 200 1407 "-" "-" "142.93.194.203, 108.162.219.51"
172.31.67.77 - - [07/Mar/2019:00:21:06 -0500] "GET /optportal/services/getCompany_OptionByCompanyAndOptName.json?companyId=3296&name=CATALOG_BATCH_IMAGE_PULL_FROM_URL_CASE HTTP/1.1" 200 1407 "-" "-" "142.93.194.203, 173.245.52.101"
172.31.73.27 - - [07/Mar/2019:00:21:09 -0500] "GET /optportal/services/getCompany_OptionByCompanyAndOptName.json?companyId=3296&name=CATALOG_BATCH_IMAGE_PULL_FROM_URL_CASE HTTP/1.1" 200 1407 "-" "-" "142.93.194.203, 162.158.63.33"
172.31.73.27 - - [07/Mar/2019:00:21:12 -0500] "GET /optportal/login.jsp HTTP/1.1" 200 11553 "-" "ELB-HealthChecker/1.0" "-"
172.31.67.77 - - [07/Mar/2019:00:21:12 -0500] "GET /optportal/login.jsp HTTP/1.1" 200 11553 "-" "ELB-HealthChecker/1.0" "-"
172.31.67.77 - - [07/Mar/2019:00:21:15 -0500] "GET /optportal/services/getCompany_OptionByCompanyAndOptName.json?companyId=3296&name=CATALOG_BATCH_IMAGE_PULL_FROM_URL_CASE HTTP/1.1" 200 1407 "-" "-" "167.99.225.172, 162.158.63.98"
172.31.73.27 - - [07/Mar/2019:00:21:15 -0500] "GET /optportal/services/getCompany_OptionByCompanyAndOptName.json?companyId=3296&name=CATALOG_BATCH_IMAGE_PULL_FROM_URL_CASE HTTP/1.1" 200 1407 "-" "-" "142.93.194.203, 162.158.62.206"
172.31.67.77 - - [07/Mar/2019:00:21:18 -0500] "GET /optportal/services/getCompany_OptionByCompanyAndOptName.json?companyId=3296&name=CATALOG_BATCH_IMAGE_PULL_FROM_URL_CASE HTTP/1.1" 200 1407 "-" "-" "142.93.194.203, 162.158.63.56"
172.31.67.77 - - [07/Mar/2019:00:21:24 -0500] "GET /optportal/services/getCompany_OptionByCompanyAndOptName.json?companyId=3296&name=CATALOG_BATCH_IMAGE_PULL_FROM_URL_CASE HTTP/1.1" 200 1407 "-" "-" "167.99.225.172, 108.162.219.182"
172.31.73.27 - - [07/Mar/2019:00:21:25 -0500] "GET /optportal/services/verifyABCInfo.json?login=cdpeacock&company=251 HTTP/1.1" 200 1729 "-" "-" "142.93.117.156, 173.245.52.120"
172.31.73.27 - - [07/Mar/2019:00:21:25 -0500] "GET /optportal/services/catalog/getsimilaritems.json?login=cdpeacock&prodPerPage=12&page=1&multipleCategories=true&base_page_slug=jewelry&parent_cat_id=3630&product_id=692915 HTTP/1.1" 200 39386 "-" "Rendr RestAdapter; Node.js" "142.93.117.156, 162.158.63.33"
172.31.67.77 - - [07/Mar/2019:00:21:27 -0500] "GET /optportal/services/getCompany_OptionByCompanyAndOptName.json?companyId=3296&name=CATALOG_BATCH_IMAGE_PULL_FROM_URL_CASE HTTP/1.1" 200 1407 "-" "-" "167.99.225.172, 162.158.62.63"
172.31.73.27 - - [07/Mar/2019:00:21:27 -0500] "GET /optportal/services/getCompany_OptionByCompanyAndOptName.json?companyId=3296&name=CATALOG_BATCH_IMAGE_PULL_FROM_URL_CASE HTTP/1.1" 200 1407 "-" "-" "142.93.194.203, 162.158.63.147"
172.31.73.27 - - [07/Mar/2019:00:21:33 -0500] "GET /optportal/services/getCompany_OptionByCompanyAndOptName.json?companyId=3296&name=CATALOG_BATCH_IMAGE_PULL_FROM_URL_CASE HTTP/1.1" 200 1407 "-" "-" "167.99.225.172, 173.245.52.120"
172.31.67.77 - - [07/Mar/2019:00:21:33 -0500] "GET /optportal/services/getCompany_OptionByCompanyAndOptName.json?companyId=3296&name=CATALOG_BATCH_IMAGE_PULL_FROM_URL_CASE HTTP/1.1" 200 1407 "-" "-" "142.93.194.203, 162.158.63.182"
172.31.67.77 - - [07/Mar/2019:00:21:39 -0500] "GET /optportal/services/getCompany_OptionByCompanyAndOptName.json?companyId=3296&name=CATALOG_BATCH_IMAGE_PULL_FROM_URL_CASE HTTP/1.1" 200 1407 "-" "-" "167.99.225.172, 162.158.63.98"
172.31.73.27 - - [07/Mar/2019:00:21:39 -0500] "GET /optportal/services/getCompany_OptionByCompanyAndOptName.json?companyId=3296&name=CATALOG_BATCH_IMAGE_PULL_FROM_URL_CASE HTTP/1.1" 200 1407 "-" "-" "142.93.194.203, 162.158.62.206"
172.31.73.27 - - [07/Mar/2019:00:21:42 -0500] "GET /optportal/login.jsp HTTP/1.1" 200 11553 "-" "ELB-HealthChecker/1.0" "-"
172.31.67.77 - - [07/Mar/2019:00:21:42 -0500] "GET /optportal/login.jsp HTTP/1.1" 200 11553 "-" "ELB-HealthChecker/1.0" "-"
172.31.67.77 - - [07/Mar/2019:00:21:45 -0500] "GET /optportal/services/getCompany_OptionByCompanyAndOptName.json?companyId=3296&name=CATALOG_BATCH_IMAGE_PULL_FROM_URL_CASE HTTP/1.1" 200 1407 "-" "-" "167.99.225.172, 162.158.62.145"
172.31.73.27 - - [07/Mar/2019:00:21:48 -0500] "GET /optportal/services/getCompany_OptionByCompanyAndOptName.json?companyId=3296&name=CATALOG_BATCH_IMAGE_PULL_FROM_URL_CASE HTTP/1.1" 200 1407 "-" "-" "167.99.225.172, 162.158.63.33"
172.31.67.77 - - [07/Mar/2019:00:21:48 -0500] "GET /optportal/services/getCompany_OptionByCompanyAndOptName.json?companyId=3296&name=CATALOG_BATCH_IMAGE_PULL_FROM_URL_CASE HTTP/1.1" 200 1407 "-" "-" "142.93.194.203, 173.245.52.101"
172.31.67.77 - - [07/Mar/2019:00:21:52 -0500] "GET /optportal/login.jsp?ref=mono&brand=1119 HTTP/1.1" 200 2433 "-" "facebookexternalhit/1.1 (+http://www.facebook.com/externalhit_uatext.php)" "2a03:2880:10ff:16:0:0:face:b00c, 162.158.74.205"
172.31.67.77 - - [07/Mar/2019:00:21:54 -0500] "GET /optportal/services/getCompany_OptionByCompanyAndOptName.json?companyId=3296&name=CATALOG_BATCH_IMAGE_PULL_FROM_URL_CASE HTTP/1.1" 200 1407 "-" "-" "142.93.194.203, 173.245.52.101"
172.31.67.77 - - [07/Mar/2019:00:21:57 -0500] "GET /optportal/services/getCompany_OptionByCompanyAndOptName.json?companyId=3296&name=CATALOG_BATCH_IMAGE_PULL_FROM_URL_CASE HTTP/1.1" 200 1407 "-" "-" "142.93.194.203, 108.162.219.74"
172.31.73.27 - - [07/Mar/2019:00:22:00 -0500] "GET /optportal/services/getCompany_OptionByCompanyAndOptName.json?companyId=3296&name=CATALOG_BATCH_IMAGE_PULL_FROM_URL_CASE HTTP/1.1" 200 1407 "-" "-" "167.99.225.172, 162.158.63.225"
172.31.73.27 - - [07/Mar/2019:00:22:03 -0500] "GET /optportal/services/getCompany_OptionByCompanyAndOptName.json?companyId=3296&name=CATALOG_BATCH_IMAGE_PULL_FROM_URL_CASE HTTP/1.1" 200 1407 "-" "-" "142.93.194.203, 162.158.62.206"
172.31.73.27 - - [07/Mar/2019:00:22:06 -0500] "GET /optportal/services/getCompany_OptionByCompanyAndOptName.json?companyId=3296&name=CATALOG_BATCH_IMAGE_PULL_FROM_URL_CASE HTTP/1.1" 200 1407 "-" "-" "142.93.194.203, 162.158.62.10"
172.31.67.77 - - [07/Mar/2019:00:22:09 -0500] "GET /optportal/services/getCompany_OptionByCompanyAndOptName.json?companyId=3296&name=CATALOG_BATCH_IMAGE_PULL_FROM_URL_CASE HTTP/1.1" 200 1407 "-" "-" "167.99.225.172, 162.158.63.98"
172.31.67.77 - - [07/Mar/2019:00:22:12 -0500] "GET /optportal/services/getCompany_OptionByCompanyAndOptName.json?companyId=3296&name=CATALOG_BATCH_IMAGE_PULL_FROM_URL_CASE HTTP/1.1" 200 1407 "-" "-" "142.93.194.203, 173.245.52.101"
172.31.73.27 - - [07/Mar/2019:00:22:12 -0500] "GET /optportal/login.jsp HTTP/1.1" 200 11553 "-" "ELB-HealthChecker/1.0" "-"
172.31.67.77 - - [07/Mar/2019:00:22:12 -0500] "GET /optportal/login.jsp HTTP/1.1" 200 11553 "-" "ELB-HealthChecker/1.0" "-"
172.31.67.77 - - [07/Mar/2019:00:22:15 -0500] "GET /optportal/services/getCompany_OptionByCompanyAndOptName.json?companyId=3296&name=CATALOG_BATCH_IMAGE_PULL_FROM_URL_CASE HTTP/1.1" 200 1407 "-" "-" "142.93.194.203, 108.162.219.50"
172.31.67.77 - - [07/Mar/2019:00:22:18 -0500] "GET /optportal/services/getCompany_OptionByCompanyAndOptName.json?companyId=3296&name=CATALOG_BATCH_IMAGE_PULL_FROM_URL_CASE HTTP/1.1" 200 1407 "-" "-" "142.93.194.203, 173.245.52.101"
172.31.73.27 - - [07/Mar/2019:00:22:21 -0500] "GET /optportal/services/getCompany_OptionByCompanyAndOptName.json?companyId=3296&name=CATALOG_BATCH_IMAGE_PULL_FROM_URL_CASE HTTP/1.1" 200 1407 "-" "-" "167.99.225.172, 162.158.62.212"
172.31.67.77 - - [07/Mar/2019:00:22:24 -0500] "GET /optportal/services/getCompany_OptionByCompanyAndOptName.json?companyId=3296&name=CATALOG_BATCH_IMAGE_PULL_FROM_URL_CASE HTTP/1.1" 200 1407 "-" "-" "167.99.225.172, 162.158.63.98"
172.31.73.27 - - [07/Mar/2019:00:22:27 -0500] "GET /optportal/services/getCompany_OptionByCompanyAndOptName.json?companyId=3296&name=CATALOG_BATCH_IMAGE_PULL_FROM_URL_CASE HTTP/1.1" 200 1407 "-" "-" "142.93.194.203, 162.158.63.219"
172.31.67.77 - - [07/Mar/2019:00:22:30 -0500] "GET /optportal/services/getCompany_OptionByCompanyAndOptName.json?companyId=3296&name=CATALOG_BATCH_IMAGE_PULL_FROM_URL_CASE HTTP/1.1" 200 1407 "-" "-" "142.93.194.203, 108.162.219.74"
172.31.73.27 - - [07/Mar/2019:00:22:33 -0500] "GET /optportal/services/getCompany_OptionByCompanyAndOptName.json?companyId=3296&name=CATALOG_BATCH_IMAGE_PULL_FROM_URL_CASE HTTP/1.1" 200 1407 "-" "-" "167.99.225.172, 162.158.62.212"
172.31.73.27 - - [07/Mar/2019:00:22:36 -0500] "GET /optportal/services/getCompany_OptionByCompanyAndOptName.json?companyId=3296&name=CATALOG_BATCH_IMAGE_PULL_FROM_URL_CASE HTTP/1.1" 200 1407 "-" "-" "142.93.194.203, 162.158.62.10"
172.31.67.77 - - [07/Mar/2019:00:22:39 -0500] "GET /optportal/services/getCompany_OptionByCompanyAndOptName.json?companyId=3296&name=CATALOG_BATCH_IMAGE_PULL_FROM_URL_CASE HTTP/1.1" 200 1407 "-" "-" "142.93.194.203, 108.162.219.248"
172.31.73.27 - - [07/Mar/2019:00:22:42 -0500] "GET /optportal/services/getCompany_OptionByCompanyAndOptName.json?companyId=3296&name=CATALOG_BATCH_IMAGE_PULL_FROM_URL_CASE HTTP/1.1" 200 1407 "-" "-" "167.99.225.172, 173.245.52.120"
172.31.73.27 - - [07/Mar/2019:00:22:42 -0500] "GET /optportal/login.jsp HTTP/1.1" 200 11553 "-" "ELB-HealthChecker/1.0" "-"
172.31.67.77 - - [07/Mar/2019:00:22:42 -0500] "GET /optportal/login.jsp HTTP/1.1" 200 11553 "-" "ELB-HealthChecker/1.0" "-"
172.31.73.27 - - [07/Mar/2019:00:22:45 -0500] "GET /optportal/services/getCompany_OptionByCompanyAndOptName.json?companyId=3296&name=CATALOG_BATCH_IMAGE_PULL_FROM_URL_CASE HTTP/1.1" 200 1407 "-" "-" "142.93.194.203, 108.162.219.51"
172.31.67.77 - - [07/Mar/2019:00:22:48 -0500] "GET /optportal/services/getCompany_OptionByCompanyAndOptName.json?companyId=3296&name=CATALOG_BATCH_IMAGE_PULL_FROM_URL_CASE HTTP/1.1" 200 1407 "-" "-" "167.99.225.172, 108.162.219.176"
172.31.73.27 - - [07/Mar/2019:00:22:51 -0500] "GET /optportal/services/getCompany_OptionByCompanyAndOptName.json?companyId=3296&name=CATALOG_BATCH_IMAGE_PULL_FROM_URL_CASE HTTP/1.1" 200 1407 "-" "-" "167.99.225.172, 173.245.52.180"
172.31.73.27 - - [07/Mar/2019:00:22:54 -0500] "GET /optportal/services/getCompany_OptionByCompanyAndOptName.json?companyId=3296&name=CATALOG_BATCH_IMAGE_PULL_FROM_URL_CASE HTTP/1.1" 200 1407 "-" "-" "142.93.194.203, 162.158.63.237"
172.31.67.77 - - [07/Mar/2019:00:22:57 -0500] "GET /optportal/services/getCompany_OptionByCompanyAndOptName.json?companyId=3296&name=CATALOG_BATCH_IMAGE_PULL_FROM_URL_CASE HTTP/1.1" 200 1407 "-" "-" "142.93.194.203, 173.245.52.101"
172.31.73.27 - - [07/Mar/2019:00:23:00 -0500] "GET /optportal/services/getCompany_OptionByCompanyAndOptName.json?companyId=3296&name=CATALOG_BATCH_IMAGE_PULL_FROM_URL_CASE HTTP/1.1" 200 1407 "-" "-" "167.99.225.172, 162.158.62.50"
172.31.67.77 - - [07/Mar/2019:00:23:03 -0500] "GET /optportal/services/getCompany_OptionByCompanyAndOptName.json?companyId=3296&name=CATALOG_BATCH_IMAGE_PULL_FROM_URL_CASE HTTP/1.1" 200 1407 "-" "-" "142.93.194.203, 108.162.219.182"
172.31.73.27 - - [07/Mar/2019:00:23:06 -0500] "GET /optportal/services/getCompany_OptionByCompanyAndOptName.json?companyId=3296&name=CATALOG_BATCH_IMAGE_PULL_FROM_URL_CASE HTTP/1.1" 200 1407 "-" "-" "167.99.225.172, 173.245.52.120"
172.31.73.27 - - [07/Mar/2019:00:23:09 -0500] "GET /optportal/services/getCompany_OptionByCompanyAndOptName.json?companyId=3296&name=CATALOG_BATCH_IMAGE_PULL_FROM_URL_CASE HTTP/1.1" 200 1407 "-" "-" "142.93.194.203, 162.158.63.33"
172.31.67.77 - - [07/Mar/2019:00:23:12 -0500] "GET /optportal/services/getCompany_OptionByCompanyAndOptName.json?companyId=3296&name=CATALOG_BATCH_IMAGE_PULL_FROM_URL_CASE HTTP/1.1" 200 1407 "-" "-" "167.99.225.172, 162.158.62.63"
172.31.73.27 - - [07/Mar/2019:00:23:12 -0500] "GET /optportal/login.jsp HTTP/1.1" 200 11553 "-" "ELB-HealthChecker/1.0" "-"
172.31.67.77 - - [07/Mar/2019:00:23:12 -0500] "GET /optportal/login.jsp HTTP/1.1" 200 11553 "-" "ELB-HealthChecker/1.0" "-"
172.31.73.27 - - [07/Mar/2019:00:23:15 -0500] "GET /optportal/services/getCompany_OptionByCompanyAndOptName.json?companyId=3296&name=CATALOG_BATCH_IMAGE_PULL_FROM_URL_CASE HTTP/1.1" 200 1407 "-" "-" "142.93.194.203, 108.162.219.51"
