172.31.67.77 - - [07/Mar/2019:00:08:17 -0500] "GET /optportal/services/webstore.json?login=octannerjewelers&product=247926 HTTP/1.1" 200 1735 "-" "Rendr RestAdapter; Node.js" "2600:6c67:8480:2228:94c2:7df2:edcc:c4d2, ::ffff:172.68.189.55,142.93.123.192, 162.158.62.63"
172.31.73.27 - - [07/Mar/2019:00:08:18 -0500] "GET /optportal/services/getCompany_OptionByCompanyAndOptName.json?companyId=3296&name=CATALOG_BATCH_IMAGE_PULL_FROM_URL_CASE HTTP/1.1" 200 1407 "-" "-" "142.93.194.203, 162.158.63.189"
172.31.73.27 - - [07/Mar/2019:00:08:21 -0500] "GET /optportal/services/getCompany_OptionByCompanyAndOptName.json?companyId=3296&name=CATALOG_BATCH_IMAGE_PULL_FROM_URL_CASE HTTP/1.1" 200 1407 "-" "-" "167.99.225.172, 162.158.63.225"
172.31.73.27 - - [07/Mar/2019:00:08:24 -0500] "GET /optportal/services/getCompany_OptionByCompanyAndOptName.json?companyId=3296&name=CATALOG_BATCH_IMAGE_PULL_FROM_URL_CASE HTTP/1.1" 200 1407 "-" "-" "167.99.225.172, 162.158.63.129"
172.31.67.77 - - [07/Mar/2019:00:08:27 -0500] "GET /optportal/services/getCompany_OptionByCompanyAndOptName.json?companyId=3296&name=CATALOG_BATCH_IMAGE_PULL_FROM_URL_CASE HTTP/1.1" 200 1407 "-" "-" "142.93.194.203, 108.162.219.74"
172.31.73.27 - - [07/Mar/2019:00:08:30 -0500] "GET /optportal/services/getCompany_OptionByCompanyAndOptName.json?companyId=3296&name=CATALOG_BATCH_IMAGE_PULL_FROM_URL_CASE HTTP/1.1" 200 1407 "-" "-" "142.93.194.203, 108.162.219.51"
172.31.67.77 - - [07/Mar/2019:00:08:33 -0500] "GET /optportal/services/getCompany_OptionByCompanyAndOptName.json?companyId=3296&name=CATALOG_BATCH_IMAGE_PULL_FROM_URL_CASE HTTP/1.1" 200 1407 "-" "-" "167.99.225.172, 162.158.62.79"
172.31.73.27 - - [07/Mar/2019:00:08:36 -0500] "GET /optportal/services/getCompany_OptionByCompanyAndOptName.json?companyId=3296&name=CATALOG_BATCH_IMAGE_PULL_FROM_URL_CASE HTTP/1.1" 200 1407 "-" "-" "167.99.225.172, 162.158.62.50"
172.31.67.77 - - [07/Mar/2019:00:08:39 -0500] "GET /optportal/services/getCompany_OptionByCompanyAndOptName.json?companyId=3296&name=CATALOG_BATCH_IMAGE_PULL_FROM_URL_CASE HTTP/1.1" 200 1407 "-" "-" "142.93.194.203, 108.162.219.50"
172.31.67.77 - - [07/Mar/2019:00:08:42 -0500] "GET /optportal/services/getCompany_OptionByCompanyAndOptName.json?companyId=3296&name=CATALOG_BATCH_IMAGE_PULL_FROM_URL_CASE HTTP/1.1" 200 1407 "-" "-" "167.99.225.172, 108.162.219.56"
172.31.73.27 - - [07/Mar/2019:00:08:42 -0500] "GET /optportal/services/articles.json?login=breg_super&purpose=browsing&company=229&menuId=30&ssect=399&sect=399&menu=30&section=399 HTTP/1.1" 200 3919 "-" "Rendr RestAdapter; Node.js" "142.93.122.238, 162.158.62.212"
172.31.73.27 - - [07/Mar/2019:00:08:42 -0500] "GET /optportal/login.jsp HTTP/1.1" 200 11553 "-" "ELB-HealthChecker/1.0" "-"
172.31.67.77 - - [07/Mar/2019:00:08:42 -0500] "GET /optportal/login.jsp HTTP/1.1" 200 11553 "-" "ELB-HealthChecker/1.0" "-"
172.31.73.27 - - [07/Mar/2019:00:08:45 -0500] "GET /optportal/services/getCompany_OptionByCompanyAndOptName.json?companyId=3296&name=CATALOG_BATCH_IMAGE_PULL_FROM_URL_CASE HTTP/1.1" 200 1407 "-" "-" "167.99.225.172, 162.158.63.33"
172.31.73.27 - - [07/Mar/2019:00:08:51 -0500] "GET /optportal/services/getCompany_OptionByCompanyAndOptName.json?companyId=3296&name=CATALOG_BATCH_IMAGE_PULL_FROM_URL_CASE HTTP/1.1" 200 1407 "-" "-" "142.93.194.203, 162.158.62.48"
172.31.67.77 - - [07/Mar/2019:00:08:51 -0500] "GET /optportal/services/getCompany_OptionByCompanyAndOptName.json?companyId=3296&name=CATALOG_BATCH_IMAGE_PULL_FROM_URL_CASE HTTP/1.1" 200 1407 "-" "-" "167.99.225.172, 162.158.63.176"
172.31.73.27 - - [07/Mar/2019:00:08:54 -0500] "GET /optportal/services/getCompany_OptionByCompanyAndOptName.json?companyId=3296&name=CATALOG_BATCH_IMAGE_PULL_FROM_URL_CASE HTTP/1.1" 200 1407 "-" "-" "142.93.194.203, 162.158.62.48"
172.31.67.77 - - [07/Mar/2019:00:08:54 -0500] "GET /optportal/services/getCompany_OptionByCompanyAndOptName.json?companyId=3296&name=CATALOG_BATCH_IMAGE_PULL_FROM_URL_CASE HTTP/1.1" 200 1407 "-" "-" "167.99.225.172, 162.158.62.157"
172.31.73.27 - - [07/Mar/2019:00:08:56 -0500] "GET /optportal/services/webstore.json?login=octannerjewelers&product=257486 HTTP/1.1" 200 1734 "-" "Rendr RestAdapter; Node.js" "2600:6c67:8480:2228:94c2:7df2:edcc:c4d2, ::ffff:172.68.189.55,142.93.123.192, 162.158.63.225"
172.31.73.27 - - [07/Mar/2019:00:08:57 -0500] "GET /optportal/services/getCompany_OptionByCompanyAndOptName.json?companyId=3296&name=CATALOG_BATCH_IMAGE_PULL_FROM_URL_CASE HTTP/1.1" 200 1407 "-" "-" "167.99.225.172, 162.158.62.10"
172.31.67.77 - - [07/Mar/2019:00:09:00 -0500] "GET /optportal/services/getCompany_OptionByCompanyAndOptName.json?companyId=3296&name=CATALOG_BATCH_IMAGE_PULL_FROM_URL_CASE HTTP/1.1" 200 1407 "-" "-" "167.99.225.172, 108.162.219.56"
172.31.73.27 - - [07/Mar/2019:00:09:03 -0500] "GET /optportal/services/getCompany_OptionByCompanyAndOptName.json?companyId=3296&name=CATALOG_BATCH_IMAGE_PULL_FROM_URL_CASE HTTP/1.1" 200 1407 "-" "-" "167.99.225.172, 173.245.52.180"
172.31.67.77 - - [07/Mar/2019:00:09:05 -0500] "GET /optportal/services/catalog/getsimilaritems.json?login=jubileejewellers&prodPerPage=12&page=1&multipleCategories=true&base_page_slug=jewelry&parent_cat_id=3630&product_id=695687 HTTP/1.1" 200 39523 "-" "Rendr RestAdapter; Node.js" "142.93.117.156, 162.158.62.79"
172.31.73.27 - - [07/Mar/2019:00:09:05 -0500] "GET /optportal/services/newproduct.json?product=695687&login=jubileejewellers&comp=3373&catalog_type=standard&purpose=POS&base_page_slug=jewelry&parent_cat_id=3630 HTTP/1.1" 200 42339 "-" "Rendr RestAdapter; Node.js" "142.93.117.156, 162.158.62.50"
172.31.73.27 - - [07/Mar/2019:00:09:09 -0500] "GET /optportal/services/getCompany_OptionByCompanyAndOptName.json?companyId=3296&name=CATALOG_BATCH_IMAGE_PULL_FROM_URL_CASE HTTP/1.1" 200 1407 "-" "-" "142.93.194.203, 162.158.63.219"
172.31.67.77 - - [07/Mar/2019:00:09:09 -0500] "GET /optportal/services/getCompany_OptionByCompanyAndOptName.json?companyId=3296&name=CATALOG_BATCH_IMAGE_PULL_FROM_URL_CASE HTTP/1.1" 200 1407 "-" "-" "167.99.225.172, 162.158.62.157"
172.31.73.27 - - [07/Mar/2019:00:09:12 -0500] "GET /optportal/services/getCompany_OptionByCompanyAndOptName.json?companyId=3296&name=CATALOG_BATCH_IMAGE_PULL_FROM_URL_CASE HTTP/1.1" 200 1407 "-" "-" "167.99.225.172, 108.162.219.243"
172.31.73.27 - - [07/Mar/2019:00:09:12 -0500] "GET /optportal/login.jsp HTTP/1.1" 200 11553 "-" "ELB-HealthChecker/1.0" "-"
172.31.67.77 - - [07/Mar/2019:00:09:12 -0500] "GET /optportal/login.jsp HTTP/1.1" 200 11553 "-" "ELB-HealthChecker/1.0" "-"
172.31.73.27 - - [07/Mar/2019:00:09:15 -0500] "GET /optportal/services/getCompany_OptionByCompanyAndOptName.json?companyId=3296&name=CATALOG_BATCH_IMAGE_PULL_FROM_URL_CASE HTTP/1.1" 200 1407 "-" "-" "167.99.225.172, 162.158.62.212"
172.31.73.27 - - [07/Mar/2019:00:09:18 -0500] "GET /optportal/services/getCompany_OptionByCompanyAndOptName.json?companyId=3296&name=CATALOG_BATCH_IMAGE_PULL_FROM_URL_CASE HTTP/1.1" 200 1407 "-" "-" "167.99.225.172, 162.158.63.33"
172.31.67.77 - - [07/Mar/2019:00:09:24 -0500] "GET /optportal/services/getCompany_OptionByCompanyAndOptName.json?companyId=3296&name=CATALOG_BATCH_IMAGE_PULL_FROM_URL_CASE HTTP/1.1" 200 1407 "-" "-" "142.93.194.203, 162.158.63.182"
172.31.73.27 - - [07/Mar/2019:00:09:24 -0500] "GET /optportal/services/articles.json?menuId=46&ssect=46&sect=46&purpose=POS&login=brownjewelers&company=2 HTTP/1.1" 200 3627 "-" "Rendr RestAdapter; Node.js" "142.93.123.192, 162.158.63.207"
172.31.67.77 - - [07/Mar/2019:00:09:27 -0500] "GET /optportal/services/getCompany_OptionByCompanyAndOptName.json?companyId=3296&name=CATALOG_BATCH_IMAGE_PULL_FROM_URL_CASE HTTP/1.1" 200 1407 "-" "-" "167.99.225.172, 162.158.62.157"
172.31.73.27 - - [07/Mar/2019:00:09:30 -0500] "GET /optportal/services/getCompany_OptionByCompanyAndOptName.json?companyId=3296&name=CATALOG_BATCH_IMAGE_PULL_FROM_URL_CASE HTTP/1.1" 200 1407 "-" "-" "142.93.194.203, 162.158.63.33"
172.31.67.77 - - [07/Mar/2019:00:09:33 -0500] "GET /optportal/services/getCompany_OptionByCompanyAndOptName.json?companyId=3296&name=CATALOG_BATCH_IMAGE_PULL_FROM_URL_CASE HTTP/1.1" 200 1407 "-" "-" "167.99.225.172, 162.158.62.157"
172.31.67.77 - - [07/Mar/2019:00:09:36 -0500] "GET /optportal/services/getCompany_OptionByCompanyAndOptName.json?companyId=3296&name=CATALOG_BATCH_IMAGE_PULL_FROM_URL_CASE HTTP/1.1" 200 1407 "-" "-" "167.99.225.172, 108.162.219.182"
172.31.73.27 - - [07/Mar/2019:00:09:37 -0500] "GET /optportal/services/verifyABCInfo.json?login=casadoro&company=106 HTTP/1.1" 200 1504 "-" "-" "142.93.196.161, 162.158.62.50"
172.31.73.27 - - [07/Mar/2019:00:09:39 -0500] "GET /optportal/services/getCompany_OptionByCompanyAndOptName.json?companyId=3296&name=CATALOG_BATCH_IMAGE_PULL_FROM_URL_CASE HTTP/1.1" 200 1407 "-" "-" "167.99.225.172, 173.245.52.150"
172.31.67.77 - - [07/Mar/2019:00:09:42 -0500] "GET /optportal/services/getCompany_OptionByCompanyAndOptName.json?companyId=3296&name=CATALOG_BATCH_IMAGE_PULL_FROM_URL_CASE HTTP/1.1" 200 1407 "-" "-" "142.93.194.203, 162.158.63.122"
172.31.73.27 - - [07/Mar/2019:00:09:42 -0500] "GET /optportal/login.jsp HTTP/1.1" 200 11553 "-" "ELB-HealthChecker/1.0" "-"
172.31.67.77 - - [07/Mar/2019:00:09:42 -0500] "GET /optportal/login.jsp HTTP/1.1" 200 11553 "-" "ELB-HealthChecker/1.0" "-"
172.31.67.77 - - [07/Mar/2019:00:09:45 -0500] "GET /optportal/services/getCompany_OptionByCompanyAndOptName.json?companyId=3296&name=CATALOG_BATCH_IMAGE_PULL_FROM_URL_CASE HTTP/1.1" 200 1407 "-" "-" "142.93.194.203, 108.162.219.212"
172.31.73.27 - - [07/Mar/2019:00:09:48 -0500] "GET /optportal/services/getCompany_OptionByCompanyAndOptName.json?companyId=3296&name=CATALOG_BATCH_IMAGE_PULL_FROM_URL_CASE HTTP/1.1" 200 1407 "-" "-" "167.99.225.172, 108.162.219.243"
172.31.67.77 - - [07/Mar/2019:00:09:51 -0500] "GET /optportal/services/getCompany_OptionByCompanyAndOptName.json?companyId=3296&name=CATALOG_BATCH_IMAGE_PULL_FROM_URL_CASE HTTP/1.1" 200 1407 "-" "-" "142.93.194.203, 162.158.63.122"
172.31.73.27 - - [07/Mar/2019:00:09:54 -0500] "GET /optportal/services/getCompany_OptionByCompanyAndOptName.json?companyId=3296&name=CATALOG_BATCH_IMAGE_PULL_FROM_URL_CASE HTTP/1.1" 200 1407 "-" "-" "142.93.194.203, 162.158.63.33"
172.31.67.77 - - [07/Mar/2019:00:10:00 -0500] "GET /optportal/services/getCompany_OptionByCompanyAndOptName.json?companyId=3296&name=CATALOG_BATCH_IMAGE_PULL_FROM_URL_CASE HTTP/1.1" 200 1407 "-" "-" "167.99.225.172, 162.158.62.63"
172.31.73.27 - - [07/Mar/2019:00:10:00 -0500] "GET /optportal/services/getCompany_OptionByCompanyAndOptName.json?companyId=3296&name=CATALOG_BATCH_IMAGE_PULL_FROM_URL_CASE HTTP/1.1" 200 1407 "-" "-" "142.93.194.203, 162.158.63.219"
172.31.67.77 - - [07/Mar/2019:00:10:06 -0500] "GET /optportal/services/getCompany_OptionByCompanyAndOptName.json?companyId=3296&name=CATALOG_BATCH_IMAGE_PULL_FROM_URL_CASE HTTP/1.1" 200 1407 "-" "-" "167.99.225.172, 162.158.63.176"
172.31.73.27 - - [07/Mar/2019:00:10:09 -0500] "GET /optportal/services/getCompany_OptionByCompanyAndOptName.json?companyId=3296&name=CATALOG_BATCH_IMAGE_PULL_FROM_URL_CASE HTTP/1.1" 200 1407 "-" "-" "167.99.225.172, 173.245.52.90"
172.31.73.27 - - [07/Mar/2019:00:10:12 -0500] "GET /optportal/services/getCompany_OptionByCompanyAndOptName.json?companyId=3296&name=CATALOG_BATCH_IMAGE_PULL_FROM_URL_CASE HTTP/1.1" 200 1407 "-" "-" "167.99.225.172, 162.158.63.207"
172.31.67.77 - - [07/Mar/2019:00:10:12 -0500] "GET /optportal/services/getCompany_OptionByCompanyAndOptName.json?companyId=3296&name=CATALOG_BATCH_IMAGE_PULL_FROM_URL_CASE HTTP/1.1" 200 1407 "-" "-" "142.93.194.203, 108.162.219.182"
172.31.73.27 - - [07/Mar/2019:00:10:12 -0500] "GET /optportal/login.jsp HTTP/1.1" 200 11553 "-" "ELB-HealthChecker/1.0" "-"
172.31.67.77 - - [07/Mar/2019:00:10:12 -0500] "GET /optportal/login.jsp HTTP/1.1" 200 11553 "-" "ELB-HealthChecker/1.0" "-"
172.31.67.77 - - [07/Mar/2019:00:10:15 -0500] "GET /optportal/services/getCompany_OptionByCompanyAndOptName.json?companyId=3296&name=CATALOG_BATCH_IMAGE_PULL_FROM_URL_CASE HTTP/1.1" 200 1407 "-" "-" "142.93.194.203, 162.158.62.57"
172.31.73.27 - - [07/Mar/2019:00:10:18 -0500] "GET /optportal/services/getCompany_OptionByCompanyAndOptName.json?companyId=3296&name=CATALOG_BATCH_IMAGE_PULL_FROM_URL_CASE HTTP/1.1" 200 1407 "-" "-" "142.93.194.203, 173.245.52.108"
172.31.67.77 - - [07/Mar/2019:00:10:21 -0500] "GET /optportal/services/getCompany_OptionByCompanyAndOptName.json?companyId=3296&name=CATALOG_BATCH_IMAGE_PULL_FROM_URL_CASE HTTP/1.1" 200 1407 "-" "-" "142.93.194.203, 108.162.219.74"
172.31.67.77 - - [07/Mar/2019:00:10:24 -0500] "GET /optportal/services/getCompany_OptionByCompanyAndOptName.json?companyId=3296&name=CATALOG_BATCH_IMAGE_PULL_FROM_URL_CASE HTTP/1.1" 200 1407 "-" "-" "142.93.194.203, 162.158.62.57"
172.31.73.27 - - [07/Mar/2019:00:10:27 -0500] "GET /optportal/services/getCompany_OptionByCompanyAndOptName.json?companyId=3296&name=CATALOG_BATCH_IMAGE_PULL_FROM_URL_CASE HTTP/1.1" 200 1407 "-" "-" "142.93.194.203, 173.245.52.108"
172.31.73.27 - - [07/Mar/2019:00:10:30 -0500] "GET /optportal/services/getCompany_OptionByCompanyAndOptName.json?companyId=3296&name=CATALOG_BATCH_IMAGE_PULL_FROM_URL_CASE HTTP/1.1" 200 1407 "-" "-" "142.93.194.203, 162.158.62.206"
172.31.67.77 - - [07/Mar/2019:00:10:36 -0500] "GET /optportal/services/getCompany_OptionByCompanyAndOptName.json?companyId=3296&name=CATALOG_BATCH_IMAGE_PULL_FROM_URL_CASE HTTP/1.1" 200 1407 "-" "-" "167.99.225.172, 162.158.62.79"
172.31.67.77 - - [07/Mar/2019:00:10:39 -0500] "GET /optportal/services/getCompany_OptionByCompanyAndOptName.json?companyId=3296&name=CATALOG_BATCH_IMAGE_PULL_FROM_URL_CASE HTTP/1.1" 200 1407 "-" "-" "167.99.225.172, 108.162.219.224"
172.31.73.27 - - [07/Mar/2019:00:10:39 -0500] "GET /optportal/services/getCompany_OptionByCompanyAndOptName.json?companyId=3296&name=CATALOG_BATCH_IMAGE_PULL_FROM_URL_CASE HTTP/1.1" 200 1407 "-" "-" "142.93.194.203, 162.158.62.206"
172.31.73.27 - - [07/Mar/2019:00:10:42 -0500] "GET /optportal/services/getCompany_OptionByCompanyAndOptName.json?companyId=3296&name=CATALOG_BATCH_IMAGE_PULL_FROM_URL_CASE HTTP/1.1" 200 1407 "-" "-" "142.93.194.203, 162.158.63.33"
172.31.73.27 - - [07/Mar/2019:00:10:42 -0500] "GET /optportal/login.jsp HTTP/1.1" 200 11553 "-" "ELB-HealthChecker/1.0" "-"
172.31.67.77 - - [07/Mar/2019:00:10:42 -0500] "GET /optportal/login.jsp HTTP/1.1" 200 11560 "-" "ELB-HealthChecker/1.0" "-"
172.31.73.27 - - [07/Mar/2019:00:10:45 -0500] "GET /optportal/services/getCompany_OptionByCompanyAndOptName.json?companyId=3296&name=CATALOG_BATCH_IMAGE_PULL_FROM_URL_CASE HTTP/1.1" 200 1407 "-" "-" "142.93.194.203, 162.158.63.33"
172.31.67.77 - - [07/Mar/2019:00:10:51 -0500] "GET /optportal/services/getCompany_OptionByCompanyAndOptName.json?companyId=3296&name=CATALOG_BATCH_IMAGE_PULL_FROM_URL_CASE HTTP/1.1" 200 1407 "-" "-" "167.99.225.172, 162.158.62.211"
172.31.73.27 - - [07/Mar/2019:00:10:54 -0500] "GET /optportal/services/getCompany_OptionByCompanyAndOptName.json?companyId=3296&name=CATALOG_BATCH_IMAGE_PULL_FROM_URL_CASE HTTP/1.1" 200 1407 "-" "-" "167.99.225.172, 162.158.63.225"
172.31.67.77 - - [07/Mar/2019:00:10:54 -0500] "GET /optportal/services/getCompany_OptionByCompanyAndOptName.json?companyId=3296&name=CATALOG_BATCH_IMAGE_PULL_FROM_URL_CASE HTTP/1.1" 200 1407 "-" "-" "142.93.194.203, 173.245.52.101"
172.31.67.77 - - [07/Mar/2019:00:10:57 -0500] "GET /optportal/services/getCompany_OptionByCompanyAndOptName.json?companyId=3296&name=CATALOG_BATCH_IMAGE_PULL_FROM_URL_CASE HTTP/1.1" 200 1407 "-" "-" "142.93.194.203, 173.245.52.101"
172.31.73.27 - - [07/Mar/2019:00:11:00 -0500] "GET /optportal/services/getCompany_OptionByCompanyAndOptName.json?companyId=3296&name=CATALOG_BATCH_IMAGE_PULL_FROM_URL_CASE HTTP/1.1" 200 1407 "-" "-" "167.99.225.172, 173.245.52.90"
172.31.67.77 - - [07/Mar/2019:00:11:03 -0500] "GET /optportal/services/getCompany_OptionByCompanyAndOptName.json?companyId=3296&name=CATALOG_BATCH_IMAGE_PULL_FROM_URL_CASE HTTP/1.1" 200 1407 "-" "-" "142.93.194.203, 162.158.63.182"
172.31.73.27 - - [07/Mar/2019:00:11:06 -0500] "GET /optportal/services/getCompany_OptionByCompanyAndOptName.json?companyId=3296&name=CATALOG_BATCH_IMAGE_PULL_FROM_URL_CASE HTTP/1.1" 200 1407 "-" "-" "142.93.194.203, 162.158.63.189"
172.31.67.77 - - [07/Mar/2019:00:11:09 -0500] "GET /optportal/services/getCompany_OptionByCompanyAndOptName.json?companyId=3296&name=CATALOG_BATCH_IMAGE_PULL_FROM_URL_CASE HTTP/1.1" 200 1407 "-" "-" "142.93.194.203, 173.245.52.173"
172.31.67.77 - - [07/Mar/2019:00:11:12 -0500] "GET /optportal/services/getCompany_OptionByCompanyAndOptName.json?companyId=3296&name=CATALOG_BATCH_IMAGE_PULL_FROM_URL_CASE HTTP/1.1" 200 1407 "-" "-" "142.93.194.203, 162.158.63.182"
172.31.73.27 - - [07/Mar/2019:00:11:12 -0500] "GET /optportal/login.jsp HTTP/1.1" 200 11553 "-" "ELB-HealthChecker/1.0" "-"
172.31.67.77 - - [07/Mar/2019:00:11:12 -0500] "GET /optportal/login.jsp HTTP/1.1" 200 11560 "-" "ELB-HealthChecker/1.0" "-"
172.31.67.77 - - [07/Mar/2019:00:11:15 -0500] "GET /optportal/services/getCompany_OptionByCompanyAndOptName.json?companyId=3296&name=CATALOG_BATCH_IMAGE_PULL_FROM_URL_CASE HTTP/1.1" 200 1407 "-" "-" "142.93.194.203, 173.245.52.101"
172.31.73.27 - - [07/Mar/2019:00:11:18 -0500] "GET /optportal/services/getCompany_OptionByCompanyAndOptName.json?companyId=3296&name=CATALOG_BATCH_IMAGE_PULL_FROM_URL_CASE HTTP/1.1" 200 1407 "-" "-" "142.93.194.203, 108.162.219.51"
172.31.67.77 - - [07/Mar/2019:00:11:21 -0500] "GET /optportal/services/getCompany_OptionByCompanyAndOptName.json?companyId=3296&name=CATALOG_BATCH_IMAGE_PULL_FROM_URL_CASE HTTP/1.1" 200 1407 "-" "-" "167.99.225.172, 162.158.63.104"
172.31.73.27 - - [07/Mar/2019:00:11:24 -0500] "GET /optportal/services/getCompany_OptionByCompanyAndOptName.json?companyId=3296&name=CATALOG_BATCH_IMAGE_PULL_FROM_URL_CASE HTTP/1.1" 200 1407 "-" "-" "142.93.194.203, 162.158.63.189"
172.31.73.27 - - [07/Mar/2019:00:11:27 -0500] "GET /optportal/services/getCompany_OptionByCompanyAndOptName.json?companyId=3296&name=CATALOG_BATCH_IMAGE_PULL_FROM_URL_CASE HTTP/1.1" 200 1407 "-" "-" "142.93.194.203, 162.158.63.147"
172.31.67.77 - - [07/Mar/2019:00:11:30 -0500] "GET /optportal/services/getCompany_OptionByCompanyAndOptName.json?companyId=3296&name=CATALOG_BATCH_IMAGE_PULL_FROM_URL_CASE HTTP/1.1" 200 1407 "-" "-" "167.99.225.172, 162.158.62.63"
172.31.67.77 - - [07/Mar/2019:00:11:33 -0500] "GET /optportal/services/getCompany_OptionByCompanyAndOptName.json?companyId=3296&name=CATALOG_BATCH_IMAGE_PULL_FROM_URL_CASE HTTP/1.1" 200 1407 "-" "-" "142.93.194.203, 108.162.219.248"
172.31.73.27 - - [07/Mar/2019:00:11:36 -0500] "GET /optportal/services/getCompany_OptionByCompanyAndOptName.json?companyId=3296&name=CATALOG_BATCH_IMAGE_PULL_FROM_URL_CASE HTTP/1.1" 200 1407 "-" "-" "167.99.225.172, 173.245.52.90"
172.31.73.27 - - [07/Mar/2019:00:11:37 -0500] "PROPFIND / HTTP/1.1" 501 1098 "-" "-" "119.29.238.64"
172.31.67.77 - - [07/Mar/2019:00:11:39 -0500] "GET /optportal/services/getCompany_OptionByCompanyAndOptName.json?companyId=3296&name=CATALOG_BATCH_IMAGE_PULL_FROM_URL_CASE HTTP/1.1" 200 1407 "-" "-" "142.93.194.203, 108.162.219.50"
172.31.73.27 - - [07/Mar/2019:00:11:40 -0500] "GET /help.php HTTP/1.1" 404 1082 "-" "Mozilla/5.0 (Windows NT 6.1; Win64; x64; rv:59.0) Gecko/20100101 Firefox/59.0" "119.29.238.64"
172.31.73.27 - - [07/Mar/2019:00:11:42 -0500] "GET /optportal/services/getCompany_OptionByCompanyAndOptName.json?companyId=3296&name=CATALOG_BATCH_IMAGE_PULL_FROM_URL_CASE HTTP/1.1" 200 1407 "-" "-" "167.99.225.172, 173.245.52.90"
172.31.73.27 - - [07/Mar/2019:00:11:42 -0500] "GET /optportal/login.jsp HTTP/1.1" 200 11553 "-" "ELB-HealthChecker/1.0" "-"
172.31.67.77 - - [07/Mar/2019:00:11:42 -0500] "GET /optportal/login.jsp HTTP/1.1" 200 11560 "-" "ELB-HealthChecker/1.0" "-"
172.31.73.27 - - [07/Mar/2019:00:11:43 -0500] "GET /db_cts.php HTTP/1.1" 404 1084 "-" "Mozilla/5.0 (Windows NT 6.1; Win64; x64; rv:59.0) Gecko/20100101 Firefox/59.0" "119.29.238.64"
172.31.67.77 - - [07/Mar/2019:00:11:45 -0500] "GET /optportal/services/getCompany_OptionByCompanyAndOptName.json?companyId=3296&name=CATALOG_BATCH_IMAGE_PULL_FROM_URL_CASE HTTP/1.1" 200 1407 "-" "-" "167.99.225.172, 162.158.62.145"
172.31.73.27 - - [07/Mar/2019:00:11:45 -0500] "GET /optportal/services/getCompany_OptionByCompanyAndOptName.json?companyId=3296&name=CATALOG_BATCH_IMAGE_PULL_FROM_URL_CASE HTTP/1.1" 200 1407 "-" "-" "142.93.194.203, 173.245.52.108"
172.31.73.27 - - [07/Mar/2019:00:11:46 -0500] "GET /license.php HTTP/1.1" 404 1085 "-" "Mozilla/5.0 (Windows NT 6.1; Win64; x64; rv:59.0) Gecko/20100101 Firefox/59.0" "119.29.238.64"
172.31.73.27 - - [07/Mar/2019:00:11:47 -0500] "GET /hell.php HTTP/1.1" 404 1082 "-" "Mozilla/5.0 (Windows NT 6.1; Win64; x64; rv:59.0) Gecko/20100101 Firefox/59.0" "119.29.238.64"
172.31.73.27 - - [07/Mar/2019:00:11:50 -0500] "GET /x.php HTTP/1.1" 404 1079 "-" "Mozilla/5.0 (Windows NT 6.1; Win64; x64; rv:59.0) Gecko/20100101 Firefox/59.0" "119.29.238.64"
172.31.67.77 - - [07/Mar/2019:00:11:51 -0500] "GET /optportal/services/getCompany_OptionByCompanyAndOptName.json?companyId=3296&name=CATALOG_BATCH_IMAGE_PULL_FROM_URL_CASE HTTP/1.1" 200 1407 "-" "-" "167.99.225.172, 162.158.62.63"
172.31.73.27 - - [07/Mar/2019:00:11:51 -0500] "GET /htdocs.php HTTP/1.1" 404 1084 "-" "Mozilla/5.0 (Windows NT 6.1; Win64; x64; rv:59.0) Gecko/20100101 Firefox/59.0" "119.29.238.64"
172.31.73.27 - - [07/Mar/2019:00:11:52 -0500] "GET /z.php HTTP/1.1" 404 1079 "-" "Mozilla/5.0 (Windows NT 6.1; Win64; x64; rv:59.0) Gecko/20100101 Firefox/59.0" "119.29.238.64"
172.31.67.77 - - [07/Mar/2019:00:11:54 -0500] "GET /optportal/services/getCompany_OptionByCompanyAndOptName.json?companyId=3296&name=CATALOG_BATCH_IMAGE_PULL_FROM_URL_CASE HTTP/1.1" 200 1407 "-" "-" "167.99.225.172, 162.158.62.79"
172.31.73.27 - - [07/Mar/2019:00:11:54 -0500] "GET /optportal/services/getCompany_OptionByCompanyAndOptName.json?companyId=3296&name=CATALOG_BATCH_IMAGE_PULL_FROM_URL_CASE HTTP/1.1" 200 1407 "-" "-" "142.93.194.203, 173.245.52.108"
172.31.73.27 - - [07/Mar/2019:00:11:56 -0500] "GET /wpc.php HTTP/1.1" 404 1081 "-" "Mozilla/5.0 (Windows NT 6.1; Win64; x64; rv:59.0) Gecko/20100101 Firefox/59.0" "119.29.238.64"
172.31.73.27 - - [07/Mar/2019:00:11:57 -0500] "GET /optportal/services/getCompany_OptionByCompanyAndOptName.json?companyId=3296&name=CATALOG_BATCH_IMAGE_PULL_FROM_URL_CASE HTTP/1.1" 200 1407 "-" "-" "167.99.225.172, 162.158.63.33"
172.31.67.77 - - [07/Mar/2019:00:11:57 -0500] "GET /optportal/services/getCompany_OptionByCompanyAndOptName.json?companyId=3296&name=CATALOG_BATCH_IMAGE_PULL_FROM_URL_CASE HTTP/1.1" 200 1407 "-" "-" "142.93.194.203, 162.158.63.56"
172.31.73.27 - - [07/Mar/2019:00:11:58 -0500] "GET /text.php HTTP/1.1" 404 1082 "-" "Mozilla/5.0 (Windows NT 6.1; Win64; x64; rv:59.0) Gecko/20100101 Firefox/59.0" "119.29.238.64"
172.31.73.27 - - [07/Mar/2019:00:12:00 -0500] "GET /optportal/services/getCompany_OptionByCompanyAndOptName.json?companyId=3296&name=CATALOG_BATCH_IMAGE_PULL_FROM_URL_CASE HTTP/1.1" 200 1407 "-" "-" "142.93.194.203, 108.162.219.51"
172.31.73.27 - - [07/Mar/2019:00:12:02 -0500] "GET /muhstik.php HTTP/1.1" 404 1085 "-" "Mozilla/5.0 (Windows NT 6.1; Win64; x64; rv:59.0) Gecko/20100101 Firefox/59.0" "119.29.238.64"
172.31.67.77 - - [07/Mar/2019:00:12:03 -0500] "GET /optportal/services/getCompany_OptionByCompanyAndOptName.json?companyId=3296&name=CATALOG_BATCH_IMAGE_PULL_FROM_URL_CASE HTTP/1.1" 200 1407 "-" "-" "167.99.225.172, 108.162.219.176"
172.31.73.27 - - [07/Mar/2019:00:12:06 -0500] "GET /muhstik2.php HTTP/1.1" 404 1086 "-" "Mozilla/5.0 (Windows NT 6.1; Win64; x64; rv:59.0) Gecko/20100101 Firefox/59.0" "119.29.238.64"
172.31.73.27 - - [07/Mar/2019:00:12:06 -0500] "GET /optportal/services/getCompany_OptionByCompanyAndOptName.json?companyId=3296&name=CATALOG_BATCH_IMAGE_PULL_FROM_URL_CASE HTTP/1.1" 200 1407 "-" "-" "142.93.194.203, 162.158.62.206"
172.31.73.27 - - [07/Mar/2019:00:12:07 -0500] "GET /muhstik-dpr.php HTTP/1.1" 404 1089 "-" "Mozilla/5.0 (Windows NT 6.1; Win64; x64; rv:59.0) Gecko/20100101 Firefox/59.0" "119.29.238.64"
172.31.73.27 - - [07/Mar/2019:00:12:08 -0500] "GET /uploader.php HTTP/1.1" 404 1086 "-" "Mozilla/5.0 (Windows NT 6.1; Win64; x64; rv:59.0) Gecko/20100101 Firefox/59.0" "119.29.238.64"
172.31.73.27 - - [07/Mar/2019:00:12:10 -0500] "GET /cmd.php HTTP/1.1" 404 1081 "-" "Mozilla/5.0 (Windows NT 6.1; Win64; x64; rv:59.0) Gecko/20100101 Firefox/59.0" "119.29.238.64"
172.31.73.27 - - [07/Mar/2019:00:12:11 -0500] "GET /cmv.php HTTP/1.1" 404 1081 "-" "Mozilla/5.0 (Windows NT 6.1; Win64; x64; rv:59.0) Gecko/20100101 Firefox/59.0" "119.29.238.64"
172.31.73.27 - - [07/Mar/2019:00:12:12 -0500] "GET /optportal/services/getCompany_OptionByCompanyAndOptName.json?companyId=3296&name=CATALOG_BATCH_IMAGE_PULL_FROM_URL_CASE HTTP/1.1" 200 1407 "-" "-" "167.99.225.172, 173.245.52.150"
172.31.73.27 - - [07/Mar/2019:00:12:12 -0500] "GET /optportal/login.jsp HTTP/1.1" 200 11553 "-" "ELB-HealthChecker/1.0" "-"
172.31.67.77 - - [07/Mar/2019:00:12:12 -0500] "GET /optportal/login.jsp HTTP/1.1" 200 11553 "-" "ELB-HealthChecker/1.0" "-"
172.31.73.27 - - [07/Mar/2019:00:12:14 -0500] "GET /cmd.php HTTP/1.1" 404 1081 "-" "Mozilla/5.0 (Windows NT 6.1; Win64; x64; rv:59.0) Gecko/20100101 Firefox/59.0" "119.29.238.64"
172.31.73.27 - - [07/Mar/2019:00:12:15 -0500] "GET /optportal/services/getCompany_OptionByCompanyAndOptName.json?companyId=3296&name=CATALOG_BATCH_IMAGE_PULL_FROM_URL_CASE HTTP/1.1" 200 1407 "-" "-" "167.99.225.172, 162.158.63.207"
172.31.73.27 - - [07/Mar/2019:00:12:15 -0500] "GET /optportal/services/getCompany_OptionByCompanyAndOptName.json?companyId=3296&name=CATALOG_BATCH_IMAGE_PULL_FROM_URL_CASE HTTP/1.1" 200 1407 "-" "-" "142.93.194.203, 162.158.63.33"
172.31.73.27 - - [07/Mar/2019:00:12:18 -0500] "GET /phpMyAdmin/scripts/setup.php HTTP/1.1" 404 1110 "-" "Mozilla/5.0 (Windows NT 6.1; Win64; x64; rv:59.0) Gecko/20100101 Firefox/59.0" "119.29.238.64"
172.31.67.77 - - [07/Mar/2019:00:12:18 -0500] "GET /optportal/services/getCompany_OptionByCompanyAndOptName.json?companyId=3296&name=CATALOG_BATCH_IMAGE_PULL_FROM_URL_CASE HTTP/1.1" 200 1407 "-" "-" "142.93.194.203, 162.158.62.57"
172.31.73.27 - - [07/Mar/2019:00:12:18 -0500] "GET /phpmyadmin/scripts/db___.init.php HTTP/1.1" 404 1115 "-" "Mozilla/5.0 (Windows NT 6.1; Win64; x64; rv:59.0) Gecko/20100101 Firefox/59.0" "119.29.238.64"
172.31.73.27 - - [07/Mar/2019:00:12:21 -0500] "GET /optportal/services/getCompany_OptionByCompanyAndOptName.json?companyId=3296&name=CATALOG_BATCH_IMAGE_PULL_FROM_URL_CASE HTTP/1.1" 200 1407 "-" "-" "167.99.225.172, 173.245.52.150"
172.31.73.27 - - [07/Mar/2019:00:12:22 -0500] "GET /cacti/plugins/weathermap/editor.php HTTP/1.1" 404 1121 "-" "Mozilla/5.0 (Windows NT 6.1; Win64; x64; rv:59.0) Gecko/20100101 Firefox/59.0" "119.29.238.64"
172.31.73.27 - - [07/Mar/2019:00:12:23 -0500] "POST /xw.php HTTP/1.1" 404 1080 "-" "Mozilla/5.0 (X11; Linux x86_64) AppleWebKit/537.36 (KHTML, like Gecko) Chrome/56.0.2924.87 Safari/537.36" "119.29.238.64"
172.31.67.77 - - [07/Mar/2019:00:12:24 -0500] "GET /optportal/services/getCompany_OptionByCompanyAndOptName.json?companyId=3296&name=CATALOG_BATCH_IMAGE_PULL_FROM_URL_CASE HTTP/1.1" 200 1407 "-" "-" "167.99.225.172, 162.158.63.176"
172.31.73.27 - - [07/Mar/2019:00:12:26 -0500] "POST /wc.php HTTP/1.1" 404 1080 "-" "Mozilla/5.0 (X11; Linux x86_64) AppleWebKit/537.36 (KHTML, like Gecko) Chrome/56.0.2924.87 Safari/537.36" "119.29.238.64"
172.31.73.27 - - [07/Mar/2019:00:12:27 -0500] "GET /optportal/services/getCompany_OptionByCompanyAndOptName.json?companyId=3296&name=CATALOG_BATCH_IMAGE_PULL_FROM_URL_CASE HTTP/1.1" 200 1407 "-" "-" "142.93.194.203, 162.158.62.206"
172.31.73.27 - - [07/Mar/2019:00:12:29 -0500] "POST /s.php HTTP/1.1" 404 1079 "-" "Mozilla/5.0 (X11; Linux x86_64) AppleWebKit/537.36 (KHTML, like Gecko) Chrome/56.0.2924.87 Safari/537.36" "119.29.238.64"
172.31.73.27 - - [07/Mar/2019:00:12:30 -0500] "GET /optportal/services/getCompany_OptionByCompanyAndOptName.json?companyId=3296&name=CATALOG_BATCH_IMAGE_PULL_FROM_URL_CASE HTTP/1.1" 200 1407 "-" "-" "167.99.225.172, 173.245.52.90"
172.31.67.77 - - [07/Mar/2019:00:12:30 -0500] "GET /optportal/services/getCompany_OptionByCompanyAndOptName.json?companyId=3296&name=CATALOG_BATCH_IMAGE_PULL_FROM_URL_CASE HTTP/1.1" 200 1407 "-" "-" "142.93.194.203, 108.162.219.182"
172.31.73.27 - - [07/Mar/2019:00:12:31 -0500] "POST /qaq.php HTTP/1.1" 404 1081 "-" "Mozilla/5.0 (X11; Linux x86_64) AppleWebKit/537.36 (KHTML, like Gecko) Chrome/56.0.2924.87 Safari/537.36" "119.29.238.64"
172.31.73.27 - - [07/Mar/2019:00:12:33 -0500] "GET /optportal/services/getCompany_OptionByCompanyAndOptName.json?companyId=3296&name=CATALOG_BATCH_IMAGE_PULL_FROM_URL_CASE HTTP/1.1" 200 1407 "-" "-" "142.93.194.203, 162.158.62.10"
172.31.73.27 - - [07/Mar/2019:00:12:34 -0500] "POST /wp-admins.php HTTP/1.1" 404 1087 "-" "Mozilla/5.0 (X11; Linux x86_64) AppleWebKit/537.36 (KHTML, like Gecko) Chrome/56.0.2924.87 Safari/537.36" "119.29.238.64"
172.31.73.27 - - [07/Mar/2019:00:12:35 -0500] "POST /db_dataml.php HTTP/1.1" 404 1087 "-" "Mozilla/5.0 (X11; Linux x86_64) AppleWebKit/537.36 (KHTML, like Gecko) Chrome/56.0.2924.87 Safari/537.36" "119.29.238.64"
172.31.67.77 - - [07/Mar/2019:00:12:36 -0500] "GET /optportal/services/getCompany_OptionByCompanyAndOptName.json?companyId=3296&name=CATALOG_BATCH_IMAGE_PULL_FROM_URL_CASE HTTP/1.1" 200 1407 "-" "-" "167.99.225.172, 108.162.219.176"
172.31.73.27 - - [07/Mar/2019:00:12:36 -0500] "POST /db_desql.php HTTP/1.1" 404 1086 "-" "Mozilla/5.0 (X11; Linux x86_64) AppleWebKit/537.36 (KHTML, like Gecko) Chrome/56.0.2924.87 Safari/537.36" "119.29.238.64"
172.31.73.27 - - [07/Mar/2019:00:12:38 -0500] "POST /wshell.php HTTP/1.1" 404 1084 "-" "Mozilla/5.0 (X11; Linux x86_64) AppleWebKit/537.36 (KHTML, like Gecko) Chrome/56.0.2924.87 Safari/537.36" "119.29.238.64"
172.31.73.27 - - [07/Mar/2019:00:12:39 -0500] "POST /xshell.php HTTP/1.1" 404 1084 "-" "Mozilla/5.0 (X11; Linux x86_64) AppleWebKit/537.36 (KHTML, like Gecko) Chrome/56.0.2924.87 Safari/537.36" "119.29.238.64"
172.31.73.27 - - [07/Mar/2019:00:12:39 -0500] "POST /qq.php HTTP/1.1" 404 1080 "-" "Mozilla/5.0 (X11; Linux x86_64) AppleWebKit/537.36 (KHTML, like Gecko) Chrome/56.0.2924.87 Safari/537.36" "119.29.238.64"
172.31.73.27 - - [07/Mar/2019:00:12:42 -0500] "POST /conflg.php HTTP/1.1" 404 1084 "-" "Mozilla/5.0 (X11; Linux x86_64) AppleWebKit/537.36 (KHTML, like Gecko) Chrome/56.0.2924.87 Safari/537.36" "119.29.238.64"
172.31.73.27 - - [07/Mar/2019:00:12:42 -0500] "POST /lindex.php HTTP/1.1" 404 1084 "-" "Mozilla/5.0 (X11; Linux x86_64) AppleWebKit/537.36 (KHTML, like Gecko) Chrome/56.0.2924.87 Safari/537.36" "119.29.238.64"
172.31.73.27 - - [07/Mar/2019:00:12:42 -0500] "GET /optportal/login.jsp HTTP/1.1" 200 11553 "-" "ELB-HealthChecker/1.0" "-"
172.31.67.77 - - [07/Mar/2019:00:12:42 -0500] "GET /optportal/login.jsp HTTP/1.1" 200 11553 "-" "ELB-HealthChecker/1.0" "-"
172.31.73.27 - - [07/Mar/2019:00:12:44 -0500] "POST /phpStudy.php HTTP/1.1" 404 1086 "-" "Mozilla/5.0 (X11; Linux x86_64) AppleWebKit/537.36 (KHTML, like Gecko) Chrome/56.0.2924.87 Safari/537.36" "119.29.238.64"
172.31.67.77 - - [07/Mar/2019:00:12:45 -0500] "GET /optportal/services/getCompany_OptionByCompanyAndOptName.json?companyId=3296&name=CATALOG_BATCH_IMAGE_PULL_FROM_URL_CASE HTTP/1.1" 200 1407 "-" "-" "142.93.194.203, 108.162.219.248"
172.31.73.27 - - [07/Mar/2019:00:12:46 -0500] "POST /feixiang.php HTTP/1.1" 404 1086 "-" "Mozilla/5.0 (X11; Linux x86_64) AppleWebKit/537.36 (KHTML, like Gecko) Chrome/56.0.2924.87 Safari/537.36" "119.29.238.64"
172.31.73.27 - - [07/Mar/2019:00:12:48 -0500] "GET /optportal/services/getCompany_OptionByCompanyAndOptName.json?companyId=3296&name=CATALOG_BATCH_IMAGE_PULL_FROM_URL_CASE HTTP/1.1" 200 1407 "-" "-" "167.99.225.172, 162.158.62.212"
172.31.73.27 - - [07/Mar/2019:00:12:49 -0500] "POST /xiao.php HTTP/1.1" 404 1082 "-" "Mozilla/5.0 (X11; Linux x86_64) AppleWebKit/537.36 (KHTML, like Gecko) Chrome/56.0.2924.87 Safari/537.36" "119.29.238.64"
172.31.73.27 - - [07/Mar/2019:00:12:51 -0500] "POST /defect.php HTTP/1.1" 404 1084 "-" "Mozilla/5.0 (X11; Linux x86_64) AppleWebKit/537.36 (KHTML, like Gecko) Chrome/56.0.2924.87 Safari/537.36" "119.29.238.64"
172.31.67.77 - - [07/Mar/2019:00:12:51 -0500] "GET /optportal/services/getCompany_OptionByCompanyAndOptName.json?companyId=3296&name=CATALOG_BATCH_IMAGE_PULL_FROM_URL_CASE HTTP/1.1" 200 1407 "-" "-" "167.99.225.172, 162.158.62.63"
172.31.73.27 - - [07/Mar/2019:00:12:54 -0500] "GET /optportal/services/getCompany_OptionByCompanyAndOptName.json?companyId=3296&name=CATALOG_BATCH_IMAGE_PULL_FROM_URL_CASE HTTP/1.1" 200 1407 "-" "-" "167.99.225.172, 162.158.63.33"
172.31.67.77 - - [07/Mar/2019:00:12:54 -0500] "GET /optportal/services/getCompany_OptionByCompanyAndOptName.json?companyId=3296&name=CATALOG_BATCH_IMAGE_PULL_FROM_URL_CASE HTTP/1.1" 200 1407 "-" "-" "142.93.194.203, 162.158.63.56"
172.31.73.27 - - [07/Mar/2019:00:12:56 -0500] "POST /hm.php HTTP/1.1" 404 1080 "-" "Mozilla/5.0 (X11; Linux x86_64) AppleWebKit/537.36 (KHTML, like Gecko) Chrome/56.0.2924.87 Safari/537.36" "119.29.238.64"
172.31.73.27 - - [07/Mar/2019:00:12:57 -0500] "GET /optportal/services/getCompany_OptionByCompanyAndOptName.json?companyId=3296&name=CATALOG_BATCH_IMAGE_PULL_FROM_URL_CASE HTTP/1.1" 200 1407 "-" "-" "142.93.194.203, 162.158.62.48"
172.31.73.27 - - [07/Mar/2019:00:13:00 -0500] "GET /optportal/services/getCompany_OptionByCompanyAndOptName.json?companyId=3296&name=CATALOG_BATCH_IMAGE_PULL_FROM_URL_CASE HTTP/1.1" 200 1407 "-" "-" "142.93.194.203, 173.245.52.108"
172.31.73.27 - - [07/Mar/2019:00:13:02 -0500] "POST /aotu.php HTTP/1.1" 404 1082 "-" "Mozilla/5.0 (X11; Linux x86_64) AppleWebKit/537.36 (KHTML, like Gecko) Chrome/56.0.2924.87 Safari/537.36" "119.29.238.64"
172.31.67.77 - - [07/Mar/2019:00:13:03 -0500] "GET /optportal/services/getCompany_OptionByCompanyAndOptName.json?companyId=3296&name=CATALOG_BATCH_IMAGE_PULL_FROM_URL_CASE HTTP/1.1" 200 1407 "-" "-" "167.99.225.172, 108.162.219.56"
172.31.73.27 - - [07/Mar/2019:00:13:04 -0500] "POST /cmd.php HTTP/1.1" 404 1081 "-" "Mozilla/5.0 (X11; Linux x86_64) AppleWebKit/537.36 (KHTML, like Gecko) Chrome/56.0.2924.87 Safari/537.36" "119.29.238.64"
172.31.67.77 - - [07/Mar/2019:00:13:06 -0500] "GET /optportal/services/getCompany_OptionByCompanyAndOptName.json?companyId=3296&name=CATALOG_BATCH_IMAGE_PULL_FROM_URL_CASE HTTP/1.1" 200 1407 "-" "-" "167.99.225.172, 108.162.219.176"
172.31.67.77 - - [07/Mar/2019:00:13:09 -0500] "GET /optportal/services/getCompany_OptionByCompanyAndOptName.json?companyId=3296&name=CATALOG_BATCH_IMAGE_PULL_FROM_URL_CASE HTTP/1.1" 200 1407 "-" "-" "167.99.225.172, 162.158.62.79"
172.31.73.27 - - [07/Mar/2019:00:13:10 -0500] "POST /l6.php HTTP/1.1" 404 1080 "-" "Mozilla/5.0 (X11; Linux x86_64) AppleWebKit/537.36 (KHTML, like Gecko) Chrome/56.0.2924.87 Safari/537.36" "119.29.238.64"
172.31.73.27 - - [07/Mar/2019:00:13:11 -0500] "POST /l8.php HTTP/1.1" 404 1080 "-" "Mozilla/5.0 (X11; Linux x86_64) AppleWebKit/537.36 (KHTML, like Gecko) Chrome/56.0.2924.87 Safari/537.36" "119.29.238.64"
172.31.73.27 - - [07/Mar/2019:00:13:12 -0500] "POST /q.php HTTP/1.1" 404 1079 "-" "Mozilla/5.0 (X11; Linux x86_64) AppleWebKit/537.36 (KHTML, like Gecko) Chrome/56.0.2924.87 Safari/537.36" "119.29.238.64"
172.31.67.77 - - [07/Mar/2019:00:13:12 -0500] "GET /optportal/services/getCompany_OptionByCompanyAndOptName.json?companyId=3296&name=CATALOG_BATCH_IMAGE_PULL_FROM_URL_CASE HTTP/1.1" 200 1407 "-" "-" "142.93.194.203, 108.162.219.50"
172.31.73.27 - - [07/Mar/2019:00:13:12 -0500] "GET /optportal/login.jsp HTTP/1.1" 200 11553 "-" "ELB-HealthChecker/1.0" "-"
172.31.67.77 - - [07/Mar/2019:00:13:12 -0500] "GET /optportal/login.jsp HTTP/1.1" 200 11553 "-" "ELB-HealthChecker/1.0" "-"
172.31.73.27 - - [07/Mar/2019:00:13:14 -0500] "POST /xx.php HTTP/1.1" 404 1080 "-" "Mozilla/5.0 (X11; Linux x86_64) AppleWebKit/537.36 (KHTML, like Gecko) Chrome/56.0.2924.87 Safari/537.36" "119.29.238.64"
172.31.73.27 - - [07/Mar/2019:00:13:15 -0500] "GET /optportal/services/getCompany_OptionByCompanyAndOptName.json?companyId=3296&name=CATALOG_BATCH_IMAGE_PULL_FROM_URL_CASE HTTP/1.1" 200 1407 "-" "-" "142.93.194.203, 162.158.62.206"
172.31.73.27 - - [07/Mar/2019:00:13:17 -0500] "POST /min.php HTTP/1.1" 404 1081 "-" "Mozilla/5.0 (X11; Linux x86_64) AppleWebKit/537.36 (KHTML, like Gecko) Chrome/56.0.2924.87 Safari/537.36" "119.29.238.64"
172.31.73.27 - - [07/Mar/2019:00:13:18 -0500] "GET /optportal/services/getCompany_OptionByCompanyAndOptName.json?companyId=3296&name=CATALOG_BATCH_IMAGE_PULL_FROM_URL_CASE HTTP/1.1" 200 1407 "-" "-" "142.93.194.203, 108.162.219.51"
172.31.73.27 - - [07/Mar/2019:00:13:19 -0500] "POST /wanan.php HTTP/1.1" 404 1083 "-" "Mozilla/5.0 (X11; Linux x86_64) AppleWebKit/537.36 (KHTML, like Gecko) Chrome/56.0.2924.87 Safari/537.36" "119.29.238.64"
172.31.73.27 - - [07/Mar/2019:00:13:20 -0500] "POST /qq.php HTTP/1.1" 404 1080 "-" "Mozilla/5.0 (X11; Linux x86_64) AppleWebKit/537.36 (KHTML, like Gecko) Chrome/56.0.2924.87 Safari/537.36" "119.29.238.64"
172.31.73.27 - - [07/Mar/2019:00:13:21 -0500] "GET /optportal/services/getCompany_OptionByCompanyAndOptName.json?companyId=3296&name=CATALOG_BATCH_IMAGE_PULL_FROM_URL_CASE HTTP/1.1" 200 1407 "-" "-" "142.93.194.203, 108.162.219.213"
172.31.73.27 - - [07/Mar/2019:00:13:22 -0500] "POST /12.php HTTP/1.1" 404 1080 "-" "Mozilla/5.0 (X11; Linux x86_64) AppleWebKit/537.36 (KHTML, like Gecko) Chrome/56.0.2924.87 Safari/537.36" "119.29.238.64"
172.31.73.27 - - [07/Mar/2019:00:13:27 -0500] "GET /optportal/services/getCompany_OptionByCompanyAndOptName.json?companyId=3296&name=CATALOG_BATCH_IMAGE_PULL_FROM_URL_CASE HTTP/1.1" 200 1407 "-" "-" "167.99.225.172, 162.158.63.225"
172.31.73.27 - - [07/Mar/2019:00:13:30 -0500] "GET /optportal/services/getCompany_OptionByCompanyAndOptName.json?companyId=3296&name=CATALOG_BATCH_IMAGE_PULL_FROM_URL_CASE HTTP/1.1" 200 1407 "-" "-" "167.99.225.172, 108.162.219.243"
172.31.73.27 - - [07/Mar/2019:00:13:30 -0500] "POST /infoo.php HTTP/1.1" 404 1083 "-" "Mozilla/5.0 (X11; Linux x86_64) AppleWebKit/537.36 (KHTML, like Gecko) Chrome/56.0.2924.87 Safari/537.36" "119.29.238.64"
172.31.73.27 - - [07/Mar/2019:00:13:32 -0500] "POST /qwe.php HTTP/1.1" 404 1081 "-" "Mozilla/5.0 (X11; Linux x86_64) AppleWebKit/537.36 (KHTML, like Gecko) Chrome/56.0.2924.87 Safari/537.36" "119.29.238.64"
172.31.67.77 - - [07/Mar/2019:00:13:33 -0500] "GET /optportal/services/getCompany_OptionByCompanyAndOptName.json?companyId=3296&name=CATALOG_BATCH_IMAGE_PULL_FROM_URL_CASE HTTP/1.1" 200 1407 "-" "-" "167.99.225.172, 108.162.219.56"
172.31.67.77 - - [07/Mar/2019:00:13:36 -0500] "GET /optportal/services/getCompany_OptionByCompanyAndOptName.json?companyId=3296&name=CATALOG_BATCH_IMAGE_PULL_FROM_URL_CASE HTTP/1.1" 200 1407 "-" "-" "167.99.225.172, 108.162.219.182"
172.31.73.27 - - [07/Mar/2019:00:13:36 -0500] "GET /optportal/services/getCompany_OptionByCompanyAndOptName.json?companyId=3296&name=CATALOG_BATCH_IMAGE_PULL_FROM_URL_CASE HTTP/1.1" 200 1407 "-" "-" "142.93.194.203, 162.158.62.104"
172.31.73.27 - - [07/Mar/2019:00:13:38 -0500] "POST /h1.php HTTP/1.1" 404 1080 "-" "Mozilla/5.0 (X11; Linux x86_64) AppleWebKit/537.36 (KHTML, like Gecko) Chrome/56.0.2924.87 Safari/537.36" "119.29.238.64"
172.31.73.27 - - [07/Mar/2019:00:13:39 -0500] "GET /optportal/services/getCompany_OptionByCompanyAndOptName.json?companyId=3296&name=CATALOG_BATCH_IMAGE_PULL_FROM_URL_CASE HTTP/1.1" 200 1407 "-" "-" "142.93.194.203, 162.158.62.206"
172.31.67.77 - - [07/Mar/2019:00:13:42 -0500] "GET /optportal/services/getCompany_OptionByCompanyAndOptName.json?companyId=3296&name=CATALOG_BATCH_IMAGE_PULL_FROM_URL_CASE HTTP/1.1" 200 1407 "-" "-" "142.93.194.203, 162.158.63.182"
172.31.73.27 - - [07/Mar/2019:00:13:42 -0500] "GET /phpmyadmin/index.php HTTP/1.1" 404 1098 "-" "Mozilla/5.0 (X11; Linux x86_64; rv:28.0) Gecko/20100101 Firefox/28.0" "119.29.238.64"
172.31.73.27 - - [07/Mar/2019:00:13:42 -0500] "GET /optportal/login.jsp HTTP/1.1" 200 11553 "-" "ELB-HealthChecker/1.0" "-"
172.31.67.77 - - [07/Mar/2019:00:13:42 -0500] "GET /optportal/login.jsp HTTP/1.1" 200 11553 "-" "ELB-HealthChecker/1.0" "-"
172.31.73.27 - - [07/Mar/2019:00:13:45 -0500] "GET /optportal/services/getCompany_OptionByCompanyAndOptName.json?companyId=3296&name=CATALOG_BATCH_IMAGE_PULL_FROM_URL_CASE HTTP/1.1" 200 1407 "-" "-" "167.99.225.172, 162.158.63.207"
172.31.67.77 - - [07/Mar/2019:00:13:48 -0500] "GET /optportal/services/getCompany_OptionByCompanyAndOptName.json?companyId=3296&name=CATALOG_BATCH_IMAGE_PULL_FROM_URL_CASE HTTP/1.1" 200 1407 "-" "-" "167.99.225.172, 162.158.63.104"
172.31.73.27 - - [07/Mar/2019:00:13:50 -0500] "GET /PMA/index.php HTTP/1.1" 404 1091 "-" "Mozilla/5.0 (X11; Linux x86_64; rv:28.0) Gecko/20100101 Firefox/28.0" "119.29.238.64"
172.31.67.77 - - [07/Mar/2019:00:13:51 -0500] "GET /optportal/services/getCompany_OptionByCompanyAndOptName.json?companyId=3296&name=CATALOG_BATCH_IMAGE_PULL_FROM_URL_CASE HTTP/1.1" 200 1407 "-" "-" "142.93.194.203, 162.158.62.57"
172.31.73.27 - - [07/Mar/2019:00:13:53 -0500] "GET /PMA2/index.php HTTP/1.1" 404 1092 "-" "Mozilla/5.0 (X11; Linux x86_64; rv:28.0) Gecko/20100101 Firefox/28.0" "119.29.238.64"
172.31.73.27 - - [07/Mar/2019:00:13:54 -0500] "GET /optportal/services/getCompany_OptionByCompanyAndOptName.json?companyId=3296&name=CATALOG_BATCH_IMAGE_PULL_FROM_URL_CASE HTTP/1.1" 200 1407 "-" "-" "142.93.194.203, 173.245.52.108"
172.31.73.27 - - [07/Mar/2019:00:13:57 -0500] "GET /optportal/services/getCompany_OptionByCompanyAndOptName.json?companyId=3296&name=CATALOG_BATCH_IMAGE_PULL_FROM_URL_CASE HTTP/1.1" 200 1407 "-" "-" "142.93.194.203, 108.162.219.213"
172.31.73.27 - - [07/Mar/2019:00:13:58 -0500] "GET /admin/index.php HTTP/1.1" 404 1093 "-" "Mozilla/5.0 (X11; Linux x86_64; rv:28.0) Gecko/20100101 Firefox/28.0" "119.29.238.64"
172.31.67.77 - - [07/Mar/2019:00:14:00 -0500] "GET /optportal/services/getCompany_OptionByCompanyAndOptName.json?companyId=3296&name=CATALOG_BATCH_IMAGE_PULL_FROM_URL_CASE HTTP/1.1" 200 1407 "-" "-" "142.93.194.203, 108.162.219.248"
172.31.73.27 - - [07/Mar/2019:00:14:01 -0500] "GET /db/index.php HTTP/1.1" 404 1090 "-" "Mozilla/5.0 (X11; Linux x86_64; rv:28.0) Gecko/20100101 Firefox/28.0" "119.29.238.64"
172.31.67.77 - - [07/Mar/2019:00:14:03 -0500] "GET /optportal/services/getCompany_OptionByCompanyAndOptName.json?companyId=3296&name=CATALOG_BATCH_IMAGE_PULL_FROM_URL_CASE HTTP/1.1" 200 1407 "-" "-" "142.93.194.203, 108.162.219.212"
172.31.73.27 - - [07/Mar/2019:00:14:05 -0500] "GET /web/phpMyAdmin/index.php HTTP/1.1" 404 1106 "-" "Mozilla/5.0 (X11; Linux x86_64; rv:28.0) Gecko/20100101 Firefox/28.0" "119.29.238.64"
172.31.67.77 - - [07/Mar/2019:00:14:06 -0500] "GET /optportal/services/getCompany_OptionByCompanyAndOptName.json?companyId=3296&name=CATALOG_BATCH_IMAGE_PULL_FROM_URL_CASE HTTP/1.1" 200 1407 "-" "-" "142.93.194.203, 162.158.63.182"
172.31.73.27 - - [07/Mar/2019:00:14:09 -0500] "GET /optportal/services/getCompany_OptionByCompanyAndOptName.json?companyId=3296&name=CATALOG_BATCH_IMAGE_PULL_FROM_URL_CASE HTTP/1.1" 200 1407 "-" "-" "142.93.194.203, 162.158.63.219"
172.31.73.27 - - [07/Mar/2019:00:14:10 -0500] "GET /admin/mysql2/index.php HTTP/1.1" 404 1104 "-" "Mozilla/5.0 (X11; Linux x86_64; rv:28.0) Gecko/20100101 Firefox/28.0" "119.29.238.64"
172.31.67.77 - - [07/Mar/2019:00:14:12 -0500] "GET /optportal/services/getCompany_OptionByCompanyAndOptName.json?companyId=3296&name=CATALOG_BATCH_IMAGE_PULL_FROM_URL_CASE HTTP/1.1" 200 1407 "-" "-" "167.99.225.172, 162.158.62.211"
172.31.73.27 - - [07/Mar/2019:00:14:12 -0500] "GET /optportal/login.jsp HTTP/1.1" 200 11553 "-" "ELB-HealthChecker/1.0" "-"
172.31.67.77 - - [07/Mar/2019:00:14:12 -0500] "GET /optportal/login.jsp HTTP/1.1" 200 11553 "-" "ELB-HealthChecker/1.0" "-"
172.31.73.27 - - [07/Mar/2019:00:14:14 -0500] "GET /admin/phpmyadmin2/index.php HTTP/1.1" 404 1109 "-" "Mozilla/5.0 (X11; Linux x86_64; rv:28.0) Gecko/20100101 Firefox/28.0" "119.29.238.64"
172.31.67.77 - - [07/Mar/2019:00:14:15 -0500] "GET /optportal/services/getCompany_OptionByCompanyAndOptName.json?companyId=3296&name=CATALOG_BATCH_IMAGE_PULL_FROM_URL_CASE HTTP/1.1" 200 1407 "-" "-" "142.93.194.203, 162.158.63.242"
172.31.73.27 - - [07/Mar/2019:00:14:17 -0500] "GET /mysqladmin/index.php HTTP/1.1" 404 1098 "-" "Mozilla/5.0 (X11; Linux x86_64; rv:28.0) Gecko/20100101 Firefox/28.0" "119.29.238.64"
172.31.67.77 - - [07/Mar/2019:00:14:18 -0500] "GET /optportal/services/getCompany_OptionByCompanyAndOptName.json?companyId=3296&name=CATALOG_BATCH_IMAGE_PULL_FROM_URL_CASE HTTP/1.1" 200 1407 "-" "-" "142.93.194.203, 173.245.52.101"
172.31.73.27 - - [07/Mar/2019:00:14:21 -0500] "GET /optportal/services/getCompany_OptionByCompanyAndOptName.json?companyId=3296&name=CATALOG_BATCH_IMAGE_PULL_FROM_URL_CASE HTTP/1.1" 200 1407 "-" "-" "142.93.194.203, 162.158.62.206"
172.31.73.27 - - [07/Mar/2019:00:14:22 -0500] "GET /phpAdmin/index.php HTTP/1.1" 404 1096 "-" "Mozilla/5.0 (X11; Linux x86_64; rv:28.0) Gecko/20100101 Firefox/28.0" "119.29.238.64"
172.31.73.27 - - [07/Mar/2019:00:14:24 -0500] "GET /optportal/services/getCompany_OptionByCompanyAndOptName.json?companyId=3296&name=CATALOG_BATCH_IMAGE_PULL_FROM_URL_CASE HTTP/1.1" 200 1407 "-" "-" "142.93.194.203, 162.158.62.10"
172.31.67.77 - - [07/Mar/2019:00:14:25 -0500] "GET /optportal/services/verifyABCInfo.json?login=annlouisejewellers&company=3373 HTTP/1.1" 200 1579 "-" "-" "142.93.117.156, 162.158.63.104"
172.31.73.27 - - [07/Mar/2019:00:14:26 -0500] "GET /optportal/services/article.json?login=annlouisejewellers&company=3373&articleId=12998 HTTP/1.1" 200 1654 "-" "Rendr RestAdapter; Node.js" "142.93.117.156, 162.158.62.10"
172.31.67.77 - - [07/Mar/2019:00:14:26 -0500] "GET /optportal/services/getBrowseBy.json?login=annlouisejewellers&company=3373&catalog_type=standard&abc=true&dataFlag=true&category_ids=7&cat_id=7 HTTP/1.1" 200 617 "-" "Rendr RestAdapter; Node.js" "142.93.117.156, 108.162.219.224"
172.31.73.27 - - [07/Mar/2019:00:14:26 -0500] "GET /optportal/services/brand/items.json?login=annlouisejewellers&company=3373&catalog_type=standard&prodPerPage=12&page=1&priceOption=retail&range=0-0&appType=1&catalog_version=3&purpose=POS&keysearchtype=style_hash&category_ids=7%2B7&cat_id= HTTP/1.1" 200 3469 "-" "Rendr RestAdapter; Node.js" "142.93.117.156, 162.158.63.33"
172.31.67.77 - - [07/Mar/2019:00:14:27 -0500] "GET /optportal/services/getCompany_OptionByCompanyAndOptName.json?companyId=3296&name=CATALOG_BATCH_IMAGE_PULL_FROM_URL_CASE HTTP/1.1" 200 1407 "-" "-" "142.93.194.203, 162.158.62.57"
172.31.73.27 - - [07/Mar/2019:00:14:29 -0500] "GET /phpMyAdmin-4.4.0/index.php HTTP/1.1" 404 1104 "-" "Mozilla/5.0 (X11; Linux x86_64; rv:28.0) Gecko/20100101 Firefox/28.0" "119.29.238.64"
172.31.73.27 - - [07/Mar/2019:00:14:30 -0500] "GET /optportal/services/getCompany_OptionByCompanyAndOptName.json?companyId=3296&name=CATALOG_BATCH_IMAGE_PULL_FROM_URL_CASE HTTP/1.1" 200 1407 "-" "-" "142.93.194.203, 108.162.219.213"
172.31.67.77 - - [07/Mar/2019:00:14:33 -0500] "GET /optportal/services/getCompany_OptionByCompanyAndOptName.json?companyId=3296&name=CATALOG_BATCH_IMAGE_PULL_FROM_URL_CASE HTTP/1.1" 200 1407 "-" "-" "142.93.194.203, 162.158.63.56"
172.31.73.27 - - [07/Mar/2019:00:14:33 -0500] "GET /xampp/phpmyadmin/index.php HTTP/1.1" 404 1108 "-" "Mozilla/5.0 (X11; Linux x86_64; rv:28.0) Gecko/20100101 Firefox/28.0" "119.29.238.64"
172.31.73.27 - - [07/Mar/2019:00:14:36 -0500] "GET /optportal/services/getCompany_OptionByCompanyAndOptName.json?companyId=3296&name=CATALOG_BATCH_IMAGE_PULL_FROM_URL_CASE HTTP/1.1" 200 1407 "-" "-" "167.99.225.172, 162.158.63.225"
172.31.73.27 - - [07/Mar/2019:00:14:38 -0500] "GET /phpmyadmin-old/index.php HTTP/1.1" 404 1102 "-" "Mozilla/5.0 (X11; Linux x86_64; rv:28.0) Gecko/20100101 Firefox/28.0" "119.29.238.64"
172.31.67.77 - - [07/Mar/2019:00:14:39 -0500] "GET /optportal/services/getBrowseBy.json?login=annlouisejewellers&company=3373&catalog_type=standard&abc=true&dataFlag=true&category_ids=7&cat_id=7 HTTP/1.1" 200 617 "-" "Rendr RestAdapter; Node.js" "142.93.117.156, 162.158.62.63"
172.31.67.77 - - [07/Mar/2019:00:14:39 -0500] "GET /optportal/services/brand/items.json?login=annlouisejewellers&company=3373&catalog_type=standard&prodPerPage=12&page=1&priceOption=retail&range=0-0&appType=1&catalog_version=3&purpose=POS&keysearchtype=style_hash&category_ids=7%2B7&cat_id= HTTP/1.1" 200 3469 "-" "Rendr RestAdapter; Node.js" "142.93.117.156, 108.162.219.224"
172.31.73.27 - - [07/Mar/2019:00:14:39 -0500] "GET /optportal/services/brand/items.json?login=annlouisejewellers&company=3373&catalog_type=standard&prodPerPage=12&page=1&priceOption=retail&range=0-0&appType=1&catalog_version=3&purpose=POS&keysearchtype=style_hash&category_ids=7%2B7&cat_id= HTTP/1.1" 200 3469 "-" "Rendr RestAdapter; Node.js" "142.93.117.156, 162.158.63.207"
172.31.73.27 - - [07/Mar/2019:00:14:42 -0500] "GET /optportal/services/getCompany_OptionByCompanyAndOptName.json?companyId=3296&name=CATALOG_BATCH_IMAGE_PULL_FROM_URL_CASE HTTP/1.1" 200 1407 "-" "-" "142.93.194.203, 162.158.63.189"
172.31.73.27 - - [07/Mar/2019:00:14:42 -0500] "GET /optportal/login.jsp HTTP/1.1" 200 11553 "-" "ELB-HealthChecker/1.0" "-"
172.31.67.77 - - [07/Mar/2019:00:14:42 -0500] "GET /optportal/login.jsp HTTP/1.1" 200 11553 "-" "ELB-HealthChecker/1.0" "-"
172.31.67.77 - - [07/Mar/2019:00:14:45 -0500] "GET /optportal/services/getCompany_OptionByCompanyAndOptName.json?companyId=3296&name=CATALOG_BATCH_IMAGE_PULL_FROM_URL_CASE HTTP/1.1" 200 1407 "-" "-" "167.99.225.172, 162.158.63.104"
172.31.73.27 - - [07/Mar/2019:00:14:45 -0500] "GET /optportal/services/getCompany_OptionByCompanyAndOptName.json?companyId=3296&name=CATALOG_BATCH_IMAGE_PULL_FROM_URL_CASE HTTP/1.1" 200 1407 "-" "-" "142.93.194.203, 162.158.62.10"
