172.31.73.27 - - [07/Mar/2019:00:40:24 -0500] "GET /optportal/services/getCompany_OptionByCompanyAndOptName.json?companyId=3296&name=CATALOG_BATCH_IMAGE_PULL_FROM_URL_CASE HTTP/1.1" 200 1407 "-" "-" "142.93.194.203, 162.158.63.189"
172.31.67.77 - - [07/Mar/2019:00:40:27 -0500] "GET /optportal/services/getCompany_OptionByCompanyAndOptName.json?companyId=3296&name=CATALOG_BATCH_IMAGE_PULL_FROM_URL_CASE HTTP/1.1" 200 1407 "-" "-" "142.93.194.203, 162.158.63.242"
172.31.73.27 - - [07/Mar/2019:00:40:30 -0500] "GET /optportal/services/getCompany_OptionByCompanyAndOptName.json?companyId=3296&name=CATALOG_BATCH_IMAGE_PULL_FROM_URL_CASE HTTP/1.1" 200 1407 "-" "-" "167.99.225.172, 173.245.52.120"
172.31.73.27 - - [07/Mar/2019:00:40:33 -0500] "GET /optportal/services/getCompany_OptionByCompanyAndOptName.json?companyId=3296&name=CATALOG_BATCH_IMAGE_PULL_FROM_URL_CASE HTTP/1.1" 200 1407 "-" "-" "142.93.194.203, 162.158.63.219"
172.31.67.77 - - [07/Mar/2019:00:40:36 -0500] "GET /optportal/services/getCompany_OptionByCompanyAndOptName.json?companyId=3296&name=CATALOG_BATCH_IMAGE_PULL_FROM_URL_CASE HTTP/1.1" 200 1407 "-" "-" "167.99.225.172, 162.158.62.157"
172.31.73.27 - - [07/Mar/2019:00:40:39 -0500] "GET /optportal/services/getCompany_OptionByCompanyAndOptName.json?companyId=3296&name=CATALOG_BATCH_IMAGE_PULL_FROM_URL_CASE HTTP/1.1" 200 1407 "-" "-" "142.93.194.203, 162.158.63.147"
172.31.67.77 - - [07/Mar/2019:00:40:42 -0500] "GET /optportal/services/getCompany_OptionByCompanyAndOptName.json?companyId=3296&name=CATALOG_BATCH_IMAGE_PULL_FROM_URL_CASE HTTP/1.1" 200 1407 "-" "-" "142.93.194.203, 162.158.63.182"
172.31.73.27 - - [07/Mar/2019:00:40:42 -0500] "GET /optportal/login.jsp HTTP/1.1" 200 11553 "-" "ELB-HealthChecker/1.0" "-"
172.31.67.77 - - [07/Mar/2019:00:40:42 -0500] "GET /optportal/login.jsp HTTP/1.1" 200 11553 "-" "ELB-HealthChecker/1.0" "-"
172.31.67.77 - - [07/Mar/2019:00:40:45 -0500] "GET /optportal/services/getCompany_OptionByCompanyAndOptName.json?companyId=3296&name=CATALOG_BATCH_IMAGE_PULL_FROM_URL_CASE HTTP/1.1" 200 1407 "-" "-" "142.93.194.203, 108.162.219.50"
172.31.67.77 - - [07/Mar/2019:00:40:48 -0500] "GET /optportal/services/getCompany_OptionByCompanyAndOptName.json?companyId=3296&name=CATALOG_BATCH_IMAGE_PULL_FROM_URL_CASE HTTP/1.1" 200 1407 "-" "-" "142.93.194.203, 108.162.219.212"
172.31.73.27 - - [07/Mar/2019:00:40:51 -0500] "GET /optportal/services/getCompany_OptionByCompanyAndOptName.json?companyId=3296&name=CATALOG_BATCH_IMAGE_PULL_FROM_URL_CASE HTTP/1.1" 200 1407 "-" "-" "167.99.225.172, 162.158.63.33"
172.31.67.77 - - [07/Mar/2019:00:40:54 -0500] "GET /optportal/services/getCompany_OptionByCompanyAndOptName.json?companyId=3296&name=CATALOG_BATCH_IMAGE_PULL_FROM_URL_CASE HTTP/1.1" 200 1407 "-" "-" "167.99.225.172, 162.158.63.98"
172.31.73.27 - - [07/Mar/2019:00:40:57 -0500] "GET /optportal/services/verifyABCInfo.json?login=shopchopard&company=4 HTTP/1.1" 200 48 "-" "-" "142.93.115.123, 108.162.219.243"
172.31.73.27 - - [07/Mar/2019:00:41:00 -0500] "GET /optportal/services/getCompany_OptionByCompanyAndOptName.json?companyId=3296&name=CATALOG_BATCH_IMAGE_PULL_FROM_URL_CASE HTTP/1.1" 200 1407 "-" "-" "167.99.225.172, 162.158.63.129"
172.31.67.77 - - [07/Mar/2019:00:41:00 -0500] "GET /optportal/services/getCompany_OptionByCompanyAndOptName.json?companyId=3296&name=CATALOG_BATCH_IMAGE_PULL_FROM_URL_CASE HTTP/1.1" 200 1407 "-" "-" "142.93.194.203, 108.162.219.248"
172.31.67.77 - - [07/Mar/2019:00:41:03 -0500] "GET /optportal/services/getCompany_OptionByCompanyAndOptName.json?companyId=3296&name=CATALOG_BATCH_IMAGE_PULL_FROM_URL_CASE HTTP/1.1" 200 1407 "-" "-" "142.93.194.203, 108.162.219.248"
172.31.67.77 - - [07/Mar/2019:00:41:06 -0500] "GET /optportal/services/getCompany_OptionByCompanyAndOptName.json?companyId=3296&name=CATALOG_BATCH_IMAGE_PULL_FROM_URL_CASE HTTP/1.1" 200 1407 "-" "-" "142.93.194.203, 173.245.52.101"
172.31.67.77 - - [07/Mar/2019:00:41:12 -0500] "GET /optportal/services/getCompany_OptionByCompanyAndOptName.json?companyId=3296&name=CATALOG_BATCH_IMAGE_PULL_FROM_URL_CASE HTTP/1.1" 200 1407 "-" "-" "167.99.225.172, 108.162.219.56"
172.31.73.27 - - [07/Mar/2019:00:41:12 -0500] "GET /optportal/services/getCompany_OptionByCompanyAndOptName.json?companyId=3296&name=CATALOG_BATCH_IMAGE_PULL_FROM_URL_CASE HTTP/1.1" 200 1407 "-" "-" "142.93.194.203, 162.158.63.189"
172.31.73.27 - - [07/Mar/2019:00:41:12 -0500] "GET /optportal/login.jsp HTTP/1.1" 200 11553 "-" "ELB-HealthChecker/1.0" "-"
172.31.67.77 - - [07/Mar/2019:00:41:12 -0500] "GET /optportal/login.jsp HTTP/1.1" 200 11553 "-" "ELB-HealthChecker/1.0" "-"
172.31.73.27 - - [07/Mar/2019:00:41:15 -0500] "GET /optportal/services/getCompany_OptionByCompanyAndOptName.json?companyId=3296&name=CATALOG_BATCH_IMAGE_PULL_FROM_URL_CASE HTTP/1.1" 200 1407 "-" "-" "142.93.194.203, 108.162.219.213"
172.31.73.27 - - [07/Mar/2019:00:41:21 -0500] "GET /optportal/services/getCompany_OptionByCompanyAndOptName.json?companyId=3296&name=CATALOG_BATCH_IMAGE_PULL_FROM_URL_CASE HTTP/1.1" 200 1407 "-" "-" "167.99.225.172, 173.245.52.180"
172.31.67.77 - - [07/Mar/2019:00:41:21 -0500] "GET /optportal/services/getCompany_OptionByCompanyAndOptName.json?companyId=3296&name=CATALOG_BATCH_IMAGE_PULL_FROM_URL_CASE HTTP/1.1" 200 1407 "-" "-" "142.93.194.203, 162.158.63.56"
172.31.73.27 - - [07/Mar/2019:00:41:27 -0500] "GET /optportal/services/getCompany_OptionByCompanyAndOptName.json?companyId=3296&name=CATALOG_BATCH_IMAGE_PULL_FROM_URL_CASE HTTP/1.1" 200 1407 "-" "-" "167.99.225.172, 108.162.219.243"
172.31.73.27 - - [07/Mar/2019:00:41:30 -0500] "GET /optportal/services/getCompany_OptionByCompanyAndOptName.json?companyId=3296&name=CATALOG_BATCH_IMAGE_PULL_FROM_URL_CASE HTTP/1.1" 200 1407 "-" "-" "167.99.225.172, 162.158.62.50"
172.31.67.77 - - [07/Mar/2019:00:41:30 -0500] "GET /optportal/services/getCompany_OptionByCompanyAndOptName.json?companyId=3296&name=CATALOG_BATCH_IMAGE_PULL_FROM_URL_CASE HTTP/1.1" 200 1407 "-" "-" "142.93.194.203, 108.162.219.248"
172.31.73.27 - - [07/Mar/2019:00:41:36 -0500] "GET /optportal/services/getCompany_OptionByCompanyAndOptName.json?companyId=3296&name=CATALOG_BATCH_IMAGE_PULL_FROM_URL_CASE HTTP/1.1" 200 1407 "-" "-" "167.99.225.172, 162.158.63.207"
172.31.73.27 - - [07/Mar/2019:00:41:39 -0500] "GET /optportal/services/getCompany_OptionByCompanyAndOptName.json?companyId=3296&name=CATALOG_BATCH_IMAGE_PULL_FROM_URL_CASE HTTP/1.1" 200 1407 "-" "-" "167.99.225.172, 173.245.52.90"
172.31.67.77 - - [07/Mar/2019:00:41:39 -0500] "GET /optportal/services/getCompany_OptionByCompanyAndOptName.json?companyId=3296&name=CATALOG_BATCH_IMAGE_PULL_FROM_URL_CASE HTTP/1.1" 200 1407 "-" "-" "142.93.194.203, 108.162.219.50"
172.31.67.77 - - [07/Mar/2019:00:41:42 -0500] "GET /optportal/services/getCompany_OptionByCompanyAndOptName.json?companyId=3296&name=CATALOG_BATCH_IMAGE_PULL_FROM_URL_CASE HTTP/1.1" 200 1407 "-" "-" "142.93.194.203, 108.162.219.182"
172.31.73.27 - - [07/Mar/2019:00:41:42 -0500] "GET /optportal/login.jsp HTTP/1.1" 200 11553 "-" "ELB-HealthChecker/1.0" "-"
172.31.67.77 - - [07/Mar/2019:00:41:42 -0500] "GET /optportal/login.jsp HTTP/1.1" 200 11553 "-" "ELB-HealthChecker/1.0" "-"
172.31.67.77 - - [07/Mar/2019:00:41:45 -0500] "GET /optportal/services/getCompany_OptionByCompanyAndOptName.json?companyId=3296&name=CATALOG_BATCH_IMAGE_PULL_FROM_URL_CASE HTTP/1.1" 200 1407 "-" "-" "142.93.194.203, 162.158.63.56"
172.31.73.27 - - [07/Mar/2019:00:41:48 -0500] "GET /optportal/services/getCompany_OptionByCompanyAndOptName.json?companyId=3296&name=CATALOG_BATCH_IMAGE_PULL_FROM_URL_CASE HTTP/1.1" 200 1407 "-" "-" "142.93.194.203, 162.158.63.237"
172.31.67.77 - - [07/Mar/2019:00:41:49 -0500] "GET /horde3/imp/test.php HTTP/1.1" 404 1101 "-" "Mozilla/5.0 (Windows NT 10.0; Win64; x64; rv:57.0) Gecko/20100101 Firefox/57.0" "84.21.0.21"
172.31.73.27 - - [07/Mar/2019:00:41:54 -0500] "GET /optportal/services/getCompany_OptionByCompanyAndOptName.json?companyId=3296&name=CATALOG_BATCH_IMAGE_PULL_FROM_URL_CASE HTTP/1.1" 200 1407 "-" "-" "167.99.225.172, 108.162.219.243"
172.31.73.27 - - [07/Mar/2019:00:41:57 -0500] "GET /optportal/services/getCompany_OptionByCompanyAndOptName.json?companyId=3296&name=CATALOG_BATCH_IMAGE_PULL_FROM_URL_CASE HTTP/1.1" 200 1407 "-" "-" "167.99.225.172, 162.158.63.207"
172.31.67.77 - - [07/Mar/2019:00:42:00 -0500] "GET /optportal/services/getCompany_OptionByCompanyAndOptName.json?companyId=3296&name=CATALOG_BATCH_IMAGE_PULL_FROM_URL_CASE HTTP/1.1" 200 1407 "-" "-" "142.93.194.203, 108.162.219.212"
172.31.73.27 - - [07/Mar/2019:00:42:03 -0500] "GET /optportal/services/getCompany_OptionByCompanyAndOptName.json?companyId=3296&name=CATALOG_BATCH_IMAGE_PULL_FROM_URL_CASE HTTP/1.1" 200 1407 "-" "-" "167.99.225.172, 162.158.63.207"
172.31.73.27 - - [07/Mar/2019:00:42:06 -0500] "GET /optportal/services/getCompany_OptionByCompanyAndOptName.json?companyId=3296&name=CATALOG_BATCH_IMAGE_PULL_FROM_URL_CASE HTTP/1.1" 200 1407 "-" "-" "167.99.225.172, 162.158.62.50"
172.31.67.77 - - [07/Mar/2019:00:42:09 -0500] "GET /optportal/services/getCompany_OptionByCompanyAndOptName.json?companyId=3296&name=CATALOG_BATCH_IMAGE_PULL_FROM_URL_CASE HTTP/1.1" 200 1407 "-" "-" "142.93.194.203, 162.158.63.182"
172.31.73.27 - - [07/Mar/2019:00:42:12 -0500] "GET /optportal/login.jsp HTTP/1.1" 200 11553 "-" "ELB-HealthChecker/1.0" "-"
172.31.67.77 - - [07/Mar/2019:00:42:12 -0500] "GET /optportal/services/getCompany_OptionByCompanyAndOptName.json?companyId=3296&name=CATALOG_BATCH_IMAGE_PULL_FROM_URL_CASE HTTP/1.1" 200 1407 "-" "-" "142.93.194.203, 108.162.219.50"
172.31.67.77 - - [07/Mar/2019:00:42:12 -0500] "GET /optportal/login.jsp HTTP/1.1" 200 11553 "-" "ELB-HealthChecker/1.0" "-"
172.31.67.77 - - [07/Mar/2019:00:42:15 -0500] "GET /optportal/services/getCompany_OptionByCompanyAndOptName.json?companyId=3296&name=CATALOG_BATCH_IMAGE_PULL_FROM_URL_CASE HTTP/1.1" 200 1407 "-" "-" "142.93.194.203, 108.162.219.182"
172.31.67.77 - - [07/Mar/2019:00:42:18 -0500] "GET /optportal/services/getCompany_OptionByCompanyAndOptName.json?companyId=3296&name=CATALOG_BATCH_IMAGE_PULL_FROM_URL_CASE HTTP/1.1" 200 1407 "-" "-" "142.93.194.203, 108.162.219.74"
172.31.73.27 - - [07/Mar/2019:00:42:21 -0500] "GET /optportal/services/getCompany_OptionByCompanyAndOptName.json?companyId=3296&name=CATALOG_BATCH_IMAGE_PULL_FROM_URL_CASE HTTP/1.1" 200 1407 "-" "-" "167.99.225.172, 162.158.62.212"
172.31.67.77 - - [07/Mar/2019:00:42:24 -0500] "GET /optportal/services/getCompany_OptionByCompanyAndOptName.json?companyId=3296&name=CATALOG_BATCH_IMAGE_PULL_FROM_URL_CASE HTTP/1.1" 200 1407 "-" "-" "167.99.225.172, 162.158.63.104"
172.31.73.27 - - [07/Mar/2019:00:42:27 -0500] "GET /optportal/services/getCompany_OptionByCompanyAndOptName.json?companyId=3296&name=CATALOG_BATCH_IMAGE_PULL_FROM_URL_CASE HTTP/1.1" 200 1407 "-" "-" "142.93.194.203, 162.158.62.10"
172.31.73.27 - - [07/Mar/2019:00:42:30 -0500] "GET /optportal/services/getCompany_OptionByCompanyAndOptName.json?companyId=3296&name=CATALOG_BATCH_IMAGE_PULL_FROM_URL_CASE HTTP/1.1" 200 1407 "-" "-" "142.93.194.203, 162.158.63.33"
172.31.73.27 - - [07/Mar/2019:00:42:33 -0500] "GET /optportal/services/getCompany_OptionByCompanyAndOptName.json?companyId=3296&name=CATALOG_BATCH_IMAGE_PULL_FROM_URL_CASE HTTP/1.1" 200 1407 "-" "-" "142.93.194.203, 162.158.63.219"
172.31.67.77 - - [07/Mar/2019:00:42:36 -0500] "GET /optportal/services/getCompany_OptionByCompanyAndOptName.json?companyId=3296&name=CATALOG_BATCH_IMAGE_PULL_FROM_URL_CASE HTTP/1.1" 200 1407 "-" "-" "167.99.225.172, 162.158.62.145"
172.31.73.27 - - [07/Mar/2019:00:42:39 -0500] "GET /optportal/services/getCompany_OptionByCompanyAndOptName.json?companyId=3296&name=CATALOG_BATCH_IMAGE_PULL_FROM_URL_CASE HTTP/1.1" 200 1407 "-" "-" "142.93.194.203, 162.158.63.189"
172.31.73.27 - - [07/Mar/2019:00:42:42 -0500] "GET /optportal/login.jsp HTTP/1.1" 200 11553 "-" "ELB-HealthChecker/1.0" "-"
172.31.67.77 - - [07/Mar/2019:00:42:42 -0500] "GET /optportal/services/getCompany_OptionByCompanyAndOptName.json?companyId=3296&name=CATALOG_BATCH_IMAGE_PULL_FROM_URL_CASE HTTP/1.1" 200 1407 "-" "-" "142.93.194.203, 108.162.219.212"
172.31.67.77 - - [07/Mar/2019:00:42:42 -0500] "GET /optportal/login.jsp HTTP/1.1" 200 11553 "-" "ELB-HealthChecker/1.0" "-"
172.31.67.77 - - [07/Mar/2019:00:42:45 -0500] "GET /optportal/services/getCompany_OptionByCompanyAndOptName.json?companyId=3296&name=CATALOG_BATCH_IMAGE_PULL_FROM_URL_CASE HTTP/1.1" 200 1407 "-" "-" "142.93.194.203, 162.158.63.242"
172.31.73.27 - - [07/Mar/2019:00:42:48 -0500] "GET /optportal/services/getCompany_OptionByCompanyAndOptName.json?companyId=3296&name=CATALOG_BATCH_IMAGE_PULL_FROM_URL_CASE HTTP/1.1" 200 1407 "-" "-" "167.99.225.172, 173.245.52.180"
172.31.73.27 - - [07/Mar/2019:00:42:50 -0500] "GET /optportal/services/catalog/getsimilaritems.json?login=caratco&prodPerPage=12&page=1&multipleCategories=true&base_page_slug=jewelry&parent_cat_id=3630&product_id=500125 HTTP/1.1" 200 42902 "-" "Rendr RestAdapter; Node.js" "142.93.117.156, 173.245.52.120"
172.31.67.77 - - [07/Mar/2019:00:42:50 -0500] "GET /optportal/services/newproduct.json?product=500125&login=caratco&comp=251&catalog_type=standard&purpose=POS&base_page_slug=jewelry&parent_cat_id=3630 HTTP/1.1" 200 238525 "-" "Rendr RestAdapter; Node.js" "142.93.117.156, 162.158.62.157"
172.31.67.77 - - [07/Mar/2019:00:42:51 -0500] "GET /optportal/services/getCompany_OptionByCompanyAndOptName.json?companyId=3296&name=CATALOG_BATCH_IMAGE_PULL_FROM_URL_CASE HTTP/1.1" 200 1407 "-" "-" "142.93.194.203, 108.162.219.212"
172.31.73.27 - - [07/Mar/2019:00:42:54 -0500] "GET /optportal/services/getCompany_OptionByCompanyAndOptName.json?companyId=3296&name=CATALOG_BATCH_IMAGE_PULL_FROM_URL_CASE HTTP/1.1" 200 1407 "-" "-" "142.93.194.203, 162.158.63.147"
172.31.73.27 - - [07/Mar/2019:00:42:57 -0500] "GET /optportal/services/getCompany_OptionByCompanyAndOptName.json?companyId=3296&name=CATALOG_BATCH_IMAGE_PULL_FROM_URL_CASE HTTP/1.1" 200 1407 "-" "-" "142.93.194.203, 162.158.63.33"
172.31.67.77 - - [07/Mar/2019:00:43:00 -0500] "GET /optportal/services/getCompany_OptionByCompanyAndOptName.json?companyId=3296&name=CATALOG_BATCH_IMAGE_PULL_FROM_URL_CASE HTTP/1.1" 200 1407 "-" "-" "167.99.225.172, 108.162.219.56"
172.31.67.77 - - [07/Mar/2019:00:43:03 -0500] "GET /optportal/services/getCompany_OptionByCompanyAndOptName.json?companyId=3296&name=CATALOG_BATCH_IMAGE_PULL_FROM_URL_CASE HTTP/1.1" 200 1407 "-" "-" "167.99.225.172, 162.158.63.98"
172.31.73.27 - - [07/Mar/2019:00:43:06 -0500] "GET /optportal/services/getCompany_OptionByCompanyAndOptName.json?companyId=3296&name=CATALOG_BATCH_IMAGE_PULL_FROM_URL_CASE HTTP/1.1" 200 1407 "-" "-" "142.93.194.203, 162.158.62.10"
172.31.67.77 - - [07/Mar/2019:00:43:09 -0500] "GET /optportal/services/getCompany_OptionByCompanyAndOptName.json?companyId=3296&name=CATALOG_BATCH_IMAGE_PULL_FROM_URL_CASE HTTP/1.1" 200 1407 "-" "-" "142.93.194.203, 162.158.63.242"
172.31.73.27 - - [07/Mar/2019:00:43:12 -0500] "GET /optportal/services/getCompany_OptionByCompanyAndOptName.json?companyId=3296&name=CATALOG_BATCH_IMAGE_PULL_FROM_URL_CASE HTTP/1.1" 200 1407 "-" "-" "167.99.225.172, 162.158.63.33"
172.31.73.27 - - [07/Mar/2019:00:43:12 -0500] "GET /optportal/login.jsp HTTP/1.1" 200 11553 "-" "ELB-HealthChecker/1.0" "-"
172.31.67.77 - - [07/Mar/2019:00:43:12 -0500] "GET /optportal/login.jsp HTTP/1.1" 200 11553 "-" "ELB-HealthChecker/1.0" "-"
172.31.67.77 - - [07/Mar/2019:00:43:15 -0500] "GET /optportal/services/getCompany_OptionByCompanyAndOptName.json?companyId=3296&name=CATALOG_BATCH_IMAGE_PULL_FROM_URL_CASE HTTP/1.1" 200 1407 "-" "-" "142.93.194.203, 162.158.63.122"
172.31.73.27 - - [07/Mar/2019:00:43:18 -0500] "GET /optportal/services/getCompany_OptionByCompanyAndOptName.json?companyId=3296&name=CATALOG_BATCH_IMAGE_PULL_FROM_URL_CASE HTTP/1.1" 200 1407 "-" "-" "167.99.225.172, 173.245.52.150"
172.31.67.77 - - [07/Mar/2019:00:43:19 -0500] "GET /optportal/services/catalog/getsimilaritems.json?login=caratco&prodPerPage=12&page=1&multipleCategories=true&base_page_slug=watches&parent_cat_id=7&product_id=500033 HTTP/1.1" 200 4372 "-" "Rendr RestAdapter; Node.js" "142.93.117.156, 108.162.219.56"
172.31.73.27 - - [07/Mar/2019:00:43:21 -0500] "GET /optportal/services/getCompany_OptionByCompanyAndOptName.json?companyId=3296&name=CATALOG_BATCH_IMAGE_PULL_FROM_URL_CASE HTTP/1.1" 200 1407 "-" "-" "167.99.225.172, 162.158.62.50"
172.31.67.77 - - [07/Mar/2019:00:43:24 -0500] "GET /optportal/services/getCompany_OptionByCompanyAndOptName.json?companyId=3296&name=CATALOG_BATCH_IMAGE_PULL_FROM_URL_CASE HTTP/1.1" 200 1407 "-" "-" "167.99.225.172, 162.158.63.176"
172.31.73.27 - - [07/Mar/2019:00:43:25 -0500] "GET /optportal/services/verifyABCInfo.json?login=nashjewellers&company=3373 HTTP/1.1" 200 1630 "-" "-" "142.93.117.156, 162.158.63.207"
172.31.67.77 - - [07/Mar/2019:00:43:25 -0500] "GET /optportal/services/getBrowseBy.json?login=nashjewellers&company=3373&catalog_type=standard&abc=true&dataFlag=true&category_ids=3630&cat_id=3630 HTTP/1.1" 200 890 "-" "Rendr RestAdapter; Node.js" "142.93.117.156, 162.158.63.104"
172.31.67.77 - - [07/Mar/2019:00:43:26 -0500] "GET /optportal/services/brand/items.json?login=nashjewellers&company=3373&catalog_type=standard&prodPerPage=12&page=1&priceOption=retail&range=0-0&appType=1&catalog_version=3&purpose=POS&keysearchtype=style_hash&category_ids=3630%2B3630&cat_id= HTTP/1.1" 200 3481 "-" "Rendr RestAdapter; Node.js" "142.93.117.156, 162.158.62.157"
172.31.67.77 - - [07/Mar/2019:00:43:27 -0500] "GET /optportal/services/getCompany_OptionByCompanyAndOptName.json?companyId=3296&name=CATALOG_BATCH_IMAGE_PULL_FROM_URL_CASE HTTP/1.1" 200 1407 "-" "-" "142.93.194.203, 108.162.219.50"
172.31.73.27 - - [07/Mar/2019:00:43:30 -0500] "GET /optportal/services/getCompany_OptionByCompanyAndOptName.json?companyId=3296&name=CATALOG_BATCH_IMAGE_PULL_FROM_URL_CASE HTTP/1.1" 200 1407 "-" "-" "142.93.194.203, 162.158.62.206"
172.31.67.77 - - [07/Mar/2019:00:43:33 -0500] "GET /optportal/services/getCompany_OptionByCompanyAndOptName.json?companyId=3296&name=CATALOG_BATCH_IMAGE_PULL_FROM_URL_CASE HTTP/1.1" 200 1407 "-" "-" "142.93.194.203, 108.162.219.212"
172.31.73.27 - - [07/Mar/2019:00:43:36 -0500] "GET /optportal/services/getCompany_OptionByCompanyAndOptName.json?companyId=3296&name=CATALOG_BATCH_IMAGE_PULL_FROM_URL_CASE HTTP/1.1" 200 1407 "-" "-" "167.99.225.172, 108.162.219.243"
172.31.73.27 - - [07/Mar/2019:00:43:39 -0500] "GET /optportal/services/getCompany_OptionByCompanyAndOptName.json?companyId=3296&name=CATALOG_BATCH_IMAGE_PULL_FROM_URL_CASE HTTP/1.1" 200 1407 "-" "-" "142.93.194.203, 173.245.52.108"
172.31.67.77 - - [07/Mar/2019:00:43:42 -0500] "GET /optportal/services/getBrowseBy.json?login=nashjewellers&company=3373&catalog_type=standard&abc=true&dataFlag=true&category_ids=3630&cat_id=3630 HTTP/1.1" 200 890 "-" "Rendr RestAdapter; Node.js" "207.61.188.42, ::ffff:108.162.216.214,142.93.117.156, 108.162.219.176"
172.31.73.27 - - [07/Mar/2019:00:43:42 -0500] "GET /optportal/services/brand/items.json?login=nashjewellers&company=3373&catalog_type=standard&prodPerPage=12&page=1&priceOption=retail&range=0-0&appType=1&catalog_version=3&purpose=POS&keysearchtype=style_hash&category_ids=3630%2B3630&cat_id= HTTP/1.1" 200 3481 "-" "Rendr RestAdapter; Node.js" "207.61.188.42, ::ffff:162.158.74.9,142.93.117.156, 162.158.62.212"
172.31.73.27 - - [07/Mar/2019:00:43:42 -0500] "GET /optportal/services/brand/items.json?login=nashjewellers&company=3373&catalog_type=standard&prodPerPage=12&priceOption=retail&range=0-0&appType=1&catalog_version=3&purpose=POS&keysearchtype=style_hash&category_ids=3630%2B3630&cat_id=&page=2 HTTP/1.1" 200 3362 "-" "Rendr RestAdapter; Node.js" "207.61.188.42, ::ffff:172.68.58.137,142.93.117.156, 173.245.52.90"
172.31.73.27 - - [07/Mar/2019:00:43:42 -0500] "GET /optportal/login.jsp HTTP/1.1" 200 11560 "-" "ELB-HealthChecker/1.0" "-"
172.31.67.77 - - [07/Mar/2019:00:43:42 -0500] "GET /optportal/services/getCompany_OptionByCompanyAndOptName.json?companyId=3296&name=CATALOG_BATCH_IMAGE_PULL_FROM_URL_CASE HTTP/1.1" 200 1407 "-" "-" "142.93.194.203, 108.162.219.182"
172.31.67.77 - - [07/Mar/2019:00:43:42 -0500] "GET /optportal/login.jsp HTTP/1.1" 200 11553 "-" "ELB-HealthChecker/1.0" "-"
172.31.67.77 - - [07/Mar/2019:00:43:48 -0500] "GET /optportal/services/getCompany_OptionByCompanyAndOptName.json?companyId=3296&name=CATALOG_BATCH_IMAGE_PULL_FROM_URL_CASE HTTP/1.1" 200 1407 "-" "-" "167.99.225.172, 108.162.219.224"
172.31.73.27 - - [07/Mar/2019:00:43:48 -0500] "GET /optportal/services/getCompany_OptionByCompanyAndOptName.json?companyId=3296&name=CATALOG_BATCH_IMAGE_PULL_FROM_URL_CASE HTTP/1.1" 200 1407 "-" "-" "142.93.194.203, 162.158.62.10"
172.31.67.77 - - [07/Mar/2019:00:43:54 -0500] "GET /optportal/services/getCompany_OptionByCompanyAndOptName.json?companyId=3296&name=CATALOG_BATCH_IMAGE_PULL_FROM_URL_CASE HTTP/1.1" 200 1407 "-" "-" "167.99.225.172, 162.158.63.104"
172.31.73.27 - - [07/Mar/2019:00:43:54 -0500] "GET /optportal/services/getCompany_OptionByCompanyAndOptName.json?companyId=3296&name=CATALOG_BATCH_IMAGE_PULL_FROM_URL_CASE HTTP/1.1" 200 1407 "-" "-" "142.93.194.203, 162.158.62.48"
172.31.73.27 - - [07/Mar/2019:00:43:57 -0500] "GET /optportal/services/getCompany_OptionByCompanyAndOptName.json?companyId=3296&name=CATALOG_BATCH_IMAGE_PULL_FROM_URL_CASE HTTP/1.1" 200 1407 "-" "-" "167.99.225.172, 173.245.52.180"
172.31.73.27 - - [07/Mar/2019:00:44:00 -0500] "GET /optportal/services/getCompany_OptionByCompanyAndOptName.json?companyId=3296&name=CATALOG_BATCH_IMAGE_PULL_FROM_URL_CASE HTTP/1.1" 200 1407 "-" "-" "167.99.225.172, 162.158.63.207"
172.31.73.27 - - [07/Mar/2019:00:44:03 -0500] "GET /optportal/services/getCompany_OptionByCompanyAndOptName.json?companyId=3296&name=CATALOG_BATCH_IMAGE_PULL_FROM_URL_CASE HTTP/1.1" 200 1407 "-" "-" "142.93.194.203, 162.158.62.206"
172.31.73.27 - - [07/Mar/2019:00:44:06 -0500] "GET /optportal/services/getCompany_OptionByCompanyAndOptName.json?companyId=3296&name=CATALOG_BATCH_IMAGE_PULL_FROM_URL_CASE HTTP/1.1" 200 1407 "-" "-" "142.93.194.203, 162.158.63.33"
172.31.67.77 - - [07/Mar/2019:00:44:09 -0500] "GET /optportal/services/getCompany_OptionByCompanyAndOptName.json?companyId=3296&name=CATALOG_BATCH_IMAGE_PULL_FROM_URL_CASE HTTP/1.1" 200 1407 "-" "-" "142.93.194.203, 173.245.52.173"
172.31.73.27 - - [07/Mar/2019:00:44:12 -0500] "GET /optportal/services/getCompany_OptionByCompanyAndOptName.json?companyId=3296&name=CATALOG_BATCH_IMAGE_PULL_FROM_URL_CASE HTTP/1.1" 200 1407 "-" "-" "167.99.225.172, 173.245.52.120"
172.31.73.27 - - [07/Mar/2019:00:44:12 -0500] "GET /optportal/login.jsp HTTP/1.1" 200 11553 "-" "ELB-HealthChecker/1.0" "-"
172.31.67.77 - - [07/Mar/2019:00:44:12 -0500] "GET /optportal/login.jsp HTTP/1.1" 200 11553 "-" "ELB-HealthChecker/1.0" "-"
172.31.73.27 - - [07/Mar/2019:00:44:15 -0500] "GET /optportal/services/getCompany_OptionByCompanyAndOptName.json?companyId=3296&name=CATALOG_BATCH_IMAGE_PULL_FROM_URL_CASE HTTP/1.1" 200 1407 "-" "-" "142.93.194.203, 162.158.62.48"
172.31.73.27 - - [07/Mar/2019:00:44:18 -0500] "GET /optportal/services/getCompany_OptionByCompanyAndOptName.json?companyId=3296&name=CATALOG_BATCH_IMAGE_PULL_FROM_URL_CASE HTTP/1.1" 200 1407 "-" "-" "142.93.194.203, 108.162.219.51"
172.31.67.77 - - [07/Mar/2019:00:44:21 -0500] "GET /optportal/services/getCompany_OptionByCompanyAndOptName.json?companyId=3296&name=CATALOG_BATCH_IMAGE_PULL_FROM_URL_CASE HTTP/1.1" 200 1407 "-" "-" "167.99.225.172, 108.162.219.56"
172.31.67.77 - - [07/Mar/2019:00:44:24 -0500] "GET /optportal/services/getCompany_OptionByCompanyAndOptName.json?companyId=3296&name=CATALOG_BATCH_IMAGE_PULL_FROM_URL_CASE HTTP/1.1" 200 1407 "-" "-" "142.93.194.203, 162.158.63.56"
172.31.73.27 - - [07/Mar/2019:00:44:27 -0500] "GET /optportal/services/getCompany_OptionByCompanyAndOptName.json?companyId=3296&name=CATALOG_BATCH_IMAGE_PULL_FROM_URL_CASE HTTP/1.1" 200 1407 "-" "-" "167.99.225.172, 162.158.63.33"
172.31.73.27 - - [07/Mar/2019:00:44:30 -0500] "GET /optportal/services/getCompany_OptionByCompanyAndOptName.json?companyId=3296&name=CATALOG_BATCH_IMAGE_PULL_FROM_URL_CASE HTTP/1.1" 200 1407 "-" "-" "142.93.194.203, 162.158.63.147"
172.31.67.77 - - [07/Mar/2019:00:44:33 -0500] "GET /optportal/services/getCompany_OptionByCompanyAndOptName.json?companyId=3296&name=CATALOG_BATCH_IMAGE_PULL_FROM_URL_CASE HTTP/1.1" 200 1407 "-" "-" "142.93.194.203, 162.158.63.122"
172.31.73.27 - - [07/Mar/2019:00:44:35 -0500] "GET /optportal/services/article.json?login=annlouisejewellers&company=3373&articleId=12998 HTTP/1.1" 200 1654 "-" "Rendr RestAdapter; Node.js" "142.93.117.156, 173.245.52.90"
172.31.67.77 - - [07/Mar/2019:00:44:35 -0500] "GET /optportal/services/getBrowseBy.json?login=annlouisejewellers&company=3373&catalog_type=standard&abc=true&dataFlag=true&category_ids=7&cat_id=7 HTTP/1.1" 200 617 "-" "Rendr RestAdapter; Node.js" "142.93.117.156, 108.162.219.182"
172.31.67.77 - - [07/Mar/2019:00:44:35 -0500] "GET /optportal/services/getBrowseBy.json?login=annlouisejewellers&company=3373&catalog_type=standard&abc=true&dataFlag=true&category_ids=7&cat_id=7 HTTP/1.1" 200 617 "-" "Rendr RestAdapter; Node.js" "142.93.117.156, 162.158.62.63"
172.31.67.77 - - [07/Mar/2019:00:44:36 -0500] "GET /optportal/services/getCompany_OptionByCompanyAndOptName.json?companyId=3296&name=CATALOG_BATCH_IMAGE_PULL_FROM_URL_CASE HTTP/1.1" 200 1407 "-" "-" "142.93.194.203, 173.245.52.173"
172.31.73.27 - - [07/Mar/2019:00:44:39 -0500] "GET /optportal/services/getCompany_OptionByCompanyAndOptName.json?companyId=3296&name=CATALOG_BATCH_IMAGE_PULL_FROM_URL_CASE HTTP/1.1" 200 1407 "-" "-" "167.99.225.172, 173.245.52.120"
172.31.73.27 - - [07/Mar/2019:00:44:42 -0500] "GET /optportal/login.jsp HTTP/1.1" 200 11553 "-" "ELB-HealthChecker/1.0" "-"
172.31.67.77 - - [07/Mar/2019:00:44:42 -0500] "GET /optportal/services/getCompany_OptionByCompanyAndOptName.json?companyId=3296&name=CATALOG_BATCH_IMAGE_PULL_FROM_URL_CASE HTTP/1.1" 200 1407 "-" "-" "142.93.194.203, 108.162.219.248"
172.31.67.77 - - [07/Mar/2019:00:44:42 -0500] "GET /optportal/login.jsp HTTP/1.1" 200 11553 "-" "ELB-HealthChecker/1.0" "-"
172.31.73.27 - - [07/Mar/2019:00:44:45 -0500] "GET /optportal/services/getCompany_OptionByCompanyAndOptName.json?companyId=3296&name=CATALOG_BATCH_IMAGE_PULL_FROM_URL_CASE HTTP/1.1" 200 1407 "-" "-" "167.99.225.172, 162.158.63.33"
172.31.73.27 - - [07/Mar/2019:00:44:48 -0500] "GET /optportal/services/getCompany_OptionByCompanyAndOptName.json?companyId=3296&name=CATALOG_BATCH_IMAGE_PULL_FROM_URL_CASE HTTP/1.1" 200 1407 "-" "-" "167.99.225.172, 173.245.52.90"
172.31.73.27 - - [07/Mar/2019:00:44:51 -0500] "GET /optportal/services/getCompany_OptionByCompanyAndOptName.json?companyId=3296&name=CATALOG_BATCH_IMAGE_PULL_FROM_URL_CASE HTTP/1.1" 200 1407 "-" "-" "142.93.194.203, 162.158.63.33"
172.31.67.77 - - [07/Mar/2019:00:44:54 -0500] "GET /optportal/services/getCompany_OptionByCompanyAndOptName.json?companyId=3296&name=CATALOG_BATCH_IMAGE_PULL_FROM_URL_CASE HTTP/1.1" 200 1407 "-" "-" "142.93.194.203, 173.245.52.101"
172.31.73.27 - - [07/Mar/2019:00:44:55 -0500] "GET /optportal/services/catalog/getsimilaritems.json?login=arnikjewellers&prodPerPage=12&page=1&multipleCategories=true&base_page_slug=watches&parent_cat_id=7&product_id=501682 HTTP/1.1" 200 65252 "-" "Rendr RestAdapter; Node.js" "142.93.117.156, 173.245.52.90"
172.31.73.27 - - [07/Mar/2019:00:44:57 -0500] "GET /optportal/services/getCompany_OptionByCompanyAndOptName.json?companyId=3296&name=CATALOG_BATCH_IMAGE_PULL_FROM_URL_CASE HTTP/1.1" 200 1407 "-" "-" "142.93.194.203, 162.158.62.104"
172.31.67.77 - - [07/Mar/2019:00:45:00 -0500] "GET /optportal/services/getCompany_OptionByCompanyAndOptName.json?companyId=3296&name=CATALOG_BATCH_IMAGE_PULL_FROM_URL_CASE HTTP/1.1" 200 1407 "-" "-" "167.99.225.172, 162.158.62.145"
172.31.73.27 - - [07/Mar/2019:00:45:03 -0500] "GET /optportal/services/getCompany_OptionByCompanyAndOptName.json?companyId=3296&name=CATALOG_BATCH_IMAGE_PULL_FROM_URL_CASE HTTP/1.1" 200 1407 "-" "-" "142.93.194.203, 162.158.63.219"
172.31.73.27 - - [07/Mar/2019:00:45:06 -0500] "GET /optportal/services/getCompany_OptionByCompanyAndOptName.json?companyId=3296&name=CATALOG_BATCH_IMAGE_PULL_FROM_URL_CASE HTTP/1.1" 200 1407 "-" "-" "142.93.194.203, 162.158.62.10"
172.31.67.77 - - [07/Mar/2019:00:45:09 -0500] "GET /optportal/services/getCompany_OptionByCompanyAndOptName.json?companyId=3296&name=CATALOG_BATCH_IMAGE_PULL_FROM_URL_CASE HTTP/1.1" 200 1407 "-" "-" "167.99.225.172, 162.158.62.157"
172.31.73.27 - - [07/Mar/2019:00:45:12 -0500] "GET /optportal/login.jsp HTTP/1.1" 200 11553 "-" "ELB-HealthChecker/1.0" "-"
172.31.73.27 - - [07/Mar/2019:00:45:12 -0500] "GET /optportal/services/getCompany_OptionByCompanyAndOptName.json?companyId=3296&name=CATALOG_BATCH_IMAGE_PULL_FROM_URL_CASE HTTP/1.1" 200 1407 "-" "-" "142.93.194.203, 162.158.62.104"
172.31.67.77 - - [07/Mar/2019:00:45:12 -0500] "GET /optportal/login.jsp HTTP/1.1" 200 11553 "-" "ELB-HealthChecker/1.0" "-"
172.31.73.27 - - [07/Mar/2019:00:45:15 -0500] "GET /optportal/services/getCompany_OptionByCompanyAndOptName.json?companyId=3296&name=CATALOG_BATCH_IMAGE_PULL_FROM_URL_CASE HTTP/1.1" 200 1407 "-" "-" "142.93.194.203, 162.158.63.33"
172.31.67.77 - - [07/Mar/2019:00:45:18 -0500] "GET /optportal/services/getCompany_OptionByCompanyAndOptName.json?companyId=3296&name=CATALOG_BATCH_IMAGE_PULL_FROM_URL_CASE HTTP/1.1" 200 1407 "-" "-" "142.93.194.203, 108.162.219.212"
172.31.73.27 - - [07/Mar/2019:00:45:21 -0500] "GET /optportal/services/getCompany_OptionByCompanyAndOptName.json?companyId=3296&name=CATALOG_BATCH_IMAGE_PULL_FROM_URL_CASE HTTP/1.1" 200 1407 "-" "-" "167.99.225.172, 173.245.52.180"
172.31.73.27 - - [07/Mar/2019:00:45:24 -0500] "GET /optportal/services/getCompany_OptionByCompanyAndOptName.json?companyId=3296&name=CATALOG_BATCH_IMAGE_PULL_FROM_URL_CASE HTTP/1.1" 200 1407 "-" "-" "167.99.225.172, 162.158.62.50"
172.31.73.27 - - [07/Mar/2019:00:45:27 -0500] "GET /optportal/services/getCompany_OptionByCompanyAndOptName.json?companyId=3296&name=CATALOG_BATCH_IMAGE_PULL_FROM_URL_CASE HTTP/1.1" 200 1407 "-" "-" "167.99.225.172, 173.245.52.120"
172.31.67.77 - - [07/Mar/2019:00:45:30 -0500] "GET /optportal/services/getCompany_OptionByCompanyAndOptName.json?companyId=3296&name=CATALOG_BATCH_IMAGE_PULL_FROM_URL_CASE HTTP/1.1" 200 1407 "-" "-" "142.93.194.203, 173.245.52.173"
172.31.73.27 - - [07/Mar/2019:00:45:33 -0500] "GET /optportal/services/getCompany_OptionByCompanyAndOptName.json?companyId=3296&name=CATALOG_BATCH_IMAGE_PULL_FROM_URL_CASE HTTP/1.1" 200 1407 "-" "-" "167.99.225.172, 162.158.62.212"
172.31.73.27 - - [07/Mar/2019:00:45:36 -0500] "GET /optportal/services/getCompany_OptionByCompanyAndOptName.json?companyId=3296&name=CATALOG_BATCH_IMAGE_PULL_FROM_URL_CASE HTTP/1.1" 200 1407 "-" "-" "142.93.194.203, 108.162.219.213"
172.31.67.77 - - [07/Mar/2019:00:45:39 -0500] "GET /optportal/services/getCompany_OptionByCompanyAndOptName.json?companyId=3296&name=CATALOG_BATCH_IMAGE_PULL_FROM_URL_CASE HTTP/1.1" 200 1407 "-" "-" "167.99.225.172, 108.162.219.176"
172.31.73.27 - - [07/Mar/2019:00:45:42 -0500] "GET /optportal/services/getCompany_OptionByCompanyAndOptName.json?companyId=3296&name=CATALOG_BATCH_IMAGE_PULL_FROM_URL_CASE HTTP/1.1" 200 1407 "-" "-" "167.99.225.172, 173.245.52.90"
172.31.73.27 - - [07/Mar/2019:00:45:42 -0500] "GET /optportal/login.jsp HTTP/1.1" 200 11553 "-" "ELB-HealthChecker/1.0" "-"
172.31.67.77 - - [07/Mar/2019:00:45:42 -0500] "GET /optportal/login.jsp HTTP/1.1" 200 11553 "-" "ELB-HealthChecker/1.0" "-"
172.31.73.27 - - [07/Mar/2019:00:45:45 -0500] "GET /optportal/services/getCompany_OptionByCompanyAndOptName.json?companyId=3296&name=CATALOG_BATCH_IMAGE_PULL_FROM_URL_CASE HTTP/1.1" 200 1407 "-" "-" "167.99.225.172, 162.158.63.129"
172.31.67.77 - - [07/Mar/2019:00:45:48 -0500] "GET /optportal/services/getCompany_OptionByCompanyAndOptName.json?companyId=3296&name=CATALOG_BATCH_IMAGE_PULL_FROM_URL_CASE HTTP/1.1" 200 1407 "-" "-" "167.99.225.172, 162.158.62.79"
172.31.73.27 - - [07/Mar/2019:00:45:51 -0500] "GET /optportal/services/getCompany_OptionByCompanyAndOptName.json?companyId=3296&name=CATALOG_BATCH_IMAGE_PULL_FROM_URL_CASE HTTP/1.1" 200 1407 "-" "-" "142.93.194.203, 173.245.52.108"
172.31.67.77 - - [07/Mar/2019:00:45:57 -0500] "GET /optportal/services/getCompany_OptionByCompanyAndOptName.json?companyId=3296&name=CATALOG_BATCH_IMAGE_PULL_FROM_URL_CASE HTTP/1.1" 200 1407 "-" "-" "167.99.225.172, 108.162.219.56"
172.31.67.77 - - [07/Mar/2019:00:46:00 -0500] "GET /optportal/services/getCompany_OptionByCompanyAndOptName.json?companyId=3296&name=CATALOG_BATCH_IMAGE_PULL_FROM_URL_CASE HTTP/1.1" 200 1407 "-" "-" "167.99.225.172, 108.162.219.176"
172.31.73.27 - - [07/Mar/2019:00:46:03 -0500] "GET /optportal/services/getCompany_OptionByCompanyAndOptName.json?companyId=3296&name=CATALOG_BATCH_IMAGE_PULL_FROM_URL_CASE HTTP/1.1" 200 1407 "-" "-" "167.99.225.172, 162.158.62.212"
172.31.73.27 - - [07/Mar/2019:00:46:06 -0500] "GET /optportal/services/getCompany_OptionByCompanyAndOptName.json?companyId=3296&name=CATALOG_BATCH_IMAGE_PULL_FROM_URL_CASE HTTP/1.1" 200 1407 "-" "-" "167.99.225.172, 173.245.52.180"
172.31.67.77 - - [07/Mar/2019:00:46:09 -0500] "GET /optportal/services/getCompany_OptionByCompanyAndOptName.json?companyId=3296&name=CATALOG_BATCH_IMAGE_PULL_FROM_URL_CASE HTTP/1.1" 200 1407 "-" "-" "167.99.225.172, 162.158.62.63"
172.31.73.27 - - [07/Mar/2019:00:46:12 -0500] "GET /optportal/services/getCompany_OptionByCompanyAndOptName.json?companyId=3296&name=CATALOG_BATCH_IMAGE_PULL_FROM_URL_CASE HTTP/1.1" 200 1407 "-" "-" "167.99.225.172, 173.245.52.150"
172.31.73.27 - - [07/Mar/2019:00:46:12 -0500] "GET /optportal/login.jsp HTTP/1.1" 200 11553 "-" "ELB-HealthChecker/1.0" "-"
172.31.67.77 - - [07/Mar/2019:00:46:12 -0500] "GET /optportal/login.jsp HTTP/1.1" 200 11553 "-" "ELB-HealthChecker/1.0" "-"
172.31.73.27 - - [07/Mar/2019:00:46:15 -0500] "GET /optportal/services/getCompany_OptionByCompanyAndOptName.json?companyId=3296&name=CATALOG_BATCH_IMAGE_PULL_FROM_URL_CASE HTTP/1.1" 200 1407 "-" "-" "167.99.225.172, 173.245.52.150"
172.31.73.27 - - [07/Mar/2019:00:46:18 -0500] "GET /optportal/services/getCompany_OptionByCompanyAndOptName.json?companyId=3296&name=CATALOG_BATCH_IMAGE_PULL_FROM_URL_CASE HTTP/1.1" 200 1407 "-" "-" "167.99.225.172, 108.162.219.243"
172.31.67.77 - - [07/Mar/2019:00:46:21 -0500] "GET /optportal/services/getCompany_OptionByCompanyAndOptName.json?companyId=3296&name=CATALOG_BATCH_IMAGE_PULL_FROM_URL_CASE HTTP/1.1" 200 1407 "-" "-" "167.99.225.172, 162.158.62.157"
172.31.73.27 - - [07/Mar/2019:00:46:24 -0500] "GET /optportal/services/getCompany_OptionByCompanyAndOptName.json?companyId=3296&name=CATALOG_BATCH_IMAGE_PULL_FROM_URL_CASE HTTP/1.1" 200 1407 "-" "-" "142.93.194.203, 108.162.219.213"
172.31.73.27 - - [07/Mar/2019:00:46:27 -0500] "GET /optportal/services/getCompany_OptionByCompanyAndOptName.json?companyId=3296&name=CATALOG_BATCH_IMAGE_PULL_FROM_URL_CASE HTTP/1.1" 200 1407 "-" "-" "142.93.194.203, 108.162.219.213"
172.31.73.27 - - [07/Mar/2019:00:46:30 -0500] "GET /optportal/services/getCompany_OptionByCompanyAndOptName.json?companyId=3296&name=CATALOG_BATCH_IMAGE_PULL_FROM_URL_CASE HTTP/1.1" 200 1407 "-" "-" "142.93.194.203, 108.162.219.51"
172.31.73.27 - - [07/Mar/2019:00:46:33 -0500] "GET /optportal/services/getCompany_OptionByCompanyAndOptName.json?companyId=3296&name=CATALOG_BATCH_IMAGE_PULL_FROM_URL_CASE HTTP/1.1" 200 1407 "-" "-" "167.99.225.172, 173.245.52.150"
172.31.67.77 - - [07/Mar/2019:00:46:36 -0500] "GET /optportal/services/verifyABCInfo.json?login=chpremier&company=251 HTTP/1.1" 200 1680 "-" "-" "142.93.117.156, 162.158.62.157"
172.31.67.77 - - [07/Mar/2019:00:46:36 -0500] "GET /optportal/services/getCompany_OptionByCompanyAndOptName.json?companyId=3296&name=CATALOG_BATCH_IMAGE_PULL_FROM_URL_CASE HTTP/1.1" 200 1407 "-" "-" "167.99.225.172, 162.158.63.104"
172.31.67.77 - - [07/Mar/2019:00:46:37 -0500] "GET /optportal/services/newproduct.json?product=604640&login=chpremier&comp=251&catalog_type=standard&purpose=POS&base_page_slug=jewelry&parent_cat_id=3630 HTTP/1.1" 200 22112 "-" "Rendr RestAdapter; Node.js" "142.93.117.156, 108.162.219.176"
172.31.67.77 - - [07/Mar/2019:00:46:39 -0500] "GET /optportal/services/getCompany_OptionByCompanyAndOptName.json?companyId=3296&name=CATALOG_BATCH_IMAGE_PULL_FROM_URL_CASE HTTP/1.1" 200 1407 "-" "-" "167.99.225.172, 162.158.63.104"
172.31.73.27 - - [07/Mar/2019:00:46:41 -0500] "GET / HTTP/1.1" 200 0 "-" "Mozilla/5.0 (Macintosh; Intel Mac OS X 10.11; rv:47.0) Gecko/20100101 Firefox/47.0" "60.191.38.77, 108.162.215.231"
172.31.73.27 - - [07/Mar/2019:00:46:42 -0500] "GET /optportal/services/getCompany_OptionByCompanyAndOptName.json?companyId=3296&name=CATALOG_BATCH_IMAGE_PULL_FROM_URL_CASE HTTP/1.1" 200 1407 "-" "-" "167.99.225.172, 173.245.52.90"
172.31.73.27 - - [07/Mar/2019:00:46:42 -0500] "GET /optportal/login.jsp HTTP/1.1" 200 11553 "-" "ELB-HealthChecker/1.0" "-"
172.31.67.77 - - [07/Mar/2019:00:46:42 -0500] "GET /optportal/login.jsp HTTP/1.1" 200 11553 "-" "ELB-HealthChecker/1.0" "-"
172.31.67.77 - - [07/Mar/2019:00:46:45 -0500] "GET /optportal/services/getCompany_OptionByCompanyAndOptName.json?companyId=3296&name=CATALOG_BATCH_IMAGE_PULL_FROM_URL_CASE HTTP/1.1" 200 1407 "-" "-" "167.99.225.172, 108.162.219.224"
172.31.73.27 - - [07/Mar/2019:00:46:48 -0500] "GET /optportal/services/getCompany_OptionByCompanyAndOptName.json?companyId=3296&name=CATALOG_BATCH_IMAGE_PULL_FROM_URL_CASE HTTP/1.1" 200 1407 "-" "-" "167.99.225.172, 108.162.219.243"
172.31.73.27 - - [07/Mar/2019:00:46:51 -0500] "GET /optportal/services/getCompany_OptionByCompanyAndOptName.json?companyId=3296&name=CATALOG_BATCH_IMAGE_PULL_FROM_URL_CASE HTTP/1.1" 200 1407 "-" "-" "167.99.225.172, 162.158.62.50"
172.31.73.27 - - [07/Mar/2019:00:46:54 -0500] "GET / HTTP/1.1" 200 0 "-" "Mozilla/5.0 (Macintosh; Intel Mac OS X 10.11; rv:47.0) Gecko/20100101 Firefox/47.0" "60.191.38.77, 172.68.189.30"
172.31.67.77 - - [07/Mar/2019:00:46:56 -0500] "GET /optportal/services/verifyABCInfo.json?login=undefined&company=106 HTTP/1.1" 200 48 "-" "-" "34.209.212.152, 108.162.246.81"
172.31.67.77 - - [07/Mar/2019:00:46:57 -0500] "GET /optportal/services/getCompany_OptionByCompanyAndOptName.json?companyId=3296&name=CATALOG_BATCH_IMAGE_PULL_FROM_URL_CASE HTTP/1.1" 200 1407 "-" "-" "167.99.225.172, 162.158.62.63"
172.31.67.77 - - [07/Mar/2019:00:47:03 -0500] "GET /optportal/services/getCompany_OptionByCompanyAndOptName.json?companyId=3296&name=CATALOG_BATCH_IMAGE_PULL_FROM_URL_CASE HTTP/1.1" 200 1407 "-" "-" "142.93.194.203, 162.158.63.56"
172.31.73.27 - - [07/Mar/2019:00:47:03 -0500] "GET /optportal/services/getCompany_OptionByCompanyAndOptName.json?companyId=3296&name=CATALOG_BATCH_IMAGE_PULL_FROM_URL_CASE HTTP/1.1" 200 1407 "-" "-" "167.99.225.172, 162.158.63.225"
172.31.67.77 - - [07/Mar/2019:00:47:06 -0500] "GET /optportal/services/getCompany_OptionByCompanyAndOptName.json?companyId=3296&name=CATALOG_BATCH_IMAGE_PULL_FROM_URL_CASE HTTP/1.1" 200 1407 "-" "-" "167.99.225.172, 162.158.63.98"
172.31.67.77 - - [07/Mar/2019:00:47:09 -0500] "GET /optportal/services/getCompany_OptionByCompanyAndOptName.json?companyId=3296&name=CATALOG_BATCH_IMAGE_PULL_FROM_URL_CASE HTTP/1.1" 200 1407 "-" "-" "167.99.225.172, 162.158.63.98"
172.31.73.27 - - [07/Mar/2019:00:47:12 -0500] "GET /optportal/services/getCompany_OptionByCompanyAndOptName.json?companyId=3296&name=CATALOG_BATCH_IMAGE_PULL_FROM_URL_CASE HTTP/1.1" 200 1407 "-" "-" "167.99.225.172, 162.158.63.207"
172.31.73.27 - - [07/Mar/2019:00:47:12 -0500] "GET /optportal/login.jsp HTTP/1.1" 200 11560 "-" "ELB-HealthChecker/1.0" "-"
172.31.67.77 - - [07/Mar/2019:00:47:12 -0500] "GET /optportal/login.jsp HTTP/1.1" 200 11553 "-" "ELB-HealthChecker/1.0" "-"
172.31.67.77 - - [07/Mar/2019:00:47:18 -0500] "GET /optportal/services/getCompany_OptionByCompanyAndOptName.json?companyId=3296&name=CATALOG_BATCH_IMAGE_PULL_FROM_URL_CASE HTTP/1.1" 200 1407 "-" "-" "142.93.194.203, 162.158.62.57"
172.31.73.27 - - [07/Mar/2019:00:47:18 -0500] "GET /optportal/services/getCompany_OptionByCompanyAndOptName.json?companyId=3296&name=CATALOG_BATCH_IMAGE_PULL_FROM_URL_CASE HTTP/1.1" 200 1407 "-" "-" "167.99.225.172, 162.158.62.10"
172.31.67.77 - - [07/Mar/2019:00:47:21 -0500] "GET /optportal/services/getCompany_OptionByCompanyAndOptName.json?companyId=3296&name=CATALOG_BATCH_IMAGE_PULL_FROM_URL_CASE HTTP/1.1" 200 1407 "-" "-" "167.99.225.172, 108.162.219.176"
172.31.73.27 - - [07/Mar/2019:00:47:24 -0500] "GET /optportal/services/getCompany_OptionByCompanyAndOptName.json?companyId=3296&name=CATALOG_BATCH_IMAGE_PULL_FROM_URL_CASE HTTP/1.1" 200 1407 "-" "-" "167.99.225.172, 162.158.62.212"
172.31.67.77 - - [07/Mar/2019:00:47:27 -0500] "GET /optportal/services/getCompany_OptionByCompanyAndOptName.json?companyId=3296&name=CATALOG_BATCH_IMAGE_PULL_FROM_URL_CASE HTTP/1.1" 200 1407 "-" "-" "167.99.225.172, 162.158.62.145"
172.31.67.77 - - [07/Mar/2019:00:47:33 -0500] "GET /optportal/services/getCompany_OptionByCompanyAndOptName.json?companyId=3296&name=CATALOG_BATCH_IMAGE_PULL_FROM_URL_CASE HTTP/1.1" 200 1407 "-" "-" "142.93.194.203, 108.162.219.182"
172.31.67.77 - - [07/Mar/2019:00:47:36 -0500] "GET /optportal/services/getCompany_OptionByCompanyAndOptName.json?companyId=3296&name=CATALOG_BATCH_IMAGE_PULL_FROM_URL_CASE HTTP/1.1" 200 1407 "-" "-" "142.93.194.203, 162.158.63.242"
172.31.73.27 - - [07/Mar/2019:00:47:36 -0500] "GET /optportal/services/getCompany_OptionByCompanyAndOptName.json?companyId=3296&name=CATALOG_BATCH_IMAGE_PULL_FROM_URL_CASE HTTP/1.1" 200 1407 "-" "-" "167.99.225.172, 173.245.52.90"
172.31.67.77 - - [07/Mar/2019:00:47:39 -0500] "GET /optportal/services/getCompany_OptionByCompanyAndOptName.json?companyId=3296&name=CATALOG_BATCH_IMAGE_PULL_FROM_URL_CASE HTTP/1.1" 200 1407 "-" "-" "167.99.225.172, 108.162.219.182"
172.31.73.27 - - [07/Mar/2019:00:47:42 -0500] "GET /optportal/login.jsp HTTP/1.1" 200 11553 "-" "ELB-HealthChecker/1.0" "-"
172.31.67.77 - - [07/Mar/2019:00:47:42 -0500] "GET /optportal/login.jsp HTTP/1.1" 200 11553 "-" "ELB-HealthChecker/1.0" "-"
172.31.67.77 - - [07/Mar/2019:00:47:45 -0500] "GET /optportal/services/getCompany_OptionByCompanyAndOptName.json?companyId=3296&name=CATALOG_BATCH_IMAGE_PULL_FROM_URL_CASE HTTP/1.1" 200 1407 "-" "-" "142.93.194.203, 162.158.63.242"
172.31.73.27 - - [07/Mar/2019:00:47:45 -0500] "GET /optportal/services/verifyABCInfo.json?login=hesselbeinjewelers&company=106 HTTP/1.1" 200 1512 "-" "-" "142.93.196.161, 108.162.219.243"
172.31.73.27 - - [07/Mar/2019:00:47:48 -0500] "GET /optportal/services/getCompany_OptionByCompanyAndOptName.json?companyId=3296&name=CATALOG_BATCH_IMAGE_PULL_FROM_URL_CASE HTTP/1.1" 200 1407 "-" "-" "142.93.194.203, 162.158.62.48"
172.31.67.77 - - [07/Mar/2019:00:47:48 -0500] "GET /optportal/services/getCompany_OptionByCompanyAndOptName.json?companyId=3296&name=CATALOG_BATCH_IMAGE_PULL_FROM_URL_CASE HTTP/1.1" 200 1407 "-" "-" "167.99.225.172, 162.158.62.157"
172.31.73.27 - - [07/Mar/2019:00:47:54 -0500] "GET /optportal/services/getCompany_OptionByCompanyAndOptName.json?companyId=3296&name=CATALOG_BATCH_IMAGE_PULL_FROM_URL_CASE HTTP/1.1" 200 1407 "-" "-" "142.93.194.203, 162.158.63.237"
172.31.73.27 - - [07/Mar/2019:00:47:57 -0500] "GET /optportal/services/getCompany_OptionByCompanyAndOptName.json?companyId=3296&name=CATALOG_BATCH_IMAGE_PULL_FROM_URL_CASE HTTP/1.1" 200 1407 "-" "-" "142.93.194.203, 162.158.63.237"
172.31.67.77 - - [07/Mar/2019:00:48:00 -0500] "GET /optportal/services/getCompany_OptionByCompanyAndOptName.json?companyId=3296&name=CATALOG_BATCH_IMAGE_PULL_FROM_URL_CASE HTTP/1.1" 200 1407 "-" "-" "142.93.194.203, 108.162.219.182"
172.31.67.77 - - [07/Mar/2019:00:48:03 -0500] "GET /optportal/services/getCompany_OptionByCompanyAndOptName.json?companyId=3296&name=CATALOG_BATCH_IMAGE_PULL_FROM_URL_CASE HTTP/1.1" 200 1407 "-" "-" "142.93.194.203, 162.158.62.57"
172.31.73.27 - - [07/Mar/2019:00:48:03 -0500] "GET /optportal/services/getCompany_OptionByCompanyAndOptName.json?companyId=3296&name=CATALOG_BATCH_IMAGE_PULL_FROM_URL_CASE HTTP/1.1" 200 1407 "-" "-" "167.99.225.172, 162.158.62.50"
172.31.73.27 - - [07/Mar/2019:00:48:06 -0500] "GET /optportal/services/getCompany_OptionByCompanyAndOptName.json?companyId=3296&name=CATALOG_BATCH_IMAGE_PULL_FROM_URL_CASE HTTP/1.1" 200 1407 "-" "-" "167.99.225.172, 173.245.52.120"
172.31.67.77 - - [07/Mar/2019:00:48:09 -0500] "GET /optportal/services/getCompany_OptionByCompanyAndOptName.json?companyId=3296&name=CATALOG_BATCH_IMAGE_PULL_FROM_URL_CASE HTTP/1.1" 200 1407 "-" "-" "167.99.225.172, 108.162.219.182"
172.31.67.77 - - [07/Mar/2019:00:48:12 -0500] "GET /optportal/services/getCompany_OptionByCompanyAndOptName.json?companyId=3296&name=CATALOG_BATCH_IMAGE_PULL_FROM_URL_CASE HTTP/1.1" 200 1407 "-" "-" "167.99.225.172, 108.162.219.182"
172.31.73.27 - - [07/Mar/2019:00:48:12 -0500] "GET /optportal/login.jsp HTTP/1.1" 200 11553 "-" "ELB-HealthChecker/1.0" "-"
172.31.67.77 - - [07/Mar/2019:00:48:12 -0500] "GET /optportal/login.jsp HTTP/1.1" 200 11553 "-" "ELB-HealthChecker/1.0" "-"
172.31.67.77 - - [07/Mar/2019:00:48:18 -0500] "GET /optportal/services/getCompany_OptionByCompanyAndOptName.json?companyId=3296&name=CATALOG_BATCH_IMAGE_PULL_FROM_URL_CASE HTTP/1.1" 200 1407 "-" "-" "142.93.194.203, 162.158.62.57"
172.31.73.27 - - [07/Mar/2019:00:48:21 -0500] "GET /optportal/services/getCompany_OptionByCompanyAndOptName.json?companyId=3296&name=CATALOG_BATCH_IMAGE_PULL_FROM_URL_CASE HTTP/1.1" 200 1407 "-" "-" "142.93.194.203, 162.158.63.219"
172.31.73.27 - - [07/Mar/2019:00:48:24 -0500] "GET /optportal/services/getCompany_OptionByCompanyAndOptName.json?companyId=3296&name=CATALOG_BATCH_IMAGE_PULL_FROM_URL_CASE HTTP/1.1" 200 1407 "-" "-" "142.93.194.203, 162.158.62.48"
172.31.73.27 - - [07/Mar/2019:00:48:27 -0500] "GET /optportal/services/getCompany_OptionByCompanyAndOptName.json?companyId=3296&name=CATALOG_BATCH_IMAGE_PULL_FROM_URL_CASE HTTP/1.1" 200 1407 "-" "-" "142.93.194.203, 162.158.62.10"
172.31.73.27 - - [07/Mar/2019:00:48:30 -0500] "GET /optportal/services/getCompany_OptionByCompanyAndOptName.json?companyId=3296&name=CATALOG_BATCH_IMAGE_PULL_FROM_URL_CASE HTTP/1.1" 200 1407 "-" "-" "142.93.194.203, 162.158.63.189"
172.31.67.77 - - [07/Mar/2019:00:48:33 -0500] "GET /optportal/services/getCompany_OptionByCompanyAndOptName.json?companyId=3296&name=CATALOG_BATCH_IMAGE_PULL_FROM_URL_CASE HTTP/1.1" 200 1407 "-" "-" "142.93.194.203, 162.158.63.242"
172.31.73.27 - - [07/Mar/2019:00:48:33 -0500] "GET /optportal/services/getCompany_OptionByCompanyAndOptName.json?companyId=3296&name=CATALOG_BATCH_IMAGE_PULL_FROM_URL_CASE HTTP/1.1" 200 1407 "-" "-" "167.99.225.172, 162.158.63.225"
172.31.67.77 - - [07/Mar/2019:00:48:39 -0500] "GET /optportal/services/getCompany_OptionByCompanyAndOptName.json?companyId=3296&name=CATALOG_BATCH_IMAGE_PULL_FROM_URL_CASE HTTP/1.1" 200 1407 "-" "-" "142.93.194.203, 108.162.219.182"
172.31.73.27 - - [07/Mar/2019:00:48:39 -0500] "GET /optportal/services/getCompany_OptionByCompanyAndOptName.json?companyId=3296&name=CATALOG_BATCH_IMAGE_PULL_FROM_URL_CASE HTTP/1.1" 200 1407 "-" "-" "167.99.225.172, 162.158.62.10"
172.31.73.27 - - [07/Mar/2019:00:48:42 -0500] "GET /optportal/login.jsp HTTP/1.1" 200 11560 "-" "ELB-HealthChecker/1.0" "-"
172.31.67.77 - - [07/Mar/2019:00:48:42 -0500] "GET /optportal/login.jsp HTTP/1.1" 200 11553 "-" "ELB-HealthChecker/1.0" "-"
172.31.73.27 - - [07/Mar/2019:00:48:45 -0500] "GET /optportal/services/getCompany_OptionByCompanyAndOptName.json?companyId=3296&name=CATALOG_BATCH_IMAGE_PULL_FROM_URL_CASE HTTP/1.1" 200 1407 "-" "-" "167.99.225.172, 162.158.63.129"
172.31.67.77 - - [07/Mar/2019:00:48:48 -0500] "GET /optportal/services/getCompany_OptionByCompanyAndOptName.json?companyId=3296&name=CATALOG_BATCH_IMAGE_PULL_FROM_URL_CASE HTTP/1.1" 200 1407 "-" "-" "142.93.194.203, 162.158.62.57"
172.31.73.27 - - [07/Mar/2019:00:48:51 -0500] "GET /optportal/services/getCompany_OptionByCompanyAndOptName.json?companyId=3296&name=CATALOG_BATCH_IMAGE_PULL_FROM_URL_CASE HTTP/1.1" 200 1407 "-" "-" "142.93.194.203, 162.158.63.189"
172.31.73.27 - - [07/Mar/2019:00:48:54 -0500] "GET /optportal/services/getCompany_OptionByCompanyAndOptName.json?companyId=3296&name=CATALOG_BATCH_IMAGE_PULL_FROM_URL_CASE HTTP/1.1" 200 1407 "-" "-" "142.93.194.203, 162.158.63.237"
172.31.67.77 - - [07/Mar/2019:00:48:57 -0500] "GET /optportal/services/getCompany_OptionByCompanyAndOptName.json?companyId=3296&name=CATALOG_BATCH_IMAGE_PULL_FROM_URL_CASE HTTP/1.1" 200 1407 "-" "-" "142.93.194.203, 108.162.219.50"
172.31.73.27 - - [07/Mar/2019:00:49:00 -0500] "GET /optportal/services/getCompany_OptionByCompanyAndOptName.json?companyId=3296&name=CATALOG_BATCH_IMAGE_PULL_FROM_URL_CASE HTTP/1.1" 200 1407 "-" "-" "142.93.194.203, 162.158.63.219"
172.31.67.77 - - [07/Mar/2019:00:49:03 -0500] "GET /optportal/services/getCompany_OptionByCompanyAndOptName.json?companyId=3296&name=CATALOG_BATCH_IMAGE_PULL_FROM_URL_CASE HTTP/1.1" 200 1407 "-" "-" "142.93.194.203, 108.162.219.182"
172.31.67.77 - - [07/Mar/2019:00:49:06 -0500] "GET /optportal/services/getCompany_OptionByCompanyAndOptName.json?companyId=3296&name=CATALOG_BATCH_IMAGE_PULL_FROM_URL_CASE HTTP/1.1" 200 1407 "-" "-" "167.99.225.172, 162.158.62.211"
172.31.73.27 - - [07/Mar/2019:00:49:09 -0500] "GET /optportal/services/getCompany_OptionByCompanyAndOptName.json?companyId=3296&name=CATALOG_BATCH_IMAGE_PULL_FROM_URL_CASE HTTP/1.1" 200 1407 "-" "-" "142.93.194.203, 108.162.219.213"
172.31.67.77 - - [07/Mar/2019:00:49:12 -0500] "GET /optportal/services/getCompany_OptionByCompanyAndOptName.json?companyId=3296&name=CATALOG_BATCH_IMAGE_PULL_FROM_URL_CASE HTTP/1.1" 200 1407 "-" "-" "142.93.194.203, 173.245.52.101"
