172.31.73.27 - - [06/Mar/2019:23:30:43 -0500] "GET /optportal/login.jsp HTTP/1.1" 502 173 "-" "ELB-HealthChecker/1.0" "-"
172.31.67.77 - - [06/Mar/2019:23:30:43 -0500] "GET /optportal/login.jsp HTTP/1.1" 502 173 "-" "ELB-HealthChecker/1.0" "-"
172.31.67.77 - - [06/Mar/2019:23:31:24 -0500] "GET /optportal/login.jsp HTTP/1.1" 200 11560 "-" "ELB-HealthChecker/1.0" "-"
172.31.73.27 - - [06/Mar/2019:23:31:24 -0500] "GET /optportal/login.jsp HTTP/1.1" 200 11560 "-" "ELB-HealthChecker/1.0" "-"
172.31.73.27 - - [06/Mar/2019:23:31:42 -0500] "GET /optportal/login.jsp HTTP/1.1" 200 11560 "-" "ELB-HealthChecker/1.0" "-"
172.31.67.77 - - [06/Mar/2019:23:31:42 -0500] "GET /optportal/login.jsp HTTP/1.1" 200 11560 "-" "ELB-HealthChecker/1.0" "-"
172.31.67.77 - - [06/Mar/2019:23:31:48 -0500] "GET /optportal/services/getCompany_OptionByCompanyAndOptName.json?companyId=3296&name=CATALOG_BATCH_IMAGE_PULL_FROM_URL_CASE HTTP/1.1" 200 1407 "-" "-" "167.99.225.172, 162.158.63.98"
172.31.67.77 - - [06/Mar/2019:23:31:54 -0500] "GET /optportal/services/getCompany_OptionByCompanyAndOptName.json?companyId=3296&name=CATALOG_BATCH_IMAGE_PULL_FROM_URL_CASE HTTP/1.1" 200 1407 "-" "-" "142.93.194.203, 173.245.52.101"
172.31.73.27 - - [06/Mar/2019:23:31:57 -0500] "GET /optportal/services/getCompany_OptionByCompanyAndOptName.json?companyId=3296&name=CATALOG_BATCH_IMAGE_PULL_FROM_URL_CASE HTTP/1.1" 200 1407 "-" "-" "142.93.194.203, 162.158.62.10"
172.31.73.27 - - [06/Mar/2019:23:32:03 -0500] "GET /optportal/services/getCompany_OptionByCompanyAndOptName.json?companyId=3296&name=CATALOG_BATCH_IMAGE_PULL_FROM_URL_CASE HTTP/1.1" 200 1407 "-" "-" "142.93.194.203, 162.158.62.48"
172.31.67.77 - - [06/Mar/2019:23:32:06 -0500] "GET /optportal/services/getCompany_OptionByCompanyAndOptName.json?companyId=3296&name=CATALOG_BATCH_IMAGE_PULL_FROM_URL_CASE HTTP/1.1" 200 1407 "-" "-" "142.93.194.203, 162.158.63.122"
172.31.67.77 - - [06/Mar/2019:23:32:09 -0500] "GET /optportal/services/getCompany_OptionByCompanyAndOptName.json?companyId=3296&name=CATALOG_BATCH_IMAGE_PULL_FROM_URL_CASE HTTP/1.1" 200 1407 "-" "-" "167.99.225.172, 162.158.62.145"
172.31.73.27 - - [06/Mar/2019:23:32:12 -0500] "GET /optportal/login.jsp HTTP/1.1" 200 11560 "-" "ELB-HealthChecker/1.0" "-"
172.31.67.77 - - [06/Mar/2019:23:32:12 -0500] "GET /optportal/login.jsp HTTP/1.1" 200 11560 "-" "ELB-HealthChecker/1.0" "-"
172.31.73.27 - - [06/Mar/2019:23:32:15 -0500] "GET /optportal/services/getCompany_OptionByCompanyAndOptName.json?companyId=3296&name=CATALOG_BATCH_IMAGE_PULL_FROM_URL_CASE HTTP/1.1" 200 1407 "-" "-" "167.99.225.172, 162.158.62.50"
172.31.67.77 - - [06/Mar/2019:23:32:21 -0500] "GET /optportal/services/getCompany_OptionByCompanyAndOptName.json?companyId=3296&name=CATALOG_BATCH_IMAGE_PULL_FROM_URL_CASE HTTP/1.1" 200 1407 "-" "-" "167.99.225.172, 162.158.62.63"
172.31.73.27 - - [06/Mar/2019:23:32:25 -0500] "GET /optportal/services/getCompany_OptionByCompanyAndOptName.json?companyId=3296&name=CATALOG_BATCH_IMAGE_PULL_FROM_URL_CASE HTTP/1.1" 200 1407 "-" "-" "142.93.194.203, 108.162.219.51"
172.31.73.27 - - [06/Mar/2019:23:32:30 -0500] "GET /optportal/services/getCompany_OptionByCompanyAndOptName.json?companyId=3296&name=CATALOG_BATCH_IMAGE_PULL_FROM_URL_CASE HTTP/1.1" 200 1407 "-" "-" "167.99.225.172, 162.158.63.33"
172.31.67.77 - - [06/Mar/2019:23:32:36 -0500] "GET /optportal/services/getCompany_OptionByCompanyAndOptName.json?companyId=3296&name=CATALOG_BATCH_IMAGE_PULL_FROM_URL_CASE HTTP/1.1" 200 1407 "-" "-" "167.99.225.172, 162.158.62.145"
172.31.73.27 - - [06/Mar/2019:23:32:38 -0500] "GET /wp-login.php HTTP/1.1" 404 485 "-" "Mozilla/5.0 (Windows NT 6.1; WOW64; rv:40.0) Gecko/20100101 Firefox/40.1" "202.188.217.72, 172.69.134.194"
172.31.73.27 - - [06/Mar/2019:23:32:42 -0500] "GET /optportal/login.jsp HTTP/1.1" 200 11560 "-" "ELB-HealthChecker/1.0" "-"
172.31.67.77 - - [06/Mar/2019:23:32:42 -0500] "GET /optportal/login.jsp HTTP/1.1" 200 11560 "-" "ELB-HealthChecker/1.0" "-"
172.31.67.77 - - [06/Mar/2019:23:32:45 -0500] "GET /optportal/services/getCompany_OptionByCompanyAndOptName.json?companyId=3296&name=CATALOG_BATCH_IMAGE_PULL_FROM_URL_CASE HTTP/1.1" 200 1407 "-" "-" "142.93.194.203, 108.162.219.50"
172.31.67.77 - - [06/Mar/2019:23:32:48 -0500] "GET /optportal/services/getCompany_OptionByCompanyAndOptName.json?companyId=3296&name=CATALOG_BATCH_IMAGE_PULL_FROM_URL_CASE HTTP/1.1" 200 1407 "-" "-" "167.99.225.172, 108.162.219.56"
172.31.73.27 - - [06/Mar/2019:23:32:51 -0500] "GET /optportal/services/getCompany_OptionByCompanyAndOptName.json?companyId=3296&name=CATALOG_BATCH_IMAGE_PULL_FROM_URL_CASE HTTP/1.1" 200 1407 "-" "-" "142.93.194.203, 162.158.63.147"
172.31.67.77 - - [06/Mar/2019:23:32:57 -0500] "GET /optportal/services/getCompany_OptionByCompanyAndOptName.json?companyId=3296&name=CATALOG_BATCH_IMAGE_PULL_FROM_URL_CASE HTTP/1.1" 200 1407 "-" "-" "142.93.194.203, 108.162.219.212"
172.31.73.27 - - [06/Mar/2019:23:33:03 -0500] "GET /optportal/services/getCompany_OptionByCompanyAndOptName.json?companyId=3296&name=CATALOG_BATCH_IMAGE_PULL_FROM_URL_CASE HTTP/1.1" 200 1407 "-" "-" "142.93.194.203, 162.158.63.219"
172.31.67.77 - - [06/Mar/2019:23:33:03 -0500] "GET /optportal/services/getCompany_OptionByCompanyAndOptName.json?companyId=3296&name=CATALOG_BATCH_IMAGE_PULL_FROM_URL_CASE HTTP/1.1" 200 1407 "-" "-" "167.99.225.172, 108.162.219.176"
172.31.73.27 - - [06/Mar/2019:23:33:09 -0500] "GET /optportal/services/getCompany_OptionByCompanyAndOptName.json?companyId=3296&name=CATALOG_BATCH_IMAGE_PULL_FROM_URL_CASE HTTP/1.1" 200 1407 "-" "-" "167.99.225.172, 173.245.52.90"
172.31.73.27 - - [06/Mar/2019:23:33:12 -0500] "GET /optportal/login.jsp HTTP/1.1" 200 11560 "-" "ELB-HealthChecker/1.0" "-"
172.31.67.77 - - [06/Mar/2019:23:33:12 -0500] "GET /optportal/login.jsp HTTP/1.1" 200 11560 "-" "ELB-HealthChecker/1.0" "-"
172.31.67.77 - - [06/Mar/2019:23:33:15 -0500] "GET /optportal/services/getCompany_OptionByCompanyAndOptName.json?companyId=3296&name=CATALOG_BATCH_IMAGE_PULL_FROM_URL_CASE HTTP/1.1" 200 1407 "-" "-" "142.93.194.203, 173.245.52.101"
172.31.73.27 - - [06/Mar/2019:23:33:15 -0500] "GET /optportal/services/getCompany_OptionByCompanyAndOptName.json?companyId=3296&name=CATALOG_BATCH_IMAGE_PULL_FROM_URL_CASE HTTP/1.1" 200 1407 "-" "-" "167.99.225.172, 173.245.52.150"
172.31.67.77 - - [06/Mar/2019:23:33:21 -0500] "GET /optportal/services/getCompany_OptionByCompanyAndOptName.json?companyId=3296&name=CATALOG_BATCH_IMAGE_PULL_FROM_URL_CASE HTTP/1.1" 200 1407 "-" "-" "167.99.225.172, 108.162.219.176"
172.31.73.27 - - [06/Mar/2019:23:33:27 -0500] "GET /optportal/services/getCompany_OptionByCompanyAndOptName.json?companyId=3296&name=CATALOG_BATCH_IMAGE_PULL_FROM_URL_CASE HTTP/1.1" 200 1407 "-" "-" "142.93.194.203, 162.158.62.10"
172.31.67.77 - - [06/Mar/2019:23:33:30 -0500] "GET /optportal/services/getCompany_OptionByCompanyAndOptName.json?companyId=3296&name=CATALOG_BATCH_IMAGE_PULL_FROM_URL_CASE HTTP/1.1" 200 1407 "-" "-" "167.99.225.172, 108.162.219.224"
172.31.73.27 - - [06/Mar/2019:23:33:33 -0500] "GET /optportal/services/getCompany_OptionByCompanyAndOptName.json?companyId=3296&name=CATALOG_BATCH_IMAGE_PULL_FROM_URL_CASE HTTP/1.1" 200 1407 "-" "-" "167.99.225.172, 162.158.62.212"
172.31.67.77 - - [06/Mar/2019:23:33:36 -0500] "GET /optportal/services/getCompany_OptionByCompanyAndOptName.json?companyId=3296&name=CATALOG_BATCH_IMAGE_PULL_FROM_URL_CASE HTTP/1.1" 200 1407 "-" "-" "167.99.225.172, 162.158.63.104"
172.31.67.77 - - [06/Mar/2019:23:33:42 -0500] "GET /optportal/services/getCompany_OptionByCompanyAndOptName.json?companyId=3296&name=CATALOG_BATCH_IMAGE_PULL_FROM_URL_CASE HTTP/1.1" 200 1407 "-" "-" "142.93.194.203, 108.162.219.248"
172.31.73.27 - - [06/Mar/2019:23:33:42 -0500] "GET /optportal/services/getCompany_OptionByCompanyAndOptName.json?companyId=3296&name=CATALOG_BATCH_IMAGE_PULL_FROM_URL_CASE HTTP/1.1" 200 1407 "-" "-" "167.99.225.172, 162.158.63.129"
172.31.73.27 - - [06/Mar/2019:23:33:42 -0500] "GET /optportal/login.jsp HTTP/1.1" 200 11560 "-" "ELB-HealthChecker/1.0" "-"
172.31.67.77 - - [06/Mar/2019:23:33:42 -0500] "GET /optportal/login.jsp HTTP/1.1" 200 11560 "-" "ELB-HealthChecker/1.0" "-"
172.31.67.77 - - [06/Mar/2019:23:33:48 -0500] "GET /optportal/services/getCompany_OptionByCompanyAndOptName.json?companyId=3296&name=CATALOG_BATCH_IMAGE_PULL_FROM_URL_CASE HTTP/1.1" 200 1407 "-" "-" "142.93.194.203, 108.162.219.182"
172.31.73.27 - - [06/Mar/2019:23:33:48 -0500] "GET /optportal/services/getCompany_OptionByCompanyAndOptName.json?companyId=3296&name=CATALOG_BATCH_IMAGE_PULL_FROM_URL_CASE HTTP/1.1" 200 1407 "-" "-" "167.99.225.172, 162.158.62.10"
172.31.67.77 - - [06/Mar/2019:23:33:54 -0500] "GET /optportal/services/getCompany_OptionByCompanyAndOptName.json?companyId=3296&name=CATALOG_BATCH_IMAGE_PULL_FROM_URL_CASE HTTP/1.1" 200 1407 "-" "-" "142.93.194.203, 162.158.63.122"
172.31.67.77 - - [06/Mar/2019:23:33:57 -0500] "GET /optportal/services/getCompany_OptionByCompanyAndOptName.json?companyId=3296&name=CATALOG_BATCH_IMAGE_PULL_FROM_URL_CASE HTTP/1.1" 200 1407 "-" "-" "142.93.194.203, 108.162.219.74"
172.31.73.27 - - [06/Mar/2019:23:33:57 -0500] "GET /optportal/services/getCompany_OptionByCompanyAndOptName.json?companyId=3296&name=CATALOG_BATCH_IMAGE_PULL_FROM_URL_CASE HTTP/1.1" 200 1407 "-" "-" "167.99.225.172, 162.158.63.207"
172.31.67.77 - - [06/Mar/2019:23:34:00 -0500] "GET /optportal/services/getCompany_OptionByCompanyAndOptName.json?companyId=3296&name=CATALOG_BATCH_IMAGE_PULL_FROM_URL_CASE HTTP/1.1" 200 1407 "-" "-" "142.93.194.203, 162.158.63.242"
172.31.67.77 - - [06/Mar/2019:23:34:03 -0500] "GET /optportal/services/getCompany_OptionByCompanyAndOptName.json?companyId=3296&name=CATALOG_BATCH_IMAGE_PULL_FROM_URL_CASE HTTP/1.1" 200 1407 "-" "-" "142.93.194.203, 162.158.63.122"
172.31.67.77 - - [06/Mar/2019:23:34:05 -0500] "GET /optportal/services/catalog/getsimilaritems.json?login=chpremier&prodPerPage=12&page=1&multipleCategories=true&base_page_slug=jewelry&parent_cat_id=3630&product_id=692923 HTTP/1.1" 200 2680 "-" "Rendr RestAdapter; Node.js" "142.93.117.156, 162.158.63.104"
172.31.73.27 - - [06/Mar/2019:23:34:06 -0500] "GET /optportal/services/newproduct.json?product=692923&login=chpremier&comp=251&catalog_type=standard&purpose=POS&base_page_slug=jewelry&parent_cat_id=3630 HTTP/1.1" 200 24444 "-" "Rendr RestAdapter; Node.js" "142.93.117.156, 162.158.62.50"
172.31.67.77 - - [06/Mar/2019:23:34:09 -0500] "GET /optportal/services/getCompany_OptionByCompanyAndOptName.json?companyId=3296&name=CATALOG_BATCH_IMAGE_PULL_FROM_URL_CASE HTTP/1.1" 200 1407 "-" "-" "142.93.194.203, 108.162.219.212"
172.31.73.27 - - [06/Mar/2019:23:34:12 -0500] "GET /optportal/services/getCompany_OptionByCompanyAndOptName.json?companyId=3296&name=CATALOG_BATCH_IMAGE_PULL_FROM_URL_CASE HTTP/1.1" 200 1407 "-" "-" "142.93.194.203, 162.158.62.104"
172.31.67.77 - - [06/Mar/2019:23:34:12 -0500] "GET /optportal/services/getCompany_OptionByCompanyAndOptName.json?companyId=3296&name=CATALOG_BATCH_IMAGE_PULL_FROM_URL_CASE HTTP/1.1" 200 1407 "-" "-" "167.99.225.172, 162.158.62.145"
172.31.73.27 - - [06/Mar/2019:23:34:12 -0500] "GET /optportal/login.jsp HTTP/1.1" 200 11560 "-" "ELB-HealthChecker/1.0" "-"
172.31.67.77 - - [06/Mar/2019:23:34:12 -0500] "GET /optportal/login.jsp HTTP/1.1" 200 11560 "-" "ELB-HealthChecker/1.0" "-"
172.31.67.77 - - [06/Mar/2019:23:34:15 -0500] "GET /optportal/services/getCompany_OptionByCompanyAndOptName.json?companyId=3296&name=CATALOG_BATCH_IMAGE_PULL_FROM_URL_CASE HTTP/1.1" 200 1407 "-" "-" "142.93.194.203, 162.158.63.56"
172.31.73.27 - - [06/Mar/2019:23:34:18 -0500] "GET /optportal/services/getCompany_OptionByCompanyAndOptName.json?companyId=3296&name=CATALOG_BATCH_IMAGE_PULL_FROM_URL_CASE HTTP/1.1" 200 1407 "-" "-" "142.93.194.203, 162.158.62.104"
172.31.67.77 - - [06/Mar/2019:23:34:21 -0500] "GET /optportal/services/getCompany_OptionByCompanyAndOptName.json?companyId=3296&name=CATALOG_BATCH_IMAGE_PULL_FROM_URL_CASE HTTP/1.1" 200 1407 "-" "-" "142.93.194.203, 108.162.219.74"
172.31.67.77 - - [06/Mar/2019:23:34:21 -0500] "GET /optportal/services/getCompany_OptionByCompanyAndOptName.json?companyId=3296&name=CATALOG_BATCH_IMAGE_PULL_FROM_URL_CASE HTTP/1.1" 200 1407 "-" "-" "167.99.225.172, 108.162.219.182"
172.31.67.77 - - [06/Mar/2019:23:34:24 -0500] "GET /optportal/services/getCompany_OptionByCompanyAndOptName.json?companyId=3296&name=CATALOG_BATCH_IMAGE_PULL_FROM_URL_CASE HTTP/1.1" 200 1407 "-" "-" "142.93.194.203, 173.245.52.173"
172.31.73.27 - - [06/Mar/2019:23:34:27 -0500] "GET /optportal/services/getCompany_OptionByCompanyAndOptName.json?companyId=3296&name=CATALOG_BATCH_IMAGE_PULL_FROM_URL_CASE HTTP/1.1" 200 1407 "-" "-" "142.93.194.203, 162.158.62.104"
172.31.73.27 - - [06/Mar/2019:23:34:30 -0500] "GET /optportal/services/getCompany_OptionByCompanyAndOptName.json?companyId=3296&name=CATALOG_BATCH_IMAGE_PULL_FROM_URL_CASE HTTP/1.1" 200 1407 "-" "-" "142.93.194.203, 162.158.62.206"
172.31.73.27 - - [06/Mar/2019:23:34:33 -0500] "GET /optportal/services/getCompany_OptionByCompanyAndOptName.json?companyId=3296&name=CATALOG_BATCH_IMAGE_PULL_FROM_URL_CASE HTTP/1.1" 200 1407 "-" "-" "142.93.194.203, 162.158.62.48"
172.31.67.77 - - [06/Mar/2019:23:34:33 -0500] "GET /optportal/services/getCompany_OptionByCompanyAndOptName.json?companyId=3296&name=CATALOG_BATCH_IMAGE_PULL_FROM_URL_CASE HTTP/1.1" 200 1407 "-" "-" "167.99.225.172, 162.158.62.211"
172.31.73.27 - - [06/Mar/2019:23:34:36 -0500] "GET /optportal/services/getCompany_OptionByCompanyAndOptName.json?companyId=3296&name=CATALOG_BATCH_IMAGE_PULL_FROM_URL_CASE HTTP/1.1" 200 1407 "-" "-" "167.99.225.172, 162.158.62.212"
172.31.67.77 - - [06/Mar/2019:23:34:39 -0500] "GET /optportal/services/getCompany_OptionByCompanyAndOptName.json?companyId=3296&name=CATALOG_BATCH_IMAGE_PULL_FROM_URL_CASE HTTP/1.1" 200 1407 "-" "-" "142.93.194.203, 162.158.63.182"
172.31.67.77 - - [06/Mar/2019:23:34:42 -0500] "GET /optportal/services/getCompany_OptionByCompanyAndOptName.json?companyId=3296&name=CATALOG_BATCH_IMAGE_PULL_FROM_URL_CASE HTTP/1.1" 200 1407 "-" "-" "167.99.225.172, 108.162.219.224"
172.31.73.27 - - [06/Mar/2019:23:34:42 -0500] "GET /optportal/login.jsp HTTP/1.1" 200 11560 "-" "ELB-HealthChecker/1.0" "-"
172.31.67.77 - - [06/Mar/2019:23:34:42 -0500] "GET /optportal/login.jsp HTTP/1.1" 200 11560 "-" "ELB-HealthChecker/1.0" "-"
172.31.67.77 - - [06/Mar/2019:23:34:45 -0500] "GET /optportal/services/getCompany_OptionByCompanyAndOptName.json?companyId=3296&name=CATALOG_BATCH_IMAGE_PULL_FROM_URL_CASE HTTP/1.1" 200 1407 "-" "-" "167.99.225.172, 162.158.63.104"
172.31.73.27 - - [06/Mar/2019:23:34:48 -0500] "GET /optportal/services/getCompany_OptionByCompanyAndOptName.json?companyId=3296&name=CATALOG_BATCH_IMAGE_PULL_FROM_URL_CASE HTTP/1.1" 200 1407 "-" "-" "142.93.194.203, 162.158.63.219"
172.31.67.77 - - [06/Mar/2019:23:34:51 -0500] "GET /optportal/services/getCompany_OptionByCompanyAndOptName.json?companyId=3296&name=CATALOG_BATCH_IMAGE_PULL_FROM_URL_CASE HTTP/1.1" 200 1407 "-" "-" "167.99.225.172, 162.158.62.157"
172.31.67.77 - - [06/Mar/2019:23:34:54 -0500] "GET /optportal/services/getCompany_OptionByCompanyAndOptName.json?companyId=3296&name=CATALOG_BATCH_IMAGE_PULL_FROM_URL_CASE HTTP/1.1" 200 1407 "-" "-" "167.99.225.172, 108.162.219.56"
172.31.73.27 - - [06/Mar/2019:23:34:57 -0500] "GET /optportal/services/getCompany_OptionByCompanyAndOptName.json?companyId=3296&name=CATALOG_BATCH_IMAGE_PULL_FROM_URL_CASE HTTP/1.1" 200 1407 "-" "-" "142.93.194.203, 162.158.63.33"
172.31.73.27 - - [06/Mar/2019:23:34:57 -0500] "GET /optportal/services/getCompany_OptionByCompanyAndOptName.json?companyId=3296&name=CATALOG_BATCH_IMAGE_PULL_FROM_URL_CASE HTTP/1.1" 200 1407 "-" "-" "167.99.225.172, 162.158.62.10"
172.31.67.77 - - [06/Mar/2019:23:35:00 -0500] "GET /optportal/services/getCompany_OptionByCompanyAndOptName.json?companyId=3296&name=CATALOG_BATCH_IMAGE_PULL_FROM_URL_CASE HTTP/1.1" 200 1407 "-" "-" "142.93.194.203, 162.158.62.57"
172.31.67.77 - - [06/Mar/2019:23:35:03 -0500] "GET /optportal/services/getCompany_OptionByCompanyAndOptName.json?companyId=3296&name=CATALOG_BATCH_IMAGE_PULL_FROM_URL_CASE HTTP/1.1" 200 1407 "-" "-" "142.93.194.203, 162.158.63.122"
172.31.73.27 - - [06/Mar/2019:23:35:03 -0500] "GET /optportal/services/getCompany_OptionByCompanyAndOptName.json?companyId=3296&name=CATALOG_BATCH_IMAGE_PULL_FROM_URL_CASE HTTP/1.1" 200 1407 "-" "-" "167.99.225.172, 162.158.63.33"
172.31.73.27 - - [06/Mar/2019:23:35:06 -0500] "GET /optportal/services/getCompany_OptionByCompanyAndOptName.json?companyId=3296&name=CATALOG_BATCH_IMAGE_PULL_FROM_URL_CASE HTTP/1.1" 200 1407 "-" "-" "167.99.225.172, 108.162.219.243"
172.31.67.77 - - [06/Mar/2019:23:35:12 -0500] "GET /optportal/services/getCompany_OptionByCompanyAndOptName.json?companyId=3296&name=CATALOG_BATCH_IMAGE_PULL_FROM_URL_CASE HTTP/1.1" 200 1407 "-" "-" "142.93.194.203, 162.158.63.242"
172.31.73.27 - - [06/Mar/2019:23:35:12 -0500] "GET /optportal/services/getCompany_OptionByCompanyAndOptName.json?companyId=3296&name=CATALOG_BATCH_IMAGE_PULL_FROM_URL_CASE HTTP/1.1" 200 1407 "-" "-" "167.99.225.172, 162.158.63.129"
172.31.73.27 - - [06/Mar/2019:23:35:12 -0500] "GET /optportal/login.jsp HTTP/1.1" 200 11560 "-" "ELB-HealthChecker/1.0" "-"
172.31.67.77 - - [06/Mar/2019:23:35:12 -0500] "GET /optportal/login.jsp HTTP/1.1" 200 11560 "-" "ELB-HealthChecker/1.0" "-"
172.31.73.27 - - [06/Mar/2019:23:35:18 -0500] "GET /optportal/services/getCompany_OptionByCompanyAndOptName.json?companyId=3296&name=CATALOG_BATCH_IMAGE_PULL_FROM_URL_CASE HTTP/1.1" 200 1407 "-" "-" "142.93.194.203, 162.158.62.206"
172.31.67.77 - - [06/Mar/2019:23:35:21 -0500] "GET /optportal/services/getCompany_OptionByCompanyAndOptName.json?companyId=3296&name=CATALOG_BATCH_IMAGE_PULL_FROM_URL_CASE HTTP/1.1" 200 1407 "-" "-" "142.93.194.203, 162.158.63.242"
172.31.67.77 - - [06/Mar/2019:23:35:24 -0500] "GET /optportal/services/getCompany_OptionByCompanyAndOptName.json?companyId=3296&name=CATALOG_BATCH_IMAGE_PULL_FROM_URL_CASE HTTP/1.1" 200 1407 "-" "-" "142.93.194.203, 162.158.63.122"
172.31.67.77 - - [06/Mar/2019:23:35:24 -0500] "GET /optportal/services/catalog/getsimilaritems.json?login=tropicana&prodPerPage=12&page=1&multipleCategories=true&base_page_slug=watches&parent_cat_id=7&product_id=500036 HTTP/1.1" 200 4392 "-" "Rendr RestAdapter; Node.js" "142.93.117.156, 162.158.63.176"
172.31.73.27 - - [06/Mar/2019:23:35:27 -0500] "GET /optportal/services/getCompany_OptionByCompanyAndOptName.json?companyId=3296&name=CATALOG_BATCH_IMAGE_PULL_FROM_URL_CASE HTTP/1.1" 200 1407 "-" "-" "167.99.225.172, 173.245.52.150"
172.31.73.27 - - [06/Mar/2019:23:35:33 -0500] "GET /optportal/services/getCompany_OptionByCompanyAndOptName.json?companyId=3296&name=CATALOG_BATCH_IMAGE_PULL_FROM_URL_CASE HTTP/1.1" 200 1407 "-" "-" "142.93.194.203, 162.158.63.147"
172.31.73.27 - - [06/Mar/2019:23:35:36 -0500] "GET /optportal/services/getCompany_OptionByCompanyAndOptName.json?companyId=3296&name=CATALOG_BATCH_IMAGE_PULL_FROM_URL_CASE HTTP/1.1" 200 1407 "-" "-" "167.99.225.172, 173.245.52.90"
172.31.67.77 - - [06/Mar/2019:23:35:42 -0500] "GET /optportal/services/getCompany_OptionByCompanyAndOptName.json?companyId=3296&name=CATALOG_BATCH_IMAGE_PULL_FROM_URL_CASE HTTP/1.1" 200 1407 "-" "-" "142.93.194.203, 162.158.63.242"
172.31.73.27 - - [06/Mar/2019:23:35:42 -0500] "GET /optportal/login.jsp HTTP/1.1" 200 11560 "-" "ELB-HealthChecker/1.0" "-"
172.31.67.77 - - [06/Mar/2019:23:35:42 -0500] "GET /optportal/login.jsp HTTP/1.1" 200 11560 "-" "ELB-HealthChecker/1.0" "-"
172.31.73.27 - - [06/Mar/2019:23:35:45 -0500] "GET /optportal/ HTTP/1.1" 302 0 "-" "Mozilla/5.0 (Linux; Android 6.0.1; Nexus 5X Build/MMB29P) AppleWebKit/537.36 (KHTML, like Gecko) Chrome/41.0.2272.96 Mobile Safari/537.36 (compatible; Googlebot/2.1; +http://www.google.com/bot.html)" "66.249.65.87, 172.69.69.63"
172.31.67.77 - - [06/Mar/2019:23:35:45 -0500] "GET /optportal/services/getCompany_OptionByCompanyAndOptName.json?companyId=3296&name=CATALOG_BATCH_IMAGE_PULL_FROM_URL_CASE HTTP/1.1" 200 1407 "-" "-" "167.99.225.172, 162.158.63.176"
172.31.73.27 - - [06/Mar/2019:23:35:45 -0500] "GET /optportal/login.jsp HTTP/1.1" 200 3050 "-" "Mozilla/5.0 (Linux; Android 6.0.1; Nexus 5X Build/MMB29P) AppleWebKit/537.36 (KHTML, like Gecko) Chrome/41.0.2272.96 Mobile Safari/537.36 (compatible; Googlebot/2.1; +http://www.google.com/bot.html)" "66.249.65.90, 172.69.68.62"
172.31.73.27 - - [06/Mar/2019:23:35:54 -0500] "GET /optportal/services/getCompany_OptionByCompanyAndOptName.json?companyId=3296&name=CATALOG_BATCH_IMAGE_PULL_FROM_URL_CASE HTTP/1.1" 200 1407 "-" "-" "142.93.194.203, 108.162.219.51"
172.31.67.77 - - [06/Mar/2019:23:35:54 -0500] "GET /optportal/services/getCompany_OptionByCompanyAndOptName.json?companyId=3296&name=CATALOG_BATCH_IMAGE_PULL_FROM_URL_CASE HTTP/1.1" 200 1407 "-" "-" "167.99.225.172, 108.162.219.56"
172.31.73.27 - - [06/Mar/2019:23:36:00 -0500] "GET /optportal/services/getCompany_OptionByCompanyAndOptName.json?companyId=3296&name=CATALOG_BATCH_IMAGE_PULL_FROM_URL_CASE HTTP/1.1" 200 1407 "-" "-" "167.99.225.172, 162.158.63.225"
172.31.73.27 - - [06/Mar/2019:23:36:06 -0500] "GET /optportal/services/getCompany_OptionByCompanyAndOptName.json?companyId=3296&name=CATALOG_BATCH_IMAGE_PULL_FROM_URL_CASE HTTP/1.1" 200 1407 "-" "-" "167.99.225.172, 173.245.52.150"
172.31.67.77 - - [06/Mar/2019:23:36:09 -0500] "GET /optportal/services/getCompany_OptionByCompanyAndOptName.json?companyId=3296&name=CATALOG_BATCH_IMAGE_PULL_FROM_URL_CASE HTTP/1.1" 200 1407 "-" "-" "142.93.194.203, 162.158.62.57"
172.31.73.27 - - [06/Mar/2019:23:36:12 -0500] "GET /optportal/login.jsp HTTP/1.1" 200 11560 "-" "ELB-HealthChecker/1.0" "-"
172.31.67.77 - - [06/Mar/2019:23:36:12 -0500] "GET /optportal/login.jsp HTTP/1.1" 200 11560 "-" "ELB-HealthChecker/1.0" "-"
172.31.67.77 - - [06/Mar/2019:23:36:15 -0500] "GET /optportal/services/getCompany_OptionByCompanyAndOptName.json?companyId=3296&name=CATALOG_BATCH_IMAGE_PULL_FROM_URL_CASE HTTP/1.1" 200 1407 "-" "-" "167.99.225.172, 108.162.219.224"
172.31.73.27 - - [06/Mar/2019:23:36:18 -0500] "GET /optportal/services/getCompany_OptionByCompanyAndOptName.json?companyId=3296&name=CATALOG_BATCH_IMAGE_PULL_FROM_URL_CASE HTTP/1.1" 200 1407 "-" "-" "167.99.225.172, 173.245.52.90"
172.31.67.77 - - [06/Mar/2019:23:36:24 -0500] "GET /optportal/services/getCompany_OptionByCompanyAndOptName.json?companyId=3296&name=CATALOG_BATCH_IMAGE_PULL_FROM_URL_CASE HTTP/1.1" 200 1407 "-" "-" "167.99.225.172, 108.162.219.176"
172.31.67.77 - - [06/Mar/2019:23:36:30 -0500] "GET /optportal/services/getCompany_OptionByCompanyAndOptName.json?companyId=3296&name=CATALOG_BATCH_IMAGE_PULL_FROM_URL_CASE HTTP/1.1" 200 1407 "-" "-" "142.93.194.203, 173.245.52.173"
172.31.73.27 - - [06/Mar/2019:23:36:33 -0500] "GET /optportal/services/getCompany_OptionByCompanyAndOptName.json?companyId=3296&name=CATALOG_BATCH_IMAGE_PULL_FROM_URL_CASE HTTP/1.1" 200 1407 "-" "-" "142.93.194.203, 173.245.52.108"
172.31.73.27 - - [06/Mar/2019:23:36:36 -0500] "GET /optportal/services/getCompany_OptionByCompanyAndOptName.json?companyId=3296&name=CATALOG_BATCH_IMAGE_PULL_FROM_URL_CASE HTTP/1.1" 200 1407 "-" "-" "167.99.225.172, 108.162.219.243"
172.31.73.27 - - [06/Mar/2019:23:36:42 -0500] "GET /optportal/login.jsp HTTP/1.1" 200 11560 "-" "ELB-HealthChecker/1.0" "-"
172.31.67.77 - - [06/Mar/2019:23:36:42 -0500] "GET /optportal/login.jsp HTTP/1.1" 200 11560 "-" "ELB-HealthChecker/1.0" "-"
172.31.67.77 - - [06/Mar/2019:23:36:45 -0500] "GET /optportal/services/getCompany_OptionByCompanyAndOptName.json?companyId=3296&name=CATALOG_BATCH_IMAGE_PULL_FROM_URL_CASE HTTP/1.1" 200 1407 "-" "-" "142.93.194.203, 162.158.63.182"
172.31.73.27 - - [06/Mar/2019:23:36:45 -0500] "GET /optportal/services/getCompany_OptionByCompanyAndOptName.json?companyId=3296&name=CATALOG_BATCH_IMAGE_PULL_FROM_URL_CASE HTTP/1.1" 200 1407 "-" "-" "167.99.225.172, 173.245.52.120"
172.31.67.77 - - [06/Mar/2019:23:36:51 -0500] "GET /optportal/services/getCompany_OptionByCompanyAndOptName.json?companyId=3296&name=CATALOG_BATCH_IMAGE_PULL_FROM_URL_CASE HTTP/1.1" 200 1407 "-" "-" "142.93.194.203, 162.158.63.242"
172.31.73.27 - - [06/Mar/2019:23:36:54 -0500] "GET /optportal/services/getCompany_OptionByCompanyAndOptName.json?companyId=3296&name=CATALOG_BATCH_IMAGE_PULL_FROM_URL_CASE HTTP/1.1" 200 1407 "-" "-" "167.99.225.172, 173.245.52.180"
172.31.73.27 - - [06/Mar/2019:23:37:00 -0500] "GET /optportal/services/getCompany_OptionByCompanyAndOptName.json?companyId=3296&name=CATALOG_BATCH_IMAGE_PULL_FROM_URL_CASE HTTP/1.1" 200 1407 "-" "-" "142.93.194.203, 162.158.63.219"
172.31.67.77 - - [06/Mar/2019:23:37:06 -0500] "GET /optportal/services/getCompany_OptionByCompanyAndOptName.json?companyId=3296&name=CATALOG_BATCH_IMAGE_PULL_FROM_URL_CASE HTTP/1.1" 200 1407 "-" "-" "142.93.194.203, 162.158.63.182"
172.31.73.27 - - [06/Mar/2019:23:37:09 -0500] "GET /optportal/services/getCompany_OptionByCompanyAndOptName.json?companyId=3296&name=CATALOG_BATCH_IMAGE_PULL_FROM_URL_CASE HTTP/1.1" 200 1407 "-" "-" "142.93.194.203, 162.158.63.33"
172.31.73.27 - - [06/Mar/2019:23:37:12 -0500] "GET /optportal/login.jsp HTTP/1.1" 200 11560 "-" "ELB-HealthChecker/1.0" "-"
172.31.67.77 - - [06/Mar/2019:23:37:12 -0500] "GET /optportal/login.jsp HTTP/1.1" 200 11560 "-" "ELB-HealthChecker/1.0" "-"
172.31.73.27 - - [06/Mar/2019:23:37:15 -0500] "GET /optportal/services/getCompany_OptionByCompanyAndOptName.json?companyId=3296&name=CATALOG_BATCH_IMAGE_PULL_FROM_URL_CASE HTTP/1.1" 200 1407 "-" "-" "167.99.225.172, 162.158.62.212"
172.31.67.77 - - [06/Mar/2019:23:37:21 -0500] "GET /optportal/services/getCompany_OptionByCompanyAndOptName.json?companyId=3296&name=CATALOG_BATCH_IMAGE_PULL_FROM_URL_CASE HTTP/1.1" 200 1407 "-" "-" "142.93.194.203, 162.158.63.182"
172.31.73.27 - - [06/Mar/2019:23:37:21 -0500] "GET /optportal/services/getCompany_OptionByCompanyAndOptName.json?companyId=3296&name=CATALOG_BATCH_IMAGE_PULL_FROM_URL_CASE HTTP/1.1" 200 1407 "-" "-" "167.99.225.172, 162.158.62.10"
172.31.67.77 - - [06/Mar/2019:23:37:27 -0500] "GET /optportal/services/getCompany_OptionByCompanyAndOptName.json?companyId=3296&name=CATALOG_BATCH_IMAGE_PULL_FROM_URL_CASE HTTP/1.1" 200 1407 "-" "-" "167.99.225.172, 108.162.219.224"
172.31.73.27 - - [06/Mar/2019:23:37:30 -0500] "GET /optportal/services/getCompany_OptionByCompanyAndOptName.json?companyId=3296&name=CATALOG_BATCH_IMAGE_PULL_FROM_URL_CASE HTTP/1.1" 200 1407 "-" "-" "167.99.225.172, 173.245.52.150"
172.31.67.77 - - [06/Mar/2019:23:37:39 -0500] "GET /optportal/services/getCompany_OptionByCompanyAndOptName.json?companyId=3296&name=CATALOG_BATCH_IMAGE_PULL_FROM_URL_CASE HTTP/1.1" 200 1407 "-" "-" "142.93.194.203, 173.245.52.101"
172.31.67.77 - - [06/Mar/2019:23:37:42 -0500] "GET /optportal/services/getCompany_OptionByCompanyAndOptName.json?companyId=3296&name=CATALOG_BATCH_IMAGE_PULL_FROM_URL_CASE HTTP/1.1" 200 1407 "-" "-" "167.99.225.172, 162.158.62.157"
172.31.73.27 - - [06/Mar/2019:23:37:42 -0500] "GET /optportal/login.jsp HTTP/1.1" 200 11560 "-" "ELB-HealthChecker/1.0" "-"
172.31.67.77 - - [06/Mar/2019:23:37:42 -0500] "GET /optportal/login.jsp HTTP/1.1" 200 11560 "-" "ELB-HealthChecker/1.0" "-"
172.31.73.27 - - [06/Mar/2019:23:37:45 -0500] "GET /optportal/services/getCompany_OptionByCompanyAndOptName.json?companyId=3296&name=CATALOG_BATCH_IMAGE_PULL_FROM_URL_CASE HTTP/1.1" 200 1407 "-" "-" "142.93.194.203, 162.158.62.10"
172.31.67.77 - - [06/Mar/2019:23:37:51 -0500] "GET /optportal/services/getCompany_OptionByCompanyAndOptName.json?companyId=3296&name=CATALOG_BATCH_IMAGE_PULL_FROM_URL_CASE HTTP/1.1" 200 1407 "-" "-" "142.93.194.203, 162.158.63.182"
172.31.73.27 - - [06/Mar/2019:23:37:54 -0500] "GET /optportal/services/getCompany_OptionByCompanyAndOptName.json?companyId=3296&name=CATALOG_BATCH_IMAGE_PULL_FROM_URL_CASE HTTP/1.1" 200 1407 "-" "-" "142.93.194.203, 108.162.219.51"
172.31.73.27 - - [06/Mar/2019:23:37:54 -0500] "GET /optportal/services/getCompany_OptionByCompanyAndOptName.json?companyId=3296&name=CATALOG_BATCH_IMAGE_PULL_FROM_URL_CASE HTTP/1.1" 200 1407 "-" "-" "167.99.225.172, 162.158.62.10"
172.31.67.77 - - [06/Mar/2019:23:37:56 -0500] "GET /optportal/services/brand/items.json?login=chpremier&company=251&catalog_type=standard&prodPerPage=12&page=1&priceOption=retail&range=0-0&appType=1&catalog_version=3&purpose=POS&keysearchtype=style_hash&category_ids=3630%2B3630&cat_id= HTTP/1.1" 200 3432 "-" "Rendr RestAdapter; Node.js" "142.93.117.156, 162.158.62.63"
172.31.73.27 - - [06/Mar/2019:23:37:57 -0500] "GET /optportal/services/getCompany_OptionByCompanyAndOptName.json?companyId=3296&name=CATALOG_BATCH_IMAGE_PULL_FROM_URL_CASE HTTP/1.1" 200 1407 "-" "-" "142.93.194.203, 162.158.62.48"
172.31.67.77 - - [06/Mar/2019:23:38:03 -0500] "GET /optportal/services/getCompany_OptionByCompanyAndOptName.json?companyId=3296&name=CATALOG_BATCH_IMAGE_PULL_FROM_URL_CASE HTTP/1.1" 200 1407 "-" "-" "167.99.225.172, 108.162.219.56"
172.31.73.27 - - [06/Mar/2019:23:38:06 -0500] "GET /optportal/services/getCompany_OptionByCompanyAndOptName.json?companyId=3296&name=CATALOG_BATCH_IMAGE_PULL_FROM_URL_CASE HTTP/1.1" 200 1407 "-" "-" "142.93.194.203, 162.158.62.104"
172.31.73.27 - - [06/Mar/2019:23:38:09 -0500] "GET /optportal/services/getCompany_OptionByCompanyAndOptName.json?companyId=3296&name=CATALOG_BATCH_IMAGE_PULL_FROM_URL_CASE HTTP/1.1" 200 1407 "-" "-" "167.99.225.172, 173.245.52.120"
172.31.67.77 - - [06/Mar/2019:23:38:12 -0500] "GET /optportal/services/getCompany_OptionByCompanyAndOptName.json?companyId=3296&name=CATALOG_BATCH_IMAGE_PULL_FROM_URL_CASE HTTP/1.1" 200 1407 "-" "-" "142.93.194.203, 108.162.219.212"
172.31.73.27 - - [06/Mar/2019:23:38:12 -0500] "GET /optportal/login.jsp HTTP/1.1" 200 11560 "-" "ELB-HealthChecker/1.0" "-"
172.31.67.77 - - [06/Mar/2019:23:38:12 -0500] "GET /optportal/login.jsp HTTP/1.1" 200 11560 "-" "ELB-HealthChecker/1.0" "-"
172.31.67.77 - - [06/Mar/2019:23:38:18 -0500] "GET /optportal/services/articles.json?login=breg_super&purpose=browsing&company=229&menuId=30&ssect=399&sect=399&menu=30&section=399 HTTP/1.1" 200 3919 "-" "Rendr RestAdapter; Node.js" "142.93.122.238, 162.158.62.145"
172.31.73.27 - - [06/Mar/2019:23:38:18 -0500] "GET /optportal/services/getCompany_OptionByCompanyAndOptName.json?companyId=3296&name=CATALOG_BATCH_IMAGE_PULL_FROM_URL_CASE HTTP/1.1" 200 1407 "-" "-" "167.99.225.172, 173.245.52.90"
172.31.67.77 - - [06/Mar/2019:23:38:22 -0500] "GET /optportal/services/catalog/getsimilaritems.json?login=chpremier&prodPerPage=12&page=1&multipleCategories=true&base_page_slug=jewelry&parent_cat_id=3630&product_id=692878 HTTP/1.1" 200 39351 "-" "Rendr RestAdapter; Node.js" "2601:643:4302:5966:b1b4:f8ae:e82c:cdc0, ::ffff:172.69.22.176,142.93.117.156, 162.158.62.157"
172.31.67.77 - - [06/Mar/2019:23:38:27 -0500] "GET /optportal/services/getCompany_OptionByCompanyAndOptName.json?companyId=3296&name=CATALOG_BATCH_IMAGE_PULL_FROM_URL_CASE HTTP/1.1" 200 1407 "-" "-" "167.99.225.172, 108.162.219.56"
172.31.73.27 - - [06/Mar/2019:23:38:30 -0500] "GET /optportal/services/getCompany_OptionByCompanyAndOptName.json?companyId=3296&name=CATALOG_BATCH_IMAGE_PULL_FROM_URL_CASE HTTP/1.1" 200 1407 "-" "-" "142.93.194.203, 162.158.62.104"
172.31.73.27 - - [06/Mar/2019:23:38:36 -0500] "GET /optportal/services/getCompany_OptionByCompanyAndOptName.json?companyId=3296&name=CATALOG_BATCH_IMAGE_PULL_FROM_URL_CASE HTTP/1.1" 200 1407 "-" "-" "167.99.225.172, 162.158.62.50"
172.31.73.27 - - [06/Mar/2019:23:38:39 -0500] "GET /optportal/services/getCompany_OptionByCompanyAndOptName.json?companyId=3296&name=CATALOG_BATCH_IMAGE_PULL_FROM_URL_CASE HTTP/1.1" 200 1407 "-" "-" "167.99.225.172, 162.158.63.225"
172.31.73.27 - - [06/Mar/2019:23:38:39 -0500] "GET /optportal/services/brand/items.json?login=orlyjewellers&company=3373&catalog_type=standard&prodPerPage=12&page=1&priceOption=retail&range=0-0&appType=1&catalog_version=3&purpose=POS&keysearchtype=style_hash&category_ids=7%2B7&cat_id=&collection_id_9997=0 HTTP/1.1" 200 136 "-" "Rendr RestAdapter; Node.js" "142.93.117.156, 162.158.63.207"
172.31.73.27 - - [06/Mar/2019:23:38:39 -0500] "GET /optportal/services/brand/items.json?login=orlyjewellers&company=3373&catalog_type=standard&prodPerPage=12&page=1&priceOption=retail&range=0-0&appType=1&catalog_version=3&purpose=POS&keysearchtype=style_hash&category_ids=7%2B7&cat_id=&collection_id_9997=0 HTTP/1.1" 200 136 "-" "Rendr RestAdapter; Node.js" "142.93.117.156, 173.245.52.150"
172.31.67.77 - - [06/Mar/2019:23:38:40 -0500] "GET /optportal/services/getBrowseBy.json?login=orlyjewellers&company=3373&catalog_type=standard&abc=true&dataFlag=true&category_ids=7&cat_id=7 HTTP/1.1" 200 617 "-" "Rendr RestAdapter; Node.js" "142.93.117.156, 162.158.63.104"
172.31.67.77 - - [06/Mar/2019:23:38:42 -0500] "GET /optportal/services/getCompany_OptionByCompanyAndOptName.json?companyId=3296&name=CATALOG_BATCH_IMAGE_PULL_FROM_URL_CASE HTTP/1.1" 200 1407 "-" "-" "167.99.225.172, 162.158.63.98"
172.31.73.27 - - [06/Mar/2019:23:38:42 -0500] "GET /optportal/login.jsp HTTP/1.1" 200 11560 "-" "ELB-HealthChecker/1.0" "-"
172.31.67.77 - - [06/Mar/2019:23:38:42 -0500] "GET /optportal/login.jsp HTTP/1.1" 200 11560 "-" "ELB-HealthChecker/1.0" "-"
172.31.67.77 - - [06/Mar/2019:23:38:45 -0500] "GET /optportal/services/getCompany_OptionByCompanyAndOptName.json?companyId=3296&name=CATALOG_BATCH_IMAGE_PULL_FROM_URL_CASE HTTP/1.1" 200 1407 "-" "-" "167.99.225.172, 108.162.219.56"
172.31.73.27 - - [06/Mar/2019:23:38:48 -0500] "GET /optportal/services/getCompany_OptionByCompanyAndOptName.json?companyId=3296&name=CATALOG_BATCH_IMAGE_PULL_FROM_URL_CASE HTTP/1.1" 200 1407 "-" "-" "142.93.194.203, 162.158.63.33"
172.31.73.27 - - [06/Mar/2019:23:38:51 -0500] "GET /optportal/common/ajtooltip.html?product_id=668150&affiliated=&affiliatedCompany=&affiliationAccess=&catalog_type=standard HTTP/1.1" 200 391 "https://www.optcentral.com/optportal/brand/catalog/index.html?sect=3&area=3&company=328&menuId=3&survey=true&keywords=&page=3&filtering=true&prodPerPage=24&priceOption=retail&range=0-0&keysearchtype=keywords&sortBy=&category_ids=1&cat_id=&productID=697102" "Mozilla/5.0 (Windows NT 10.0; Win64; x64) AppleWebKit/537.36 (KHTML, like Gecko) Chrome/72.0.3626.121 Safari/537.36" "184.167.38.117, 162.158.107.6"
172.31.67.77 - - [06/Mar/2019:23:38:51 -0500] "GET /optportal/services/getCompany_OptionByCompanyAndOptName.json?companyId=3296&name=CATALOG_BATCH_IMAGE_PULL_FROM_URL_CASE HTTP/1.1" 200 1407 "-" "-" "167.99.225.172, 108.162.219.56"
172.31.67.77 - - [06/Mar/2019:23:38:52 -0500] "GET /optportal/services/getBrowseBy.json?login=chpremier&company=251&catalog_type=standard&abc=true&dataFlag=true&category_ids=3630&cat_id=3630 HTTP/1.1" 200 909 "-" "Rendr RestAdapter; Node.js" "2601:643:4302:5966:b1b4:f8ae:e82c:cdc0, ::ffff:172.69.22.176,142.93.117.156, 162.158.63.104"
172.31.73.27 - - [06/Mar/2019:23:38:54 -0500] "GET /optportal/services/getCompany_OptionByCompanyAndOptName.json?companyId=3296&name=CATALOG_BATCH_IMAGE_PULL_FROM_URL_CASE HTTP/1.1" 200 1407 "-" "-" "142.93.194.203, 162.158.62.48"
172.31.67.77 - - [06/Mar/2019:23:38:54 -0500] "GET /optportal/services/getCompany_OptionByCompanyAndOptName.json?companyId=3296&name=CATALOG_BATCH_IMAGE_PULL_FROM_URL_CASE HTTP/1.1" 200 1407 "-" "-" "167.99.225.172, 108.162.219.224"
172.31.67.77 - - [06/Mar/2019:23:39:00 -0500] "GET /optportal/services/getCompany_OptionByCompanyAndOptName.json?companyId=3296&name=CATALOG_BATCH_IMAGE_PULL_FROM_URL_CASE HTTP/1.1" 200 1407 "-" "-" "142.93.194.203, 108.162.219.74"
172.31.73.27 - - [06/Mar/2019:23:39:00 -0500] "GET /optportal/services/getCompany_OptionByCompanyAndOptName.json?companyId=3296&name=CATALOG_BATCH_IMAGE_PULL_FROM_URL_CASE HTTP/1.1" 200 1407 "-" "-" "167.99.225.172, 162.158.62.50"
172.31.67.77 - - [06/Mar/2019:23:39:06 -0500] "GET /optportal/services/getCompany_OptionByCompanyAndOptName.json?companyId=3296&name=CATALOG_BATCH_IMAGE_PULL_FROM_URL_CASE HTTP/1.1" 200 1407 "-" "-" "142.93.194.203, 108.162.219.50"
172.31.73.27 - - [06/Mar/2019:23:39:09 -0500] "GET /optportal/services/getCompany_OptionByCompanyAndOptName.json?companyId=3296&name=CATALOG_BATCH_IMAGE_PULL_FROM_URL_CASE HTTP/1.1" 200 1407 "-" "-" "142.93.194.203, 162.158.63.219"
172.31.67.77 - - [06/Mar/2019:23:39:09 -0500] "GET /optportal/services/getCompany_OptionByCompanyAndOptName.json?companyId=3296&name=CATALOG_BATCH_IMAGE_PULL_FROM_URL_CASE HTTP/1.1" 200 1407 "-" "-" "167.99.225.172, 108.162.219.224"
172.31.67.77 - - [06/Mar/2019:23:39:12 -0500] "GET /optportal/services/getCompany_OptionByCompanyAndOptName.json?companyId=3296&name=CATALOG_BATCH_IMAGE_PULL_FROM_URL_CASE HTTP/1.1" 200 1407 "-" "-" "167.99.225.172, 162.158.62.79"
172.31.73.27 - - [06/Mar/2019:23:39:12 -0500] "GET /optportal/login.jsp HTTP/1.1" 200 11560 "-" "ELB-HealthChecker/1.0" "-"
172.31.67.77 - - [06/Mar/2019:23:39:12 -0500] "GET /optportal/login.jsp HTTP/1.1" 200 11553 "-" "ELB-HealthChecker/1.0" "-"
172.31.73.27 - - [06/Mar/2019:23:39:15 -0500] "GET /optportal/services/getCompany_OptionByCompanyAndOptName.json?companyId=3296&name=CATALOG_BATCH_IMAGE_PULL_FROM_URL_CASE HTTP/1.1" 200 1407 "-" "-" "142.93.194.203, 162.158.63.237"
172.31.67.77 - - [06/Mar/2019:23:39:18 -0500] "GET /optportal/services/getCompany_OptionByCompanyAndOptName.json?companyId=3296&name=CATALOG_BATCH_IMAGE_PULL_FROM_URL_CASE HTTP/1.1" 200 1407 "-" "-" "167.99.225.172, 162.158.62.63"
172.31.67.77 - - [06/Mar/2019:23:39:19 -0500] "GET /optportal/services/article.json?login=chpremier&company=251&articleId=12991 HTTP/1.1" 200 1616 "-" "Rendr RestAdapter; Node.js" "2601:643:4302:5966:b1b4:f8ae:e82c:cdc0, ::ffff:172.69.22.176,142.93.117.156, 162.158.62.63"
172.31.73.27 - - [06/Mar/2019:23:39:19 -0500] "GET /optportal/services/getBrowseBy.json?login=chpremier&company=251&catalog_type=standard&abc=true&dataFlag=true&category_ids=3630&cat_id=3630 HTTP/1.1" 200 909 "-" "Rendr RestAdapter; Node.js" "2601:643:4302:5966:b1b4:f8ae:e82c:cdc0, ::ffff:172.69.22.176,142.93.117.156, 108.162.219.243"
172.31.73.27 - - [06/Mar/2019:23:39:20 -0500] "GET /optportal/services/brand/items.json?login=chpremier&company=251&catalog_type=standard&prodPerPage=12&page=1&priceOption=retail&range=0-0&appType=1&catalog_version=3&purpose=POS&keysearchtype=style_hash&category_ids=3630%2B3630&cat_id= HTTP/1.1" 200 3432 "-" "Rendr RestAdapter; Node.js" "2601:643:4302:5966:b1b4:f8ae:e82c:cdc0, ::ffff:172.69.22.176,142.93.117.156, 162.158.62.212"
172.31.67.77 - - [06/Mar/2019:23:39:21 -0500] "GET /optportal/services/getCompany_OptionByCompanyAndOptName.json?companyId=3296&name=CATALOG_BATCH_IMAGE_PULL_FROM_URL_CASE HTTP/1.1" 200 1407 "-" "-" "142.93.194.203, 108.162.219.248"
172.31.67.77 - - [06/Mar/2019:23:39:24 -0500] "GET /optportal/services/getCompany_OptionByCompanyAndOptName.json?companyId=3296&name=CATALOG_BATCH_IMAGE_PULL_FROM_URL_CASE HTTP/1.1" 200 1407 "-" "-" "142.93.194.203, 162.158.63.122"
172.31.73.27 - - [06/Mar/2019:23:39:27 -0500] "GET /optportal/services/getCompany_OptionByCompanyAndOptName.json?companyId=3296&name=CATALOG_BATCH_IMAGE_PULL_FROM_URL_CASE HTTP/1.1" 200 1407 "-" "-" "167.99.225.172, 173.245.52.120"
172.31.73.27 - - [06/Mar/2019:23:39:30 -0500] "GET /optportal/services/getCompany_OptionByCompanyAndOptName.json?companyId=3296&name=CATALOG_BATCH_IMAGE_PULL_FROM_URL_CASE HTTP/1.1" 200 1407 "-" "-" "167.99.225.172, 162.158.62.212"
172.31.67.77 - - [06/Mar/2019:23:39:33 -0500] "GET /optportal/services/getCompany_OptionByCompanyAndOptName.json?companyId=3296&name=CATALOG_BATCH_IMAGE_PULL_FROM_URL_CASE HTTP/1.1" 200 1407 "-" "-" "142.93.194.203, 162.158.62.57"
172.31.67.77 - - [06/Mar/2019:23:39:36 -0500] "GET /optportal/services/getCompany_OptionByCompanyAndOptName.json?companyId=3296&name=CATALOG_BATCH_IMAGE_PULL_FROM_URL_CASE HTTP/1.1" 200 1407 "-" "-" "142.93.194.203, 108.162.219.50"
172.31.73.27 - - [06/Mar/2019:23:39:39 -0500] "GET /optportal/services/getCompany_OptionByCompanyAndOptName.json?companyId=3296&name=CATALOG_BATCH_IMAGE_PULL_FROM_URL_CASE HTTP/1.1" 200 1407 "-" "-" "142.93.194.203, 162.158.63.189"
172.31.73.27 - - [06/Mar/2019:23:39:42 -0500] "GET /optportal/services/getCompany_OptionByCompanyAndOptName.json?companyId=3296&name=CATALOG_BATCH_IMAGE_PULL_FROM_URL_CASE HTTP/1.1" 200 1407 "-" "-" "142.93.194.203, 162.158.62.10"
172.31.73.27 - - [06/Mar/2019:23:39:42 -0500] "GET /optportal/login.jsp HTTP/1.1" 200 11560 "-" "ELB-HealthChecker/1.0" "-"
172.31.67.77 - - [06/Mar/2019:23:39:42 -0500] "GET /optportal/login.jsp HTTP/1.1" 200 11560 "-" "ELB-HealthChecker/1.0" "-"
172.31.73.27 - - [06/Mar/2019:23:39:45 -0500] "GET /optportal/services/getCompany_OptionByCompanyAndOptName.json?companyId=3296&name=CATALOG_BATCH_IMAGE_PULL_FROM_URL_CASE HTTP/1.1" 200 1407 "-" "-" "167.99.225.172, 162.158.63.129"
172.31.67.77 - - [06/Mar/2019:23:39:48 -0500] "GET /optportal/services/getCompany_OptionByCompanyAndOptName.json?companyId=3296&name=CATALOG_BATCH_IMAGE_PULL_FROM_URL_CASE HTTP/1.1" 200 1407 "-" "-" "167.99.225.172, 108.162.219.176"
172.31.73.27 - - [06/Mar/2019:23:39:51 -0500] "GET /optportal/services/getCompany_OptionByCompanyAndOptName.json?companyId=3296&name=CATALOG_BATCH_IMAGE_PULL_FROM_URL_CASE HTTP/1.1" 200 1407 "-" "-" "142.93.194.203, 162.158.62.10"
172.31.67.77 - - [06/Mar/2019:23:39:53 -0500] "GET /optportal/services/catalog/getsimilaritems.json?login=chpremier&prodPerPage=12&page=1&multipleCategories=true&base_page_slug=jewelry&parent_cat_id=3630&product_id=692975 HTTP/1.1" 200 38561 "-" "Rendr RestAdapter; Node.js" "2601:643:4302:5966:b1b4:f8ae:e82c:cdc0, ::ffff:172.69.22.176,142.93.117.156, 162.158.62.79"
172.31.73.27 - - [06/Mar/2019:23:39:54 -0500] "GET /optportal/services/getCompany_OptionByCompanyAndOptName.json?companyId=3296&name=CATALOG_BATCH_IMAGE_PULL_FROM_URL_CASE HTTP/1.1" 200 1407 "-" "-" "142.93.194.203, 162.158.63.33"
172.31.67.77 - - [06/Mar/2019:23:39:57 -0500] "GET /optportal/services/getCompany_OptionByCompanyAndOptName.json?companyId=3296&name=CATALOG_BATCH_IMAGE_PULL_FROM_URL_CASE HTTP/1.1" 200 1407 "-" "-" "167.99.225.172, 162.158.62.79"
172.31.73.27 - - [06/Mar/2019:23:40:00 -0500] "GET /optportal/services/getCompany_OptionByCompanyAndOptName.json?companyId=3296&name=CATALOG_BATCH_IMAGE_PULL_FROM_URL_CASE HTTP/1.1" 200 1407 "-" "-" "167.99.225.172, 108.162.219.243"
172.31.67.77 - - [06/Mar/2019:23:40:03 -0500] "GET /optportal/services/catalog/getsimilaritems.json?login=chpremier&prodPerPage=12&page=1&multipleCategories=true&base_page_slug=jewelry&parent_cat_id=3630&product_id=604594 HTTP/1.1" 200 38468 "-" "Rendr RestAdapter; Node.js" "2601:643:4302:5966:b1b4:f8ae:e82c:cdc0, ::ffff:172.69.22.176,142.93.117.156, 108.162.219.56"
172.31.67.77 - - [06/Mar/2019:23:40:03 -0500] "GET /optportal/services/getCompany_OptionByCompanyAndOptName.json?companyId=3296&name=CATALOG_BATCH_IMAGE_PULL_FROM_URL_CASE HTTP/1.1" 200 1407 "-" "-" "142.93.194.203, 162.158.63.242"
172.31.67.77 - - [06/Mar/2019:23:40:03 -0500] "GET /optportal/services/getCompany_OptionByCompanyAndOptName.json?companyId=3296&name=CATALOG_BATCH_IMAGE_PULL_FROM_URL_CASE HTTP/1.1" 200 1407 "-" "-" "167.99.225.172, 162.158.62.79"
172.31.67.77 - - [06/Mar/2019:23:40:06 -0500] "GET /optportal/services/getCompany_OptionByCompanyAndOptName.json?companyId=3296&name=CATALOG_BATCH_IMAGE_PULL_FROM_URL_CASE HTTP/1.1" 200 1407 "-" "-" "142.93.194.203, 108.162.219.182"
172.31.67.77 - - [06/Mar/2019:23:40:09 -0500] "GET /optportal/services/getCompany_OptionByCompanyAndOptName.json?companyId=3296&name=CATALOG_BATCH_IMAGE_PULL_FROM_URL_CASE HTTP/1.1" 200 1407 "-" "-" "142.93.194.203, 162.158.63.182"
172.31.73.27 - - [06/Mar/2019:23:40:12 -0500] "GET /optportal/services/getCompany_OptionByCompanyAndOptName.json?companyId=3296&name=CATALOG_BATCH_IMAGE_PULL_FROM_URL_CASE HTTP/1.1" 200 1407 "-" "-" "167.99.225.172, 162.158.63.33"
172.31.73.27 - - [06/Mar/2019:23:40:12 -0500] "GET /optportal/login.jsp HTTP/1.1" 200 11553 "-" "ELB-HealthChecker/1.0" "-"
172.31.67.77 - - [06/Mar/2019:23:40:12 -0500] "GET /optportal/login.jsp HTTP/1.1" 200 11553 "-" "ELB-HealthChecker/1.0" "-"
172.31.67.77 - - [06/Mar/2019:23:40:15 -0500] "GET /robots.txt HTTP/1.1" 200 1 "-" "Mozilla/5.0 (compatible; YandexBot/3.0; +http://yandex.com/bots)" "100.43.90.123, 172.68.65.4"
172.31.73.27 - - [06/Mar/2019:23:40:15 -0500] "GET /optportal/services/getCompany_OptionByCompanyAndOptName.json?companyId=3296&name=CATALOG_BATCH_IMAGE_PULL_FROM_URL_CASE HTTP/1.1" 200 1407 "-" "-" "142.93.194.203, 108.162.219.213"
172.31.67.77 - - [06/Mar/2019:23:40:18 -0500] "GET / HTTP/1.1" 200 0 "-" "Mozilla/5.0 (compatible; YandexBot/3.0; +http://yandex.com/bots)" "141.8.143.148, 141.101.77.18"
172.31.73.27 - - [06/Mar/2019:23:40:18 -0500] "GET /optportal/services/getCompany_OptionByCompanyAndOptName.json?companyId=3296&name=CATALOG_BATCH_IMAGE_PULL_FROM_URL_CASE HTTP/1.1" 200 1407 "-" "-" "142.93.194.203, 162.158.62.10"
172.31.73.27 - - [06/Mar/2019:23:40:21 -0500] "GET /optportal/services/getCompany_OptionByCompanyAndOptName.json?companyId=3296&name=CATALOG_BATCH_IMAGE_PULL_FROM_URL_CASE HTTP/1.1" 200 1407 "-" "-" "142.93.194.203, 173.245.52.108"
172.31.67.77 - - [06/Mar/2019:23:40:24 -0500] "GET /optportal/services/getCompany_OptionByCompanyAndOptName.json?companyId=3296&name=CATALOG_BATCH_IMAGE_PULL_FROM_URL_CASE HTTP/1.1" 200 1407 "-" "-" "142.93.194.203, 162.158.63.182"
172.31.73.27 - - [06/Mar/2019:23:40:27 -0500] "GET /optportal/services/getCompany_OptionByCompanyAndOptName.json?companyId=3296&name=CATALOG_BATCH_IMAGE_PULL_FROM_URL_CASE HTTP/1.1" 200 1407 "-" "-" "167.99.225.172, 108.162.219.243"
172.31.67.77 - - [06/Mar/2019:23:40:30 -0500] "GET /optportal/services/getCompany_OptionByCompanyAndOptName.json?companyId=3296&name=CATALOG_BATCH_IMAGE_PULL_FROM_URL_CASE HTTP/1.1" 200 1407 "-" "-" "142.93.194.203, 108.162.219.50"
172.31.67.77 - - [06/Mar/2019:23:40:33 -0500] "GET /optportal/services/getCompany_OptionByCompanyAndOptName.json?companyId=3296&name=CATALOG_BATCH_IMAGE_PULL_FROM_URL_CASE HTTP/1.1" 200 1407 "-" "-" "167.99.225.172, 108.162.219.182"
172.31.73.27 - - [06/Mar/2019:23:40:36 -0500] "GET /optportal/services/getCompany_OptionByCompanyAndOptName.json?companyId=3296&name=CATALOG_BATCH_IMAGE_PULL_FROM_URL_CASE HTTP/1.1" 200 1407 "-" "-" "167.99.225.172, 162.158.62.50"
172.31.73.27 - - [06/Mar/2019:23:40:39 -0500] "GET /optportal/services/getCompany_OptionByCompanyAndOptName.json?companyId=3296&name=CATALOG_BATCH_IMAGE_PULL_FROM_URL_CASE HTTP/1.1" 200 1407 "-" "-" "167.99.225.172, 173.245.52.90"
172.31.73.27 - - [06/Mar/2019:23:40:42 -0500] "GET /optportal/services/getCompany_OptionByCompanyAndOptName.json?companyId=3296&name=CATALOG_BATCH_IMAGE_PULL_FROM_URL_CASE HTTP/1.1" 200 1407 "-" "-" "167.99.225.172, 173.245.52.120"
172.31.73.27 - - [06/Mar/2019:23:40:42 -0500] "GET /optportal/login.jsp HTTP/1.1" 200 11560 "-" "ELB-HealthChecker/1.0" "-"
172.31.67.77 - - [06/Mar/2019:23:40:42 -0500] "GET /optportal/login.jsp HTTP/1.1" 200 11560 "-" "ELB-HealthChecker/1.0" "-"
172.31.67.77 - - [06/Mar/2019:23:40:45 -0500] "GET /optportal/services/getCompany_OptionByCompanyAndOptName.json?companyId=3296&name=CATALOG_BATCH_IMAGE_PULL_FROM_URL_CASE HTTP/1.1" 200 1407 "-" "-" "167.99.225.172, 162.158.62.211"
172.31.73.27 - - [06/Mar/2019:23:40:48 -0500] "GET /optportal/services/getCompany_OptionByCompanyAndOptName.json?companyId=3296&name=CATALOG_BATCH_IMAGE_PULL_FROM_URL_CASE HTTP/1.1" 200 1407 "-" "-" "167.99.225.172, 173.245.52.120"
172.31.67.77 - - [06/Mar/2019:23:40:51 -0500] "GET /optportal/services/getCompany_OptionByCompanyAndOptName.json?companyId=3296&name=CATALOG_BATCH_IMAGE_PULL_FROM_URL_CASE HTTP/1.1" 200 1407 "-" "-" "142.93.194.203, 173.245.52.101"
172.31.67.77 - - [06/Mar/2019:23:40:54 -0500] "GET /optportal/services/getCompany_OptionByCompanyAndOptName.json?companyId=3296&name=CATALOG_BATCH_IMAGE_PULL_FROM_URL_CASE HTTP/1.1" 200 1407 "-" "-" "142.93.194.203, 162.158.63.242"
172.31.67.77 - - [06/Mar/2019:23:40:57 -0500] "GET /optportal/services/getCompany_OptionByCompanyAndOptName.json?companyId=3296&name=CATALOG_BATCH_IMAGE_PULL_FROM_URL_CASE HTTP/1.1" 200 1407 "-" "-" "167.99.225.172, 162.158.62.79"
172.31.67.77 - - [06/Mar/2019:23:41:00 -0500] "GET /optportal/services/getCompany_OptionByCompanyAndOptName.json?companyId=3296&name=CATALOG_BATCH_IMAGE_PULL_FROM_URL_CASE HTTP/1.1" 200 1407 "-" "-" "167.99.225.172, 162.158.62.79"
172.31.73.27 - - [06/Mar/2019:23:41:03 -0500] "GET /optportal/services/getCompany_OptionByCompanyAndOptName.json?companyId=3296&name=CATALOG_BATCH_IMAGE_PULL_FROM_URL_CASE HTTP/1.1" 200 1407 "-" "-" "142.93.194.203, 108.162.219.51"
172.31.73.27 - - [06/Mar/2019:23:41:06 -0500] "GET /optportal/services/getCompany_OptionByCompanyAndOptName.json?companyId=3296&name=CATALOG_BATCH_IMAGE_PULL_FROM_URL_CASE HTTP/1.1" 200 1407 "-" "-" "142.93.194.203, 162.158.62.10"
172.31.67.77 - - [06/Mar/2019:23:41:09 -0500] "GET /optportal/services/articles.json?login=royalmauijewelers&company=251&catalog_type=standard&purpose=POS&menuId=30&ssect=399&sect=399&base_page_slug=home HTTP/1.1" 200 3685 "-" "Rendr RestAdapter; Node.js" "142.93.117.156, 162.158.63.98"
172.31.73.27 - - [06/Mar/2019:23:41:09 -0500] "GET /optportal/services/getCompany_OptionByCompanyAndOptName.json?companyId=3296&name=CATALOG_BATCH_IMAGE_PULL_FROM_URL_CASE HTTP/1.1" 200 1407 "-" "-" "142.93.194.203, 108.162.219.213"
172.31.73.27 - - [06/Mar/2019:23:41:12 -0500] "GET /optportal/services/getCompany_OptionByCompanyAndOptName.json?companyId=3296&name=CATALOG_BATCH_IMAGE_PULL_FROM_URL_CASE HTTP/1.1" 200 1407 "-" "-" "142.93.194.203, 162.158.62.206"
172.31.73.27 - - [06/Mar/2019:23:41:12 -0500] "GET /optportal/login.jsp HTTP/1.1" 200 11560 "-" "ELB-HealthChecker/1.0" "-"
172.31.67.77 - - [06/Mar/2019:23:41:12 -0500] "GET /optportal/login.jsp HTTP/1.1" 200 11553 "-" "ELB-HealthChecker/1.0" "-"
